core_cm33.h:2183:22:__NVIC_EnableIRQ	16	static
core_cm33.h:2378:22:__NVIC_SetPriority	16	static
fsl_clock.h:781:20:CLOCK_EnableClock	24	static
fsl_mailbox.h:73:20:MAILBOX_Init	16	static
fsl_mailbox.h:129:24:MAILBOX_GetValue	16	static
fsl_mailbox.h:150:20:MAILBOX_SetValueBits	24	static
fsl_mailbox.h:171:20:MAILBOX_ClearValueBits	24	static
mcmgr_internal_core_api_lpc55s69.c:31:16:mcmgr_early_init_internal	16	static
mcmgr_internal_core_api_lpc55s69.c:45:16:mcmgr_late_init_internal	16	static
mcmgr_internal_core_api_lpc55s69.c:58:16:mcmgr_start_core_internal	24	static
mcmgr_internal_core_api_lpc55s69.c:78:16:mcmgr_get_startup_data_internal	16	static
mcmgr_internal_core_api_lpc55s69.c:100:16:mcmgr_stop_core_internal	24	static
mcmgr_internal_core_api_lpc55s69.c:114:16:mcmgr_get_core_property_internal	24	static
mcmgr_internal_core_api_lpc55s69.c:122:14:mcmgr_get_current_core_internal	4	static
mcmgr_internal_core_api_lpc55s69.c:131:16:mcmgr_trigger_event_internal	24	static
mcmgr_internal_core_api_lpc55s69.c:155:6:MAILBOX_IRQHandler	24	static
mcmgr_internal_core_api_lpc55s69.c:187:6:DefaultISR	16	static
mcmgr_internal_core_api_lpc55s69.c:196:6:HardFault_Handler	8	static
mcmgr_internal_core_api_lpc55s69.c:201:6:NMI_Handler	8	static
mcmgr_internal_core_api_lpc55s69.c:206:6:MemManage_Handler	8	static
mcmgr_internal_core_api_lpc55s69.c:211:6:BusFault_Handler	8	static
mcmgr_internal_core_api_lpc55s69.c:216:6:UsageFault_Handler	8	static
