Archive member included to satisfy reference by file (symbol)

C:\Users\Trevor Heyl\Documents\MCUXpressoIDE_11.0.1_2563\workspace\lpcxpresso55s69_hello_world_cm33_core1\libs\libpower_soft.a(fsl_power_lib.o)
                              ./drivers/fsl_clock.o (POWER_SetVoltageForFreq)
c:/nxp/mcuxpressoide_11.0.1_2563/ide/plugins/com.nxp.mcuxpresso.tools.win32_11.0.1.201907311258/tools/bin/../lib/gcc/arm-none-eabi/8.2.1/../../../../arm-none-eabi/lib/thumb/v8-m.main/nofp\libcr_semihost_nf.a(_cr__main.o)
                              ./startup/startup_lpc55s69_cm33_core1.o (__main)
c:/nxp/mcuxpressoide_11.0.1_2563/ide/plugins/com.nxp.mcuxpresso.tools.win32_11.0.1.201907311258/tools/bin/../lib/gcc/arm-none-eabi/8.2.1/../../../../arm-none-eabi/lib/thumb/v8-m.main/nofp\libcr_semihost_nf.a(_cr_assert.o)
                              ./utilities/fsl_debug_console.o (__assertion_failed)
c:/nxp/mcuxpressoide_11.0.1_2563/ide/plugins/com.nxp.mcuxpresso.tools.win32_11.0.1.201907311258/tools/bin/../lib/gcc/arm-none-eabi/8.2.1/../../../../arm-none-eabi/lib/thumb/v8-m.main/nofp\libcr_semihost_nf.a(__ciob.o)
                              c:/nxp/mcuxpressoide_11.0.1_2563/ide/plugins/com.nxp.mcuxpresso.tools.win32_11.0.1.201907311258/tools/bin/../lib/gcc/arm-none-eabi/8.2.1/../../../../arm-none-eabi/lib/thumb/v8-m.main/nofp\libcr_semihost_nf.a(_cr_assert.o) (__Ciob)
c:/nxp/mcuxpressoide_11.0.1_2563/ide/plugins/com.nxp.mcuxpresso.tools.win32_11.0.1.201907311258/tools/bin/../lib/gcc/arm-none-eabi/8.2.1/../../../../arm-none-eabi/lib/thumb/v8-m.main/nofp\libcr_semihost_nf.a(__sys_appexit.o)
                              c:/nxp/mcuxpressoide_11.0.1_2563/ide/plugins/com.nxp.mcuxpresso.tools.win32_11.0.1.201907311258/tools/bin/../lib/gcc/arm-none-eabi/8.2.1/../../../../arm-none-eabi/lib/thumb/v8-m.main/nofp\libcr_semihost_nf.a(_cr_assert.o) (__sys_appexit)
c:/nxp/mcuxpressoide_11.0.1_2563/ide/plugins/com.nxp.mcuxpresso.tools.win32_11.0.1.201907311258/tools/bin/../lib/gcc/arm-none-eabi/8.2.1/../../../../arm-none-eabi/lib/thumb/v8-m.main/nofp\libcr_c.a(memset.o)
                              ./utilities/fsl_debug_console.o (memset)
c:/nxp/mcuxpressoide_11.0.1_2563/ide/plugins/com.nxp.mcuxpresso.tools.win32_11.0.1.201907311258/tools/bin/../lib/gcc/arm-none-eabi/8.2.1/../../../../arm-none-eabi/lib/thumb/v8-m.main/nofp\libcr_c.a(_deferredlazyseek.o)
                              c:/nxp/mcuxpressoide_11.0.1_2563/ide/plugins/com.nxp.mcuxpresso.tools.win32_11.0.1.201907311258/tools/bin/../lib/gcc/arm-none-eabi/8.2.1/../../../../arm-none-eabi/lib/thumb/v8-m.main/nofp\libcr_semihost_nf.a(_cr_assert.o) (__flsbuf)
c:/nxp/mcuxpressoide_11.0.1_2563/ide/plugins/com.nxp.mcuxpresso.tools.win32_11.0.1.201907311258/tools/bin/../lib/gcc/arm-none-eabi/8.2.1/../../../../arm-none-eabi/lib/thumb/v8-m.main/nofp\libcr_c.a(_fflush.o)
                              c:/nxp/mcuxpressoide_11.0.1_2563/ide/plugins/com.nxp.mcuxpresso.tools.win32_11.0.1.201907311258/tools/bin/../lib/gcc/arm-none-eabi/8.2.1/../../../../arm-none-eabi/lib/thumb/v8-m.main/nofp\libcr_c.a(_deferredlazyseek.o) (_fflush)
c:/nxp/mcuxpressoide_11.0.1_2563/ide/plugins/com.nxp.mcuxpresso.tools.win32_11.0.1.201907311258/tools/bin/../lib/gcc/arm-none-eabi/8.2.1/../../../../arm-none-eabi/lib/thumb/v8-m.main/nofp\libcr_c.a(_writebuf.o)
                              c:/nxp/mcuxpressoide_11.0.1_2563/ide/plugins/com.nxp.mcuxpresso.tools.win32_11.0.1.201907311258/tools/bin/../lib/gcc/arm-none-eabi/8.2.1/../../../../arm-none-eabi/lib/thumb/v8-m.main/nofp\libcr_c.a(_deferredlazyseek.o) (_Cwritebuf)
c:/nxp/mcuxpressoide_11.0.1_2563/ide/plugins/com.nxp.mcuxpresso.tools.win32_11.0.1.201907311258/tools/bin/../lib/gcc/arm-none-eabi/8.2.1/../../../../arm-none-eabi/lib/thumb/v8-m.main/nofp\libcr_c.a(alloc.o)
                              ./drivers/fsl_common.o (malloc)
c:/nxp/mcuxpressoide_11.0.1_2563/ide/plugins/com.nxp.mcuxpresso.tools.win32_11.0.1.201907311258/tools/bin/../lib/gcc/arm-none-eabi/8.2.1/../../../../arm-none-eabi/lib/thumb/v8-m.main/nofp\libcr_c.a(fputs.o)
                              c:/nxp/mcuxpressoide_11.0.1_2563/ide/plugins/com.nxp.mcuxpresso.tools.win32_11.0.1.201907311258/tools/bin/../lib/gcc/arm-none-eabi/8.2.1/../../../../arm-none-eabi/lib/thumb/v8-m.main/nofp\libcr_semihost_nf.a(_cr_assert.o) (fputs)
c:/nxp/mcuxpressoide_11.0.1_2563/ide/plugins/com.nxp.mcuxpresso.tools.win32_11.0.1.201907311258/tools/bin/../lib/gcc/arm-none-eabi/8.2.1/../../../../arm-none-eabi/lib/thumb/v8-m.main/nofp\libcr_c.a(fseek.o)
                              c:/nxp/mcuxpressoide_11.0.1_2563/ide/plugins/com.nxp.mcuxpresso.tools.win32_11.0.1.201907311258/tools/bin/../lib/gcc/arm-none-eabi/8.2.1/../../../../arm-none-eabi/lib/thumb/v8-m.main/nofp\libcr_c.a(_deferredlazyseek.o) (fseek)
c:/nxp/mcuxpressoide_11.0.1_2563/ide/plugins/com.nxp.mcuxpresso.tools.win32_11.0.1.201907311258/tools/bin/../lib/gcc/arm-none-eabi/8.2.1/../../../../arm-none-eabi/lib/thumb/v8-m.main/nofp\libcr_c.a(ftell.o)
[...]
Memory Configuration

Name             Origin             Length             Attributes
Ram1             0x20033000         0x00011000         xrw
rpmsg_sh_mem     0x20031800         0x00001800         xrw
*default*        0x00000000         0xffffffff

Linker script and memory map

LOAD ./utilities/fsl_assert.o
LOAD ./utilities/fsl_debug_console.o
LOAD ./utilities/fsl_str.o
LOAD ./startup/boot_multicore_slave.o
LOAD ./startup/startup_lpc55s69_cm33_core1.o
LOAD ./source/hello_world_core1.o
LOAD ./source/semihost_hardfault.o
LOAD ./mcmgr/mcmgr.o
LOAD ./mcmgr/mcmgr_internal_core_api_lpc55s69.o
LOAD ./drivers/fsl_clock.o
LOAD ./drivers/fsl_common.o
LOAD ./drivers/fsl_flexcomm.o
LOAD ./drivers/fsl_gpio.o
LOAD ./drivers/fsl_power.o
LOAD ./drivers/fsl_reset.o
LOAD ./drivers/fsl_usart.o
LOAD ./device/system_LPC55S69_cm33_core1.o
LOAD ./component/uart/usart_adapter.o
LOAD ./component/serial_manager/serial_manager.o
LOAD ./component/serial_manager/serial_port_uart.o
LOAD ./component/lists/generic_list.o
LOAD ./board/board.o
LOAD ./board/clock_config.o
LOAD ./board/pin_mux.o
LOAD C:\Users\Trevor Heyl\Documents\MCUXpressoIDE_11.0.1_2563\workspace\lpcxpresso55s69_hello_world_cm33_core1\libs\libpower_soft.a
START GROUP
LOAD c:/nxp/mcuxpressoide_11.0.1_2563/ide/plugins/com.nxp.mcuxpresso.tools.win32_11.0.1.201907311258/tools/bin/../lib/gcc/arm-none-eabi/8.2.1/../../../../arm-none-eabi/lib/thumb/v8-m.main/nofp\libcr_semihost_nf.a
LOAD c:/nxp/mcuxpressoide_11.0.1_2563/ide/plugins/com.nxp.mcuxpresso.tools.win32_11.0.1.201907311258/tools/bin/../lib/gcc/arm-none-eabi/8.2.1/../../../../arm-none-eabi/lib/thumb/v8-m.main/nofp\libcr_c.a
LOAD c:/nxp/mcuxpressoide_11.0.1_2563/ide/plugins/com.nxp.mcuxpresso.tools.win32_11.0.1.201907311258/tools/bin/../lib/gcc/arm-none-eabi/8.2.1/thumb/v8-m.main/nofp\libcr_eabihelpers.a
LOAD c:/nxp/mcuxpressoide_11.0.1_2563/ide/plugins/com.nxp.mcuxpresso.tools.win32_11.0.1.201907311258/tools/bin/../lib/gcc/arm-none-eabi/8.2.1/thumb/v8-m.main/nofp\libgcc.a
END GROUP
                0x20033000                __base_Ram1 = 0x20033000
                0x20033000                __base_RAM = 0x20033000
                0x20044000                __top_Ram1 = 0x20044000
                0x20044000                __top_RAM = 0x20044000
                0x20031800                __base_rpmsg_sh_mem = 0x20031800
                0x20031800                __base_RAM2 = 0x20031800
                0x20033000                __top_rpmsg_sh_mem = 0x20033000
                0x20033000                __top_RAM2 = 0x20033000

.text           0x20033000     0x1ad4
 FILL mask 0xff
                0x20033000                __vectors_start__ = ABSOLUTE (.)
 *(SORT_BY_ALIGNMENT(.isr_vector))
 .isr_vector    0x20033000      0x130 ./startup/startup_lpc55s69_cm33_core1.o
                0x20033000                g_pfnVectors
                0x20033000                __Vectors
                0x20033130                . = ALIGN (0x4)
                0x20033130                __section_table_start = .
                0x20033130                __data_section_table = .
                0x20033130        0x4 LONG 0x20034ad4 LOADADDR (.data)
                0x20033134        0x4 LONG 0x20034ad4 ADDR (.data)
                0x20033138        0x4 LONG 0x0 SIZEOF (.data)
                0x2003313c        0x4 LONG 0x20034ad4 LOADADDR (.data_RAM2)
                0x20033140        0x4 LONG 0x20031800 ADDR (.data_RAM2)
                0x20033144        0x4 LONG 0x0 SIZEOF (.data_RAM2)
                0x20033148                __data_section_table_end = .
                0x20033148                __bss_section_table = .
                0x20033148        0x4 LONG 0x20034ad4 ADDR (.bss)
                0x2003314c        0x4 LONG 0x158 SIZEOF (.bss)
                0x20033150        0x4 LONG 0x20031800 ADDR (.bss_RAM2)
                0x20033154        0x4 LONG 0x0 SIZEOF (.bss_RAM2)
                0x20033158                __bss_section_table_end = .
                0x20033158                __section_table_end = .
 *(SORT_BY_ALIGNMENT(.after_vectors*))
 .after_vectors.reset
                0x20033158       0x4c ./startup/startup_lpc55s69_cm33_core1.o
                0x20033158                ResetISR
 .after_vectors.init_data
                0x200331a4       0x1c ./startup/startup_lpc55s69_cm33_core1.o
                0x200331a4                data_init
 .after_vectors.init_bss
                0x200331c0       0x12 ./startup/startup_lpc55s69_cm33_core1.o
                0x200331c0                bss_init
 .after_vectors
                0x200331d2       0x16 ./startup/startup_lpc55s69_cm33_core1.o
                0x200331dc                SecureFault_Handler
                0x200331de                SVC_Handler
                0x200331e0                DebugMon_Handler
                0x200331e2                PendSV_Handler
                0x200331e4                SysTick_Handler
                0x200331e6                Reserved42_DriverIRQHandler
                0x200331e6                SEC_VIO_DriverIRQHandler
                0x200331e6                PIN_INT3_DriverIRQHandler
                0x200331e6                PIN_INT2_DriverIRQHandler
                0x200331e6                Reserved56_DriverIRQHandler
                0x200331e6                PIN_INT0_DriverIRQHandler
                0x200331e6                CTIMER2_DriverIRQHandler
                0x200331e6                IntDefaultHandler
                0x200331e6                USB0_DriverIRQHandler
                0x200331e6                CASER_DriverIRQHandler
                0x200331e6                MRT0_DriverIRQHandler
                0x200331e6                UTICK0_DriverIRQHandler
                0x200331e6                Reserved41_DriverIRQHandler
                0x200331e6                PIN_INT4_DriverIRQHandler
                0x200331e6                PIN_INT5_DriverIRQHandler
                0x200331e6                DMA0_DriverIRQHandler
                0x200331e6                CTIMER4_DriverIRQHandler
                0x200331e6                GINT1_DriverIRQHandler
                0x200331e6                PIN_INT7_DriverIRQHandler
                0x200331e6                Reserved55_DriverIRQHandler
                0x200331e6                HASHCRYPT_DriverIRQHandler
                0x200331e6                USB0_NEEDCLK_DriverIRQHandler
                0x200331e6                CTIMER0_DriverIRQHandler
                0x200331e6                CTIMER1_DriverIRQHandler
                0x200331e6                Reserved39_DriverIRQHandler
                0x200331e6                PIN_INT6_DriverIRQHandler
                0x200331e6                PQ_DriverIRQHandler
                0x200331e6                MAILBOX_DriverIRQHandler
                0x200331e6                PIN_INT1_DriverIRQHandler
                0x200331e6                CTIMER3_DriverIRQHandler
                0x200331e6                Reserved61_DriverIRQHandler
                0x200331e6                SEC_GPIO_INT0_IRQ1_DriverIRQHandler
                0x200331e6                PUF_DriverIRQHandler
                0x200331e6                RTC_DriverIRQHandler
                0x200331e6                SEC_GPIO_INT0_IRQ0_DriverIRQHandler
                0x200331e6                USB1_DriverIRQHandler
                0x200331e6                Reserved60_DriverIRQHandler
                0x200331e6                DMA1_DriverIRQHandler
                0x200331e6                ADC0_DriverIRQHandler
                0x200331e6                USB1_NEEDCLK_DriverIRQHandler
                0x200331e6                Reserved59_DriverIRQHandler
                0x200331e6                SDIO_DriverIRQHandler
                0x200331e6                GINT0_DriverIRQHandler
                0x200331e6                ACMP_DriverIRQHandler
                0x200331e6                Reserved57_DriverIRQHandler
                0x200331e6                Reserved46_DriverIRQHandler
                0x200331e6                USB1_UTMI_DriverIRQHandler
                0x200331e6                WDT_BOD_DriverIRQHandler
                0x200331e6                SCT0_DriverIRQHandler
                0x200331e6                PLU_DriverIRQHandler
                0x200331e6                OS_EVENT_DriverIRQHandler
                0x200331e6                SEC_HYPERVISOR_CALL_DriverIRQHandler
 *(SORT_BY_ALIGNMENT(.text*))
 .text.delay    0x200331e8       0x30 ./source/hello_world_core1.o
                0x200331e8                delay
 .text.main     0x20033218       0x6c ./source/hello_world_core1.o
                0x20033218                main
 .text.MCMGR_RegisterEvent
                0x20033284       0x48 ./mcmgr/mcmgr.o
                0x20033284                MCMGR_RegisterEvent
 .text.MCMGR_TriggerEventCommon
                0x200332cc       0x54 ./mcmgr/mcmgr.o
 .text.MCMGR_EarlyInit
                0x20033320       0x34 ./mcmgr/mcmgr.o
                0x20033320                MCMGR_EarlyInit
 .text.MCMGR_Init
                0x20033354       0x6c ./mcmgr/mcmgr.o
                0x20033354                MCMGR_Init
 .text.MCMGR_GetStartupData
                0x200333c0       0x5c ./mcmgr/mcmgr.o
                0x200333c0                MCMGR_GetStartupData
 .text.__NVIC_EnableIRQ
                0x2003341c       0x38 ./mcmgr/mcmgr_internal_core_api_lpc55s69.o
 .text.__NVIC_SetPriority
                0x20033454       0x54 ./mcmgr/mcmgr_internal_core_api_lpc55s69.o
 .text.MAILBOX_GetValue
                0x200334a8       0x34 ./mcmgr/mcmgr_internal_core_api_lpc55s69.o
 .text.MAILBOX_SetValueBits
                0x200334dc       0x3c ./mcmgr/mcmgr_internal_core_api_lpc55s69.o
 .text.MAILBOX_ClearValueBits
                0x20033518       0x3c ./mcmgr/mcmgr_internal_core_api_lpc55s69.o
 .text.mcmgr_early_init_internal
                0x20033554       0x34 ./mcmgr/mcmgr_internal_core_api_lpc55s69.o
                0x20033554                mcmgr_early_init_internal
 .text.mcmgr_get_startup_data_internal
                0x20033588       0x50 ./mcmgr/mcmgr_internal_core_api_lpc55s69.o
                0x20033588                mcmgr_get_startup_data_internal
 .text.mcmgr_trigger_event_internal
                0x200335d8       0x48 ./mcmgr/mcmgr_internal_core_api_lpc55s69.o
                0x200335d8                mcmgr_trigger_event_internal
 .text.MAILBOX_IRQHandler
                0x20033620       0x74 ./mcmgr/mcmgr_internal_core_api_lpc55s69.o
                0x20033620                MAILBOX_IRQHandler
 .text.FLEXCOMM0_DriverIRQHandler
                0x20033694       0x38 ./drivers/fsl_flexcomm.o
                0x20033694                FLEXCOMM0_DriverIRQHandler
 .text.FLEXCOMM1_DriverIRQHandler
                0x200336cc       0x38 ./drivers/fsl_flexcomm.o
                0x200336cc                FLEXCOMM1_DriverIRQHandler
 .text.FLEXCOMM2_DriverIRQHandler
                0x20033704       0x38 ./drivers/fsl_flexcomm.o
                0x20033704                FLEXCOMM2_DriverIRQHandler
 .text.FLEXCOMM3_DriverIRQHandler
                0x2003373c       0x38 ./drivers/fsl_flexcomm.o
                0x2003373c                FLEXCOMM3_DriverIRQHandler
 .text.FLEXCOMM4_DriverIRQHandler
                0x20033774       0x38 ./drivers/fsl_flexcomm.o
                0x20033774                FLEXCOMM4_DriverIRQHandler
 .text.FLEXCOMM5_DriverIRQHandler
                0x200337ac       0x38 ./drivers/fsl_flexcomm.o
                0x200337ac                FLEXCOMM5_DriverIRQHandler
 .text.FLEXCOMM6_DriverIRQHandler
                0x200337e4       0x38 ./drivers/fsl_flexcomm.o
                0x200337e4                FLEXCOMM6_DriverIRQHandler
 .text.FLEXCOMM7_DriverIRQHandler
                0x2003381c       0x38 ./drivers/fsl_flexcomm.o
                0x2003381c                FLEXCOMM7_DriverIRQHandler
 .text.FLEXCOMM8_DriverIRQHandler
                0x20033854       0x38 ./drivers/fsl_flexcomm.o
                0x20033854                FLEXCOMM8_DriverIRQHandler
 .text.RESET_SetPeripheralReset
                0x2003388c       0x5c ./drivers/fsl_reset.o
                0x2003388c                RESET_SetPeripheralReset
 .text.RESET_ClearPeripheralReset
                0x200338e8       0x5c ./drivers/fsl_reset.o
                0x200338e8                RESET_ClearPeripheralReset
 .text.SystemInit
                0x20033944       0x54 ./device/system_LPC55S69_cm33_core1.o
                0x20033944                SystemInit
 .text.__assertion_failed
                0x20033998       0x4c c:/nxp/mcuxpressoide_11.0.1_2563/ide/plugins/com.nxp.mcuxpresso.tools.win32_11.0.1.201907311258/tools/bin/../lib/gcc/arm-none-eabi/8.2.1/../../../../arm-none-eabi/lib/thumb/v8-m.main/nofp\libcr_semihost_nf.a(_cr_assert.o)
                0x20033998                __assertion_failed
 .text.__sys_appexit
                0x200339e4        0xc c:/nxp/mcuxpressoide_11.0.1_2563/ide/plugins/com.nxp.mcuxpresso.tools.win32_11.0.1.201907311258/tools/bin/../lib/gcc/arm-none-eabi/8.2.1/../../../../arm-none-eabi/lib/thumb/v8-m.main/nofp\libcr_semihost_nf.a(__sys_appexit.o)
                0x200339e4                __sys_appexit
                0x200339e4                __exit
 .text._Cwritebuf
                0x200339f0       0x6c c:/nxp/mcuxpressoide_11.0.1_2563/ide/plugins/com.nxp.mcuxpresso.tools.win32_11.0.1.201907311258/tools/bin/../lib/gcc/arm-none-eabi/8.2.1/../../../../arm-none-eabi/lib/thumb/v8-m.main/nofp\libcr_c.a(_writebuf.o)
                0x200339f0                _Cwritebuf
 .text.malloc   0x20033a5c       0xc8 c:/nxp/mcuxpressoide_11.0.1_2563/ide/plugins/com.nxp.mcuxpresso.tools.win32_11.0.1.201907311258/tools/bin/../lib/gcc/arm-none-eabi/8.2.1/../../../../arm-none-eabi/lib/thumb/v8-m.main/nofp\libcr_c.a(alloc.o)
                0x20033a5c                malloc
 .text._Csys_alloc
                0x20033b24       0x20 c:/nxp/mcuxpressoide_11.0.1_2563/ide/plugins/com.nxp.mcuxpresso.tools.win32_11.0.1.201907311258/tools/bin/../lib/gcc/arm-none-eabi/8.2.1/../../../../arm-none-eabi/lib/thumb/v8-m.main/nofp\libcr_c.a(alloc.o)
                0x20033b24                _Csys_alloc
 .text.fseek    0x20033b44      0x100 c:/nxp/mcuxpressoide_11.0.1_2563/ide/plugins/com.nxp.mcuxpresso.tools.win32_11.0.1.201907311258/tools/bin/../lib/gcc/arm-none-eabi/8.2.1/../../../../arm-none-eabi/lib/thumb/v8-m.main/nofp\libcr_c.a(fseek.o)
                0x20033b44                fseek
 .text.ftell    0x20033c44       0x48 c:/nxp/mcuxpressoide_11.0.1_2563/ide/plugins/com.nxp.mcuxpresso.tools.win32_11.0.1.201907311258/tools/bin/../lib/gcc/arm-none-eabi/8.2.1/../../../../arm-none-eabi/lib/thumb/v8-m.main/nofp\libcr_c.a(ftell.o)
                0x20033c44                ftell
 .text._initio  0x20033c8c       0x78 c:/nxp/mcuxpressoide_11.0.1_2563/ide/plugins/com.nxp.mcuxpresso.tools.win32_11.0.1.201907311258/tools/bin/../lib/gcc/arm-none-eabi/8.2.1/../../../../arm-none-eabi/lib/thumb/v8-m.main/nofp\libcr_c.a(initio.o)
                0x20033c8c                _initio
 .text.setvbuf  0x20033d04       0x40 c:/nxp/mcuxpressoide_11.0.1_2563/ide/plugins/com.nxp.mcuxpresso.tools.win32_11.0.1.201907311258/tools/bin/../lib/gcc/arm-none-eabi/8.2.1/../../../../arm-none-eabi/lib/thumb/v8-m.main/nofp\libcr_c.a(setvbuf.o)
                0x20033d04                setvbuf
 .text._sbrk    0x20033d44       0x3c c:/nxp/mcuxpressoide_11.0.1_2563/ide/plugins/com.nxp.mcuxpresso.tools.win32_11.0.1.201907311258/tools/bin/../lib/gcc/arm-none-eabi/8.2.1/../../../../arm-none-eabi/lib/thumb/v8-m.main/nofp\libcr_c.a(_cr_sbrk.o)
                0x20033d44                _sbrk
 .text.fflush   0x20033d80       0x44 c:/nxp/mcuxpressoide_11.0.1_2563/ide/plugins/com.nxp.mcuxpresso.tools.win32_11.0.1.201907311258/tools/bin/../lib/gcc/arm-none-eabi/8.2.1/../../../../arm-none-eabi/lib/thumb/v8-m.main/nofp\libcr_c.a(fflush.o)
                0x20033d80                fflush
 .text.__check_heap_overflow
                0x20033dc4       0x18 c:/nxp/mcuxpressoide_11.0.1_2563/ide/plugins/com.nxp.mcuxpresso.tools.win32_11.0.1.201907311258/tools/bin/../lib/gcc/arm-none-eabi/8.2.1/../../../../arm-none-eabi/lib/thumb/v8-m.main/nofp\libcr_c.a(_cr_check_heap.o)
                0x20033dc4                __check_heap_overflow
 .text.WDT_BOD_IRQHandler
                0x20033ddc        0x8 ./startup/startup_lpc55s69_cm33_core1.o
                0x20033ddc                WDT_BOD_IRQHandler
 .text.DMA0_IRQHandler
                0x20033de4        0x8 ./startup/startup_lpc55s69_cm33_core1.o
                0x20033de4                DMA0_IRQHandler
 .text.GINT0_IRQHandler
                0x20033dec        0x8 ./startup/startup_lpc55s69_cm33_core1.o
                0x20033dec                GINT0_IRQHandler
 .text.GINT1_IRQHandler
                0x20033df4        0x8 ./startup/startup_lpc55s69_cm33_core1.o
                0x20033df4                GINT1_IRQHandler
 .text.PIN_INT0_IRQHandler
                0x20033dfc        0x8 ./startup/startup_lpc55s69_cm33_core1.o
                0x20033dfc                PIN_INT0_IRQHandler
 .text.PIN_INT1_IRQHandler
                0x20033e04        0x8 ./startup/startup_lpc55s69_cm33_core1.o
                0x20033e04                PIN_INT1_IRQHandler
 .text.PIN_INT2_IRQHandler
                0x20033e0c        0x8 ./startup/startup_lpc55s69_cm33_core1.o
                0x20033e0c                PIN_INT2_IRQHandler
 .text.PIN_INT3_IRQHandler
                0x20033e14        0x8 ./startup/startup_lpc55s69_cm33_core1.o
                0x20033e14                PIN_INT3_IRQHandler
 .text.UTICK0_IRQHandler
                0x20033e1c        0x8 ./startup/startup_lpc55s69_cm33_core1.o
                0x20033e1c                UTICK0_IRQHandler
 .text.MRT0_IRQHandler
                0x20033e24        0x8 ./startup/startup_lpc55s69_cm33_core1.o
                0x20033e24                MRT0_IRQHandler
 .text.CTIMER0_IRQHandler
                0x20033e2c        0x8 ./startup/startup_lpc55s69_cm33_core1.o
                0x20033e2c                CTIMER0_IRQHandler
 .text.CTIMER1_IRQHandler
                0x20033e34        0x8 ./startup/startup_lpc55s69_cm33_core1.o
                0x20033e34                CTIMER1_IRQHandler
 .text.SCT0_IRQHandler
                0x20033e3c        0x8 ./startup/startup_lpc55s69_cm33_core1.o
                0x20033e3c                SCT0_IRQHandler
 .text.CTIMER3_IRQHandler
                0x20033e44        0x8 ./startup/startup_lpc55s69_cm33_core1.o
                0x20033e44                CTIMER3_IRQHandler
 .text.FLEXCOMM0_IRQHandler
                0x20033e4c        0x8 ./startup/startup_lpc55s69_cm33_core1.o
                0x20033e4c                FLEXCOMM0_IRQHandler
 .text.FLEXCOMM1_IRQHandler
                0x20033e54        0x8 ./startup/startup_lpc55s69_cm33_core1.o
                0x20033e54                FLEXCOMM1_IRQHandler
 .text.FLEXCOMM2_IRQHandler
                0x20033e5c        0x8 ./startup/startup_lpc55s69_cm33_core1.o
                0x20033e5c                FLEXCOMM2_IRQHandler
 .text.FLEXCOMM3_IRQHandler
                0x20033e64        0x8 ./startup/startup_lpc55s69_cm33_core1.o
                0x20033e64                FLEXCOMM3_IRQHandler
 .text.FLEXCOMM4_IRQHandler
                0x20033e6c        0x8 ./startup/startup_lpc55s69_cm33_core1.o
                0x20033e6c                FLEXCOMM4_IRQHandler
 .text.FLEXCOMM5_IRQHandler
                0x20033e74        0x8 ./startup/startup_lpc55s69_cm33_core1.o
                0x20033e74                FLEXCOMM5_IRQHandler
 .text.FLEXCOMM6_IRQHandler
                0x20033e7c        0x8 ./startup/startup_lpc55s69_cm33_core1.o
                0x20033e7c                FLEXCOMM6_IRQHandler
 .text.FLEXCOMM7_IRQHandler
                0x20033e84        0x8 ./startup/startup_lpc55s69_cm33_core1.o
                0x20033e84                FLEXCOMM7_IRQHandler
 .text.ADC0_IRQHandler
                0x20033e8c        0x8 ./startup/startup_lpc55s69_cm33_core1.o
                0x20033e8c                ADC0_IRQHandler
 .text.Reserved39_IRQHandler
                0x20033e94        0x8 ./startup/startup_lpc55s69_cm33_core1.o
                0x20033e94                Reserved39_IRQHandler
 .text.ACMP_IRQHandler
                0x20033e9c        0x8 ./startup/startup_lpc55s69_cm33_core1.o
                0x20033e9c                ACMP_IRQHandler
 .text.Reserved41_IRQHandler
                0x20033ea4        0x8 ./startup/startup_lpc55s69_cm33_core1.o
                0x20033ea4                Reserved41_IRQHandler
 .text.Reserved42_IRQHandler
                0x20033eac        0x8 ./startup/startup_lpc55s69_cm33_core1.o
                0x20033eac                Reserved42_IRQHandler
 .text.USB0_NEEDCLK_IRQHandler
                0x20033eb4        0x8 ./startup/startup_lpc55s69_cm33_core1.o
                0x20033eb4                USB0_NEEDCLK_IRQHandler
 .text.USB0_IRQHandler
                0x20033ebc        0x8 ./startup/startup_lpc55s69_cm33_core1.o
                0x20033ebc                USB0_IRQHandler
 .text.RTC_IRQHandler
                0x20033ec4        0x8 ./startup/startup_lpc55s69_cm33_core1.o
                0x20033ec4                RTC_IRQHandler
 .text.Reserved46_IRQHandler
                0x20033ecc        0x8 ./startup/startup_lpc55s69_cm33_core1.o
                0x20033ecc                Reserved46_IRQHandler
 .text.PIN_INT4_IRQHandler
                0x20033ed4        0x8 ./startup/startup_lpc55s69_cm33_core1.o
                0x20033ed4                PIN_INT4_IRQHandler
 .text.PIN_INT5_IRQHandler
                0x20033edc        0x8 ./startup/startup_lpc55s69_cm33_core1.o
                0x20033edc                PIN_INT5_IRQHandler
 .text.PIN_INT6_IRQHandler
                0x20033ee4        0x8 ./startup/startup_lpc55s69_cm33_core1.o
                0x20033ee4                PIN_INT6_IRQHandler
 .text.PIN_INT7_IRQHandler
                0x20033eec        0x8 ./startup/startup_lpc55s69_cm33_core1.o
                0x20033eec                PIN_INT7_IRQHandler
 .text.CTIMER2_IRQHandler
                0x20033ef4        0x8 ./startup/startup_lpc55s69_cm33_core1.o
                0x20033ef4                CTIMER2_IRQHandler
 .text.CTIMER4_IRQHandler
                0x20033efc        0x8 ./startup/startup_lpc55s69_cm33_core1.o
                0x20033efc                CTIMER4_IRQHandler
 .text.OS_EVENT_IRQHandler
                0x20033f04        0x8 ./startup/startup_lpc55s69_cm33_core1.o
                0x20033f04                OS_EVENT_IRQHandler
 .text.Reserved55_IRQHandler
                0x20033f0c        0x8 ./startup/startup_lpc55s69_cm33_core1.o
                0x20033f0c                Reserved55_IRQHandler
 .text.Reserved56_IRQHandler
                0x20033f14        0x8 ./startup/startup_lpc55s69_cm33_core1.o
                0x20033f14                Reserved56_IRQHandler
 .text.Reserved57_IRQHandler
                0x20033f1c        0x8 ./startup/startup_lpc55s69_cm33_core1.o
                0x20033f1c                Reserved57_IRQHandler
 .text.SDIO_IRQHandler
                0x20033f24        0x8 ./startup/startup_lpc55s69_cm33_core1.o
                0x20033f24                SDIO_IRQHandler
 .text.Reserved59_IRQHandler
                0x20033f2c        0x8 ./startup/startup_lpc55s69_cm33_core1.o
                0x20033f2c                Reserved59_IRQHandler
 .text.Reserved60_IRQHandler
                0x20033f34        0x8 ./startup/startup_lpc55s69_cm33_core1.o
                0x20033f34                Reserved60_IRQHandler
 .text.Reserved61_IRQHandler
                0x20033f3c        0x8 ./startup/startup_lpc55s69_cm33_core1.o
                0x20033f3c                Reserved61_IRQHandler
 .text.USB1_UTMI_IRQHandler
                0x20033f44        0x8 ./startup/startup_lpc55s69_cm33_core1.o
                0x20033f44                USB1_UTMI_IRQHandler
 .text.USB1_IRQHandler
                0x20033f4c        0x8 ./startup/startup_lpc55s69_cm33_core1.o
                0x20033f4c                USB1_IRQHandler
 .text.USB1_NEEDCLK_IRQHandler
                0x20033f54        0x8 ./startup/startup_lpc55s69_cm33_core1.o
                0x20033f54                USB1_NEEDCLK_IRQHandler
 .text.SEC_HYPERVISOR_CALL_IRQHandler
                0x20033f5c        0x8 ./startup/startup_lpc55s69_cm33_core1.o
                0x20033f5c                SEC_HYPERVISOR_CALL_IRQHandler
 .text.SEC_GPIO_INT0_IRQ0_IRQHandler
                0x20033f64        0x8 ./startup/startup_lpc55s69_cm33_core1.o
                0x20033f64                SEC_GPIO_INT0_IRQ0_IRQHandler
 .text.SEC_GPIO_INT0_IRQ1_IRQHandler
                0x20033f6c        0x8 ./startup/startup_lpc55s69_cm33_core1.o
                0x20033f6c                SEC_GPIO_INT0_IRQ1_IRQHandler
 .text.PLU_IRQHandler
                0x20033f74        0x8 ./startup/startup_lpc55s69_cm33_core1.o
                0x20033f74                PLU_IRQHandler
 .text.SEC_VIO_IRQHandler
                0x20033f7c        0x8 ./startup/startup_lpc55s69_cm33_core1.o
                0x20033f7c                SEC_VIO_IRQHandler
 .text.HASHCRYPT_IRQHandler
                0x20033f84        0x8 ./startup/startup_lpc55s69_cm33_core1.o
                0x20033f84                HASHCRYPT_IRQHandler
 .text.CASER_IRQHandler
                0x20033f8c        0x8 ./startup/startup_lpc55s69_cm33_core1.o
                0x20033f8c                CASER_IRQHandler
 .text.PUF_IRQHandler
                0x20033f94        0x8 ./startup/startup_lpc55s69_cm33_core1.o
                0x20033f94                PUF_IRQHandler
 .text.PQ_IRQHandler
                0x20033f9c        0x8 ./startup/startup_lpc55s69_cm33_core1.o
                0x20033f9c                PQ_IRQHandler
 .text.DMA1_IRQHandler
                0x20033fa4        0x8 ./startup/startup_lpc55s69_cm33_core1.o
                0x20033fa4                DMA1_IRQHandler
 .text.FLEXCOMM8_IRQHandler
                0x20033fac        0x8 ./startup/startup_lpc55s69_cm33_core1.o
                0x20033fac                FLEXCOMM8_IRQHandler
 .text.CLOCK_EnableClock
                0x20033fb4       0x2e ./source/hello_world_core1.o
 .text.GPIO_PortToggle
                0x20033fe2       0x24 ./source/hello_world_core1.o
 .text.SystemInitHook
                0x20034006        0xc ./source/hello_world_core1.o
                0x20034006                SystemInitHook
 .text.MCMGR_TriggerEvent
                0x20034012       0x26 ./mcmgr/mcmgr.o
                0x20034012                MCMGR_TriggerEvent
 .text.MCMGR_StartupDataEventHandler
                0x20034038       0x5a ./mcmgr/mcmgr.o
 .text.MCMGR_FeedStartupDataEventHandler
                0x20034092       0x66 ./mcmgr/mcmgr.o
 .text.MCMGR_GetCurrentCore
                0x200340f8        0xe ./mcmgr/mcmgr.o
                0x200340f8                MCMGR_GetCurrentCore
 .text.CLOCK_EnableClock
                0x20034106       0x2e ./mcmgr/mcmgr_internal_core_api_lpc55s69.o
 .text.MAILBOX_Init
                0x20034134       0x1c ./mcmgr/mcmgr_internal_core_api_lpc55s69.o
 .text.mcmgr_late_init_internal
                0x20034150       0x22 ./mcmgr/mcmgr_internal_core_api_lpc55s69.o
                0x20034150                mcmgr_late_init_internal
 .text.mcmgr_get_current_core_internal
                0x20034172        0xe ./mcmgr/mcmgr_internal_core_api_lpc55s69.o
                0x20034172                mcmgr_get_current_core_internal
 .text.DefaultISR
                0x20034180       0x1e ./mcmgr/mcmgr_internal_core_api_lpc55s69.o
                0x20034180                DefaultISR
 .text.HardFault_Handler
                0x2003419e        0xc ./mcmgr/mcmgr_internal_core_api_lpc55s69.o
                0x2003419e                HardFault_Handler
 .text.NMI_Handler
                0x200341aa        0xc ./mcmgr/mcmgr_internal_core_api_lpc55s69.o
                0x200341aa                NMI_Handler
 .text.MemManage_Handler
                0x200341b6        0xc ./mcmgr/mcmgr_internal_core_api_lpc55s69.o
                0x200341b6                MemManage_Handler
 .text.BusFault_Handler
                0x200341c2        0xc ./mcmgr/mcmgr_internal_core_api_lpc55s69.o
                0x200341c2                BusFault_Handler
 .text.UsageFault_Handler
                0x200341ce        0xc ./mcmgr/mcmgr_internal_core_api_lpc55s69.o
                0x200341ce                UsageFault_Handler
 .text.GPIO_PinInit
                0x200341da       0x9e ./drivers/fsl_gpio.o
                0x200341da                GPIO_PinInit
 .text.RESET_PeripheralReset
                0x20034278       0x1c ./drivers/fsl_reset.o
                0x20034278                RESET_PeripheralReset
 .text.BOARD_InitPins_Core1
                0x20034294        0xc ./board/pin_mux.o
                0x20034294                BOARD_InitPins_Core1
 .text.__main   0x200342a0        0xe c:/nxp/mcuxpressoide_11.0.1_2563/ide/plugins/com.nxp.mcuxpresso.tools.win32_11.0.1.201907311258/tools/bin/../lib/gcc/arm-none-eabi/8.2.1/../../../../arm-none-eabi/lib/thumb/v8-m.main/nofp\libcr_semihost_nf.a(_cr__main.o)
                0x200342a0                __CR_SEMIHOST
                0x200342a0                __main
 .text.memset   0x200342ae        0x4 c:/nxp/mcuxpressoide_11.0.1_2563/ide/plugins/com.nxp.mcuxpresso.tools.win32_11.0.1.201907311258/tools/bin/../lib/gcc/arm-none-eabi/8.2.1/../../../../arm-none-eabi/lib/thumb/v8-m.main/nofp\libcr_c.a(memset.o)
                0x200342ae                memset
 .text._deferredlazyseek
                0x200342b2       0x40 c:/nxp/mcuxpressoide_11.0.1_2563/ide/plugins/com.nxp.mcuxpresso.tools.win32_11.0.1.201907311258/tools/bin/../lib/gcc/arm-none-eabi/8.2.1/../../../../arm-none-eabi/lib/thumb/v8-m.main/nofp\libcr_c.a(_deferredlazyseek.o)
                0x200342b2                _deferredlazyseek
 .text.__flsbuf
                0x200342f2      0x140 c:/nxp/mcuxpressoide_11.0.1_2563/ide/plugins/com.nxp.mcuxpresso.tools.win32_11.0.1.201907311258/tools/bin/../lib/gcc/arm-none-eabi/8.2.1/../../../../arm-none-eabi/lib/thumb/v8-m.main/nofp\libcr_c.a(_deferredlazyseek.o)
                0x200342f2                __flsbuf
 .text._fflush  0x20034432       0x52 c:/nxp/mcuxpressoide_11.0.1_2563/ide/plugins/com.nxp.mcuxpresso.tools.win32_11.0.1.201907311258/tools/bin/../lib/gcc/arm-none-eabi/8.2.1/../../../../arm-none-eabi/lib/thumb/v8-m.main/nofp\libcr_c.a(_fflush.o)
                0x20034432                _fflush
 .text.free     0x20034484       0x30 c:/nxp/mcuxpressoide_11.0.1_2563/ide/plugins/com.nxp.mcuxpresso.tools.win32_11.0.1.201907311258/tools/bin/../lib/gcc/arm-none-eabi/8.2.1/../../../../arm-none-eabi/lib/thumb/v8-m.main/nofp\libcr_c.a(alloc.o)
                0x20034484                free
 .text.fputs    0x200344b4       0x2c c:/nxp/mcuxpressoide_11.0.1_2563/ide/plugins/com.nxp.mcuxpresso.tools.win32_11.0.1.201907311258/tools/bin/../lib/gcc/arm-none-eabi/8.2.1/../../../../arm-none-eabi/lib/thumb/v8-m.main/nofp\libcr_c.a(fputs.o)
                0x200344b4                fputs
 .text.strlen   0x200344e0       0x4c c:/nxp/mcuxpressoide_11.0.1_2563/ide/plugins/com.nxp.mcuxpresso.tools.win32_11.0.1.201907311258/tools/bin/../lib/gcc/arm-none-eabi/8.2.1/../../../../arm-none-eabi/lib/thumb/v8-m.main/nofp\libcr_c.a(strlen.o)
                0x200344e0                strlen
 .text._fdopen  0x2003452c       0x68 c:/nxp/mcuxpressoide_11.0.1_2563/ide/plugins/com.nxp.mcuxpresso.tools.win32_11.0.1.201907311258/tools/bin/../lib/gcc/arm-none-eabi/8.2.1/../../../../arm-none-eabi/lib/thumb/v8-m.main/nofp\libcr_c.a(_fdopen.o)
                0x2003452c                _fdopen
 .text.fclose   0x20034594       0x58 c:/nxp/mcuxpressoide_11.0.1_2563/ide/plugins/com.nxp.mcuxpresso.tools.win32_11.0.1.201907311258/tools/bin/../lib/gcc/arm-none-eabi/8.2.1/../../../../arm-none-eabi/lib/thumb/v8-m.main/nofp\libcr_c.a(fclose.o)
                0x20034594                fclose
 .text.remove   0x200345ec       0x14 c:/nxp/mcuxpressoide_11.0.1_2563/ide/plugins/com.nxp.mcuxpresso.tools.win32_11.0.1.201907311258/tools/bin/../lib/gcc/arm-none-eabi/8.2.1/../../../../arm-none-eabi/lib/thumb/v8-m.main/nofp\libcr_c.a(remove.o)
                0x200345ec                remove
 .text._do_fflush
                0x20034600       0x40 c:/nxp/mcuxpressoide_11.0.1_2563/ide/plugins/com.nxp.mcuxpresso.tools.win32_11.0.1.201907311258/tools/bin/../lib/gcc/arm-none-eabi/8.2.1/../../../../arm-none-eabi/lib/thumb/v8-m.main/nofp\libcr_c.a(_do_fflush.o)
                0x20034600                _do_fflush
 .text.__aeabi_memset_lowlevel
                0x20034640       0x32 c:/nxp/mcuxpressoide_11.0.1_2563/ide/plugins/com.nxp.mcuxpresso.tools.win32_11.0.1.201907311258/tools/bin/../lib/gcc/arm-none-eabi/8.2.1/thumb/v8-m.main/nofp\libcr_eabihelpers.a(memcpy.o)
                0x20034640                __aeabi_lowlevel_memset
 .text.__sys_close
                0x20034672        0xc c:/nxp/mcuxpressoide_11.0.1_2563/ide/plugins/com.nxp.mcuxpresso.tools.win32_11.0.1.201907311258/tools/bin/../lib/gcc/arm-none-eabi/8.2.1/../../../../arm-none-eabi/lib/thumb/v8-m.main/nofp\libcr_semihost_nf.a(__sys_close.o)
                0x20034672                __sys_close
 .text.__sys_flen
                0x2003467e        0xc c:/nxp/mcuxpressoide_11.0.1_2563/ide/plugins/com.nxp.mcuxpresso.tools.win32_11.0.1.201907311258/tools/bin/../lib/gcc/arm-none-eabi/8.2.1/../../../../arm-none-eabi/lib/thumb/v8-m.main/nofp\libcr_semihost_nf.a(__sys_flen.o)
                0x2003467e                __sys_flen
 .text.__sys_istty
                0x2003468a        0xc c:/nxp/mcuxpressoide_11.0.1_2563/ide/plugins/com.nxp.mcuxpresso.tools.win32_11.0.1.201907311258/tools/bin/../lib/gcc/arm-none-eabi/8.2.1/../../../../arm-none-eabi/lib/thumb/v8-m.main/nofp\libcr_semihost_nf.a(__sys_istty.o)
                0x2003468a                __sys_istty
 .text.__sys_remove
                0x20034696        0xc c:/nxp/mcuxpressoide_11.0.1_2563/ide/plugins/com.nxp.mcuxpresso.tools.win32_11.0.1.201907311258/tools/bin/../lib/gcc/arm-none-eabi/8.2.1/../../../../arm-none-eabi/lib/thumb/v8-m.main/nofp\libcr_semihost_nf.a(__sys_remove.o)
                0x20034696                __sys_remove
 .text.__sys_seek
                0x200346a2        0xc c:/nxp/mcuxpressoide_11.0.1_2563/ide/plugins/com.nxp.mcuxpresso.tools.win32_11.0.1.201907311258/tools/bin/../lib/gcc/arm-none-eabi/8.2.1/../../../../arm-none-eabi/lib/thumb/v8-m.main/nofp\libcr_semihost_nf.a(__sys_seek.o)
                0x200346a2                __sys_seek
 .text.__sys_tmpnam
                0x200346ae        0xc c:/nxp/mcuxpressoide_11.0.1_2563/ide/plugins/com.nxp.mcuxpresso.tools.win32_11.0.1.201907311258/tools/bin/../lib/gcc/arm-none-eabi/8.2.1/../../../../arm-none-eabi/lib/thumb/v8-m.main/nofp\libcr_semihost_nf.a(__sys_tmpnam.o)
                0x200346ae                __sys_tmpnam
 .text.__sys_write
                0x200346ba        0xc c:/nxp/mcuxpressoide_11.0.1_2563/ide/plugins/com.nxp.mcuxpresso.tools.win32_11.0.1.201907311258/tools/bin/../lib/gcc/arm-none-eabi/8.2.1/../../../../arm-none-eabi/lib/thumb/v8-m.main/nofp\libcr_semihost_nf.a(__sys_write.o)
                0x200346ba                __sys_write
 *(SORT_BY_ALIGNMENT(.rodata) SORT_BY_ALIGNMENT(.rodata.*) SORT_BY_ALIGNMENT(.constdata) SORT_BY_ALIGNMENT(.constdata.*))
 *fill*         0x200346c6        0x2 ff
 .rodata        0x200346c8      0x13e ./mcmgr/mcmgr_internal_core_api_lpc55s69.o
 *fill*         0x20034806        0x2 ff
 .rodata.s_mcmgrCores
                0x20034808       0x10 ./mcmgr/mcmgr_internal_core_api_lpc55s69.o
 .rodata.g_mcmgrSystem
                0x20034818        0xc ./mcmgr/mcmgr_internal_core_api_lpc55s69.o
                0x20034818                g_mcmgrSystem
 .rodata        0x20034824      0x220 ./drivers/fsl_flexcomm.o
 .rodata        0x20034a44       0x55 ./drivers/fsl_reset.o
 *fill*         0x20034a99        0x3 ff
 .rodata.__num_Ciob_streams
                0x20034a9c        0x4 c:/nxp/mcuxpressoide_11.0.1_2563/ide/plugins/com.nxp.mcuxpresso.tools.win32_11.0.1.201907311258/tools/bin/../lib/gcc/arm-none-eabi/8.2.1/../../../../arm-none-eabi/lib/thumb/v8-m.main/nofp\libcr_semihost_nf.a(__ciob.o)
                0x20034a9c                __num_Ciob_streams
 .rodata.__assertion_failed.str1.1
                0x20034aa0       0x15 c:/nxp/mcuxpressoide_11.0.1_2563/ide/plugins/com.nxp.mcuxpresso.tools.win32_11.0.1.201907311258/tools/bin/../lib/gcc/arm-none-eabi/8.2.1/../../../../arm-none-eabi/lib/thumb/v8-m.main/nofp\libcr_semihost_nf.a(_cr_assert.o)
 .rodata._Csys_alloc.str1.1
                0x20034ab5       0x18 c:/nxp/mcuxpressoide_11.0.1_2563/ide/plugins/com.nxp.mcuxpresso.tools.win32_11.0.1.201907311258/tools/bin/../lib/gcc/arm-none-eabi/8.2.1/../../../../arm-none-eabi/lib/thumb/v8-m.main/nofp\libcr_c.a(alloc.o)
 .rodata._initio.str1.1
                0x20034acd        0x4 c:/nxp/mcuxpressoide_11.0.1_2563/ide/plugins/com.nxp.mcuxpresso.tools.win32_11.0.1.201907311258/tools/bin/../lib/gcc/arm-none-eabi/8.2.1/../../../../arm-none-eabi/lib/thumb/v8-m.main/nofp\libcr_c.a(initio.o)
                0x20034ad4                . = ALIGN (0x4)
 *fill*         0x20034ad1        0x3 ff

.glue_7         0x20034ad4        0x0
 .glue_7        0x20034ad4        0x0 linker stubs

.glue_7t        0x20034ad4        0x0
 .glue_7t       0x20034ad4        0x0 linker stubs

.vfp11_veneer   0x20034ad4        0x0
 .vfp11_veneer  0x20034ad4        0x0 linker stubs

.v4_bx          0x20034ad4        0x0
 .v4_bx         0x20034ad4        0x0 linker stubs

.iplt           0x20034ad4        0x0
 .iplt          0x20034ad4        0x0 ./startup/startup_lpc55s69_cm33_core1.o

.rel.dyn        0x20034ad4        0x0
 .rel.iplt      0x20034ad4        0x0 ./startup/startup_lpc55s69_cm33_core1.o

.ARM.extab
 *(SORT_BY_ALIGNMENT(.ARM.extab*) SORT_BY_ALIGNMENT(.gnu.linkonce.armextab.*))
                0x20034ad4                __exidx_start = .

.ARM.exidx
 *(SORT_BY_ALIGNMENT(.ARM.exidx*) SORT_BY_ALIGNMENT(.gnu.linkonce.armexidx.*))
                0x20034ad4                __exidx_end = .
                0x20034ad4                _etext = .

.data_RAM2      0x20031800        0x0 load address 0x20034ad4
 FILL mask 0xff
                [!provide]                PROVIDE (__start_data_RAM2 = .)
 *(SORT_BY_ALIGNMENT(.ramfunc.$RAM2))
 *(SORT_BY_ALIGNMENT(.ramfunc.$rpmsg_sh_mem))
 *(SORT_BY_ALIGNMENT(.data.$RAM2))
 *(SORT_BY_ALIGNMENT(.data.$rpmsg_sh_mem))
 *(SORT_BY_ALIGNMENT(.data.$RAM2.*))
 *(SORT_BY_ALIGNMENT(.data.$rpmsg_sh_mem.*))
                0x20031800                . = ALIGN (0x4)
                [!provide]                PROVIDE (__end_data_RAM2 = .)

.uninit_RESERVED
                0x20034ad4        0x0
                0x20034ad4                . = ALIGN (0x4)
 *(SORT_BY_ALIGNMENT(.bss.$RESERVED*))
                0x20034ad4                . = ALIGN (0x4)
                0x20034ad4                _end_uninit_RESERVED = .

.data           0x20034ad4        0x0
 FILL mask 0xff
                0x20034ad4                _data = .
 *(SORT_BY_ALIGNMENT(vtable))
 *(SORT_BY_ALIGNMENT(.ramfunc*))
 *(SORT_BY_ALIGNMENT(CodeQuickAccess))
 *(SORT_BY_ALIGNMENT(DataQuickAccess))
 *(SORT_BY_ALIGNMENT(RamFunction))
 *(SORT_BY_ALIGNMENT(.data*))
                0x20034ad4                . = ALIGN (0x4)
                0x20034ad4                _edata = .

.igot.plt       0x20034ad4        0x0
 .igot.plt      0x20034ad4        0x0 ./startup/startup_lpc55s69_cm33_core1.o

.bss_RAM2       0x20031800        0x0
                0x20031800                . = ALIGN (0x4)
                [!provide]                PROVIDE (__start_bss_RAM2 = .)
 *(SORT_BY_ALIGNMENT(.bss.$RAM2))
 *(SORT_BY_ALIGNMENT(.bss.$rpmsg_sh_mem))
 *(SORT_BY_ALIGNMENT(.bss.$RAM2.*))
 *(SORT_BY_ALIGNMENT(.bss.$rpmsg_sh_mem.*))
                0x20031800                . = ALIGN ((. != 0x0)?0x4:0x1)
                [!provide]                PROVIDE (__end_bss_RAM2 = .)

.bss            0x20034ad4      0x158
                0x20034ad4                . = ALIGN (0x4)
                0x20034ad4                _bss = .
 *(SORT_BY_ALIGNMENT(.bss*))
 .bss.MCMGR_eventTable
                0x20034ad4       0x40 ./mcmgr/mcmgr.o
                0x20034ad4                MCMGR_eventTable
 .bss.s_mcmgrCoresContext
                0x20034b14       0x10 ./mcmgr/mcmgr_internal_core_api_lpc55s69.o
                0x20034b14                s_mcmgrCoresContext
 .bss.s_flexcommIrqHandler
                0x20034b24       0x24 ./drivers/fsl_flexcomm.o
 .bss.s_flexcommHandle
                0x20034b48       0x24 ./drivers/fsl_flexcomm.o
 .bss.__Ciob    0x20034b6c       0xb4 c:/nxp/mcuxpressoide_11.0.1_2563/ide/plugins/com.nxp.mcuxpresso.tools.win32_11.0.1.201907311258/tools/bin/../lib/gcc/arm-none-eabi/8.2.1/../../../../arm-none-eabi/lib/thumb/v8-m.main/nofp\libcr_semihost_nf.a(__ciob.o)
                0x20034b6c                __Ciob
 .bss.__end_of_heap
                0x20034c20        0x4 c:/nxp/mcuxpressoide_11.0.1_2563/ide/plugins/com.nxp.mcuxpresso.tools.win32_11.0.1.201907311258/tools/bin/../lib/gcc/arm-none-eabi/8.2.1/../../../../arm-none-eabi/lib/thumb/v8-m.main/nofp\libcr_c.a(__init_alloc.o)
                0x20034c20                __end_of_heap
 .bss.__heaps   0x20034c24        0x4 c:/nxp/mcuxpressoide_11.0.1_2563/ide/plugins/com.nxp.mcuxpresso.tools.win32_11.0.1.201907311258/tools/bin/../lib/gcc/arm-none-eabi/8.2.1/../../../../arm-none-eabi/lib/thumb/v8-m.main/nofp\libcr_c.a(__init_alloc.o)
                0x20034c24                __heaps
 .bss.errno     0x20034c28        0x4 c:/nxp/mcuxpressoide_11.0.1_2563/ide/plugins/com.nxp.mcuxpresso.tools.win32_11.0.1.201907311258/tools/bin/../lib/gcc/arm-none-eabi/8.2.1/../../../../arm-none-eabi/lib/thumb/v8-m.main/nofp\libcr_c.a(errno.o)
                0x20034c28                errno
 *(SORT_BY_ALIGNMENT(COMMON))
                0x20034c2c                . = ALIGN (0x4)
                0x20034c2c                _ebss = .
                [!provide]                PROVIDE (end = .)

.noinit_RAM2    0x20031800        0x0
                0x20031800                . = ALIGN (0x4)
 *(SORT_BY_ALIGNMENT(.noinit.$RAM2))
 *(SORT_BY_ALIGNMENT(.noinit.$rpmsg_sh_mem))
 *(SORT_BY_ALIGNMENT(.noinit.$RAM2.*))
 *(SORT_BY_ALIGNMENT(.noinit.$rpmsg_sh_mem.*))
                0x20031800                . = ALIGN (0x4)

.noinit         0x20034c2c        0x0
                0x20034c2c                . = ALIGN (0x4)
                0x20034c2c                _noinit = .
 *(SORT_BY_ALIGNMENT(.noinit*))
                0x20034c2c                . = ALIGN (0x4)
                0x20034c2c                _end_noinit = .
                0x00001000                _HeapSize = 0x1000

.heap           0x20034c2c     0x1000
                0x20034c2c                _pvHeapStart = .
                0x20035c2c                . = (. + _HeapSize)
 *fill*         0x20034c2c     0x1000 
                0x20035c2c                . = ALIGN (0x4)
                0x20035c2c                _pvHeapLimit = .
                0x00001000                _StackSize = 0x1000

.heap2stackfill
                0x20035c2c     0x1000
                0x20036c2c                . = (. + _StackSize)
 *fill*         0x20035c2c     0x1000 

.stack          0x20043000        0x0
                0x20043000                _vStackBase = .
                0x20043000                . = ALIGN (0x4)
                0x20044000                _vStackTop = (. + _StackSize)
                0x20033000                _image_start = LOADADDR (.text)
                0x20034ad4                _image_end = (LOADADDR (.data) + SIZEOF (.data))
                0x00001ad4                _image_size = (_image_end - _image_start)
OUTPUT(lpcxpresso55s69_hello_world_cm33_core1.axf elf32-littlearm)

.debug_info     0x00000000     0xa5e6
 .debug_info    0x00000000      0x6fb ./startup/startup_lpc55s69_cm33_core1.o
 .debug_info    0x000006fb     0x13f8 ./source/hello_world_core1.o
 .debug_info    0x00001af3      0x851 ./mcmgr/mcmgr.o
 .debug_info    0x00002344     0x24a0 ./mcmgr/mcmgr_internal_core_api_lpc55s69.o
 .debug_info    0x000047e4     0x1be8 ./drivers/fsl_flexcomm.o
 .debug_info    0x000063cc     0x1966 ./drivers/fsl_gpio.o
 .debug_info    0x00007d32     0x10cb ./drivers/fsl_reset.o
 .debug_info    0x00008dfd     0x16e0 ./device/system_LPC55S69_cm33_core1.o
 .debug_info    0x0000a4dd      0x109 ./board/pin_mux.o

.debug_abbrev   0x00000000     0x125d
 .debug_abbrev  0x00000000      0x15a ./startup/startup_lpc55s69_cm33_core1.o
 .debug_abbrev  0x0000015a      0x271 ./source/hello_world_core1.o
 .debug_abbrev  0x000003cb      0x1e1 ./mcmgr/mcmgr.o
 .debug_abbrev  0x000005ac      0x346 ./mcmgr/mcmgr_internal_core_api_lpc55s69.o
 .debug_abbrev  0x000008f2      0x2c1 ./drivers/fsl_flexcomm.o
 .debug_abbrev  0x00000bb3      0x244 ./drivers/fsl_gpio.o
 .debug_abbrev  0x00000df7      0x195 ./drivers/fsl_reset.o
 .debug_abbrev  0x00000f8c      0x216 ./device/system_LPC55S69_cm33_core1.o
 .debug_abbrev  0x000011a2       0xbb ./board/pin_mux.o

.debug_aranges  0x00000000      0x5a0
 .debug_aranges
                0x00000000      0x268 ./startup/startup_lpc55s69_cm33_core1.o
 .debug_aranges
                0x00000268       0x40 ./source/hello_world_core1.o
 .debug_aranges
                0x000002a8       0x90 ./mcmgr/mcmgr.o
 .debug_aranges
                0x00000338       0xc8 ./mcmgr/mcmgr_internal_core_api_lpc55s69.o
 .debug_aranges
                0x00000400       0x90 ./drivers/fsl_flexcomm.o
 .debug_aranges
                0x00000490       0x30 ./drivers/fsl_gpio.o
 .debug_aranges
                0x000004c0       0x30 ./drivers/fsl_reset.o
 .debug_aranges
                0x000004f0       0x88 ./device/system_LPC55S69_cm33_core1.o
 .debug_aranges
                0x00000578       0x28 ./board/pin_mux.o

.debug_ranges   0x00000000      0x510
 .debug_ranges  0x00000000      0x258 ./startup/startup_lpc55s69_cm33_core1.o
 .debug_ranges  0x00000258       0x30 ./source/hello_world_core1.o
 .debug_ranges  0x00000288       0x80 ./mcmgr/mcmgr.o
 .debug_ranges  0x00000308       0xb8 ./mcmgr/mcmgr_internal_core_api_lpc55s69.o
 .debug_ranges  0x000003c0       0x80 ./drivers/fsl_flexcomm.o
 .debug_ranges  0x00000440       0x20 ./drivers/fsl_gpio.o
 .debug_ranges  0x00000460       0x20 ./drivers/fsl_reset.o
 .debug_ranges  0x00000480       0x78 ./device/system_LPC55S69_cm33_core1.o
 .debug_ranges  0x000004f8       0x18 ./board/pin_mux.o

.debug_macro    0x00000000      0xca2
 .debug_macro   0x00000000       0x29 ./startup/startup_lpc55s69_cm33_core1.o
 .debug_macro   0x00000029      0x15b ./source/hello_world_core1.o
 .debug_macro   0x00000184       0x22 ./source/hello_world_core1.o
 .debug_macro   0x000001a6       0x10 ./source/hello_world_core1.o
 .debug_macro   0x000001b6       0xf6 ./source/hello_world_core1.o
 .debug_macro   0x000002ac      0x255 ./source/hello_world_core1.o
 .debug_macro   0x00000501       0x6c ./mcmgr/mcmgr.o
 .debug_macro   0x0000056d       0xd8 ./mcmgr/mcmgr.o
 .debug_macro   0x00000645      0x13c ./mcmgr/mcmgr_internal_core_api_lpc55s69.o
 .debug_macro   0x00000781       0x10 ./mcmgr/mcmgr_internal_core_api_lpc55s69.o
 .debug_macro   0x00000791      0x116 ./drivers/fsl_flexcomm.o
 .debug_macro   0x000008a7       0x10 ./drivers/fsl_flexcomm.o
 .debug_macro   0x000008b7      0x11d ./drivers/fsl_gpio.o
 .debug_macro   0x000009d4      0x10d ./drivers/fsl_reset.o
 .debug_macro   0x00000ae1       0xb0 ./device/system_LPC55S69_cm33_core1.o
 .debug_macro   0x00000b91      0x111 ./board/pin_mux.o

.debug_line     0x00000000     0x2a62
 .debug_line    0x00000000      0x6ab ./startup/startup_lpc55s69_cm33_core1.o
 .debug_line    0x000006ab      0x3fc ./source/hello_world_core1.o
 .debug_line    0x00000aa7      0x42a ./mcmgr/mcmgr.o
 .debug_line    0x00000ed1      0x66a ./mcmgr/mcmgr_internal_core_api_lpc55s69.o
 .debug_line    0x0000153b      0x567 ./drivers/fsl_flexcomm.o
 .debug_line    0x00001aa2      0x334 ./drivers/fsl_gpio.o
 .debug_line    0x00001dd6      0x33d ./drivers/fsl_reset.o
 .debug_line    0x00002113      0x67f ./device/system_LPC55S69_cm33_core1.o
 .debug_line    0x00002792      0x2d0 ./board/pin_mux.o

.debug_str      0x00000000    0xc6493
 .debug_str     0x00000000     0x35ab ./startup/startup_lpc55s69_cm33_core1.o
                               0x3610 (size before relaxing)
 .debug_str     0x000035ab    0xc0543 ./source/hello_world_core1.o
                              0xc34e2 (size before relaxing)
 .debug_str     0x000c3aee      0x943 ./mcmgr/mcmgr.o
                               0x5095 (size before relaxing)
 .debug_str     0x000c4431     0x1751 ./mcmgr/mcmgr_internal_core_api_lpc55s69.o
                              0xc3760 (size before relaxing)
 .debug_str     0x000c5b82      0x3e6 ./drivers/fsl_flexcomm.o
                              0xc319f (size before relaxing)
 .debug_str     0x000c5f68       0x7b ./drivers/fsl_gpio.o
                              0xc2b45 (size before relaxing)
 .debug_str     0x000c5fe3       0xae ./drivers/fsl_reset.o
                              0xc1b14 (size before relaxing)
 .debug_str     0x000c6091      0x3c7 ./device/system_LPC55S69_cm33_core1.o
                              0xbf9e9 (size before relaxing)
 .debug_str     0x000c6458       0x3b ./board/pin_mux.o
                              0xc0c28 (size before relaxing)

.comment        0x00000000       0x75
 .comment       0x00000000       0x75 ./startup/startup_lpc55s69_cm33_core1.o
                                 0x76 (size before relaxing)
 .comment       0x00000075       0x76 ./source/hello_world_core1.o
 .comment       0x00000075       0x76 ./mcmgr/mcmgr.o
 .comment       0x00000075       0x76 ./mcmgr/mcmgr_internal_core_api_lpc55s69.o
 .comment       0x00000075       0x76 ./drivers/fsl_flexcomm.o
 .comment       0x00000075       0x76 ./drivers/fsl_gpio.o
 .comment       0x00000075       0x76 ./drivers/fsl_reset.o
 .comment       0x00000075       0x76 ./device/system_LPC55S69_cm33_core1.o
 .comment       0x00000075       0x76 ./board/pin_mux.o
 .comment       0x00000075       0x76 c:/nxp/mcuxpressoide_11.0.1_2563/ide/plugins/com.nxp.mcuxpresso.tools.win32_11.0.1.201907311258/tools/bin/../lib/gcc/arm-none-eabi/8.2.1/../../../../arm-none-eabi/lib/thumb/v8-m.main/nofp\libcr_semihost_nf.a(_cr__main.o)
 .comment       0x00000075       0x76 c:/nxp/mcuxpressoide_11.0.1_2563/ide/plugins/com.nxp.mcuxpresso.tools.win32_11.0.1.201907311258/tools/bin/../lib/gcc/arm-none-eabi/8.2.1/../../../../arm-none-eabi/lib/thumb/v8-m.main/nofp\libcr_semihost_nf.a(_cr_assert.o)
 .comment       0x00000075       0x76 c:/nxp/mcuxpressoide_11.0.1_2563/ide/plugins/com.nxp.mcuxpresso.tools.win32_11.0.1.201907311258/tools/bin/../lib/gcc/arm-none-eabi/8.2.1/../../../../arm-none-eabi/lib/thumb/v8-m.main/nofp\libcr_semihost_nf.a(__ciob.o)
 .comment       0x00000075       0x76 c:/nxp/mcuxpressoide_11.0.1_2563/ide/plugins/com.nxp.mcuxpresso.tools.win32_11.0.1.201907311258/tools/bin/../lib/gcc/arm-none-eabi/8.2.1/../../../../arm-none-eabi/lib/thumb/v8-m.main/nofp\libcr_c.a(memset.o)
 .comment       0x00000075       0x76 c:/nxp/mcuxpressoide_11.0.1_2563/ide/plugins/com.nxp.mcuxpresso.tools.win32_11.0.1.201907311258/tools/bin/../lib/gcc/arm-none-eabi/8.2.1/../../../../arm-none-eabi/lib/thumb/v8-m.main/nofp\libcr_c.a(_deferredlazyseek.o)
 .comment       0x00000075       0x76 c:/nxp/mcuxpressoide_11.0.1_2563/ide/plugins/com.nxp.mcuxpresso.tools.win32_11.0.1.201907311258/tools/bin/../lib/gcc/arm-none-eabi/8.2.1/../../../../arm-none-eabi/lib/thumb/v8-m.main/nofp\libcr_c.a(_fflush.o)
 .comment       0x00000075       0x76 c:/nxp/mcuxpressoide_11.0.1_2563/ide/plugins/com.nxp.mcuxpresso.tools.win32_11.0.1.201907311258/tools/bin/../lib/gcc/arm-none-eabi/8.2.1/../../../../arm-none-eabi/lib/thumb/v8-m.main/nofp\libcr_c.a(_writebuf.o)
 .comment       0x00000075       0x76 c:/nxp/mcuxpressoide_11.0.1_2563/ide/plugins/com.nxp.mcuxpresso.tools.win32_11.0.1.201907311258/tools/bin/../lib/gcc/arm-none-eabi/8.2.1/../../../../arm-none-eabi/lib/thumb/v8-m.main/nofp\libcr_c.a(alloc.o)
 .comment       0x00000075       0x76 c:/nxp/mcuxpressoide_11.0.1_2563/ide/plugins/com.nxp.mcuxpresso.tools.win32_11.0.1.201907311258/tools/bin/../lib/gcc/arm-none-eabi/8.2.1/../../../../arm-none-eabi/lib/thumb/v8-m.main/nofp\libcr_c.a(fputs.o)
 .comment       0x00000075       0x76 c:/nxp/mcuxpressoide_11.0.1_2563/ide/plugins/com.nxp.mcuxpresso.tools.win32_11.0.1.201907311258/tools/bin/../lib/gcc/arm-none-eabi/8.2.1/../../../../arm-none-eabi/lib/thumb/v8-m.main/nofp\libcr_c.a(fseek.o)
 .comment       0x00000075       0x76 c:/nxp/mcuxpressoide_11.0.1_2563/ide/plugins/com.nxp.mcuxpresso.tools.win32_11.0.1.201907311258/tools/bin/../lib/gcc/arm-none-eabi/8.2.1/../../../../arm-none-eabi/lib/thumb/v8-m.main/nofp\libcr_c.a(ftell.o)
 .comment       0x00000075       0x76 c:/nxp/mcuxpressoide_11.0.1_2563/ide/plugins/com.nxp.mcuxpresso.tools.win32_11.0.1.201907311258/tools/bin/../lib/gcc/arm-none-eabi/8.2.1/../../../../arm-none-eabi/lib/thumb/v8-m.main/nofp\libcr_c.a(initio.o)
 .comment       0x00000075       0x76 c:/nxp/mcuxpressoide_11.0.1_2563/ide/plugins/com.nxp.mcuxpresso.tools.win32_11.0.1.201907311258/tools/bin/../lib/gcc/arm-none-eabi/8.2.1/../../../../arm-none-eabi/lib/thumb/v8-m.main/nofp\libcr_c.a(setvbuf.o)
 .comment       0x00000075       0x76 c:/nxp/mcuxpressoide_11.0.1_2563/ide/plugins/com.nxp.mcuxpresso.tools.win32_11.0.1.201907311258/tools/bin/../lib/gcc/arm-none-eabi/8.2.1/../../../../arm-none-eabi/lib/thumb/v8-m.main/nofp\libcr_c.a(strlen.o)
 .comment       0x00000075       0x76 c:/nxp/mcuxpressoide_11.0.1_2563/ide/plugins/com.nxp.mcuxpresso.tools.win32_11.0.1.201907311258/tools/bin/../lib/gcc/arm-none-eabi/8.2.1/../../../../arm-none-eabi/lib/thumb/v8-m.main/nofp\libcr_c.a(__init_alloc.o)
 .comment       0x00000075       0x76 c:/nxp/mcuxpressoide_11.0.1_2563/ide/plugins/com.nxp.mcuxpresso.tools.win32_11.0.1.201907311258/tools/bin/../lib/gcc/arm-none-eabi/8.2.1/../../../../arm-none-eabi/lib/thumb/v8-m.main/nofp\libcr_c.a(_cr_sbrk.o)
 .comment       0x00000075       0x76 c:/nxp/mcuxpressoide_11.0.1_2563/ide/plugins/com.nxp.mcuxpresso.tools.win32_11.0.1.201907311258/tools/bin/../lib/gcc/arm-none-eabi/8.2.1/../../../../arm-none-eabi/lib/thumb/v8-m.main/nofp\libcr_c.a(_fdopen.o)
 .comment       0x00000075       0x76 c:/nxp/mcuxpressoide_11.0.1_2563/ide/plugins/com.nxp.mcuxpresso.tools.win32_11.0.1.201907311258/tools/bin/../lib/gcc/arm-none-eabi/8.2.1/../../../../arm-none-eabi/lib/thumb/v8-m.main/nofp\libcr_c.a(errno.o)
 .comment       0x00000075       0x76 c:/nxp/mcuxpressoide_11.0.1_2563/ide/plugins/com.nxp.mcuxpresso.tools.win32_11.0.1.201907311258/tools/bin/../lib/gcc/arm-none-eabi/8.2.1/../../../../arm-none-eabi/lib/thumb/v8-m.main/nofp\libcr_c.a(fclose.o)
 .comment       0x00000075       0x76 c:/nxp/mcuxpressoide_11.0.1_2563/ide/plugins/com.nxp.mcuxpresso.tools.win32_11.0.1.201907311258/tools/bin/../lib/gcc/arm-none-eabi/8.2.1/../../../../arm-none-eabi/lib/thumb/v8-m.main/nofp\libcr_c.a(fflush.o)
 .comment       0x00000075       0x76 c:/nxp/mcuxpressoide_11.0.1_2563/ide/plugins/com.nxp.mcuxpresso.tools.win32_11.0.1.201907311258/tools/bin/../lib/gcc/arm-none-eabi/8.2.1/../../../../arm-none-eabi/lib/thumb/v8-m.main/nofp\libcr_c.a(remove.o)
 .comment       0x00000075       0x76 c:/nxp/mcuxpressoide_11.0.1_2563/ide/plugins/com.nxp.mcuxpresso.tools.win32_11.0.1.201907311258/tools/bin/../lib/gcc/arm-none-eabi/8.2.1/../../../../arm-none-eabi/lib/thumb/v8-m.main/nofp\libcr_c.a(_cr_check_heap.o)
 .comment       0x00000075       0x76 c:/nxp/mcuxpressoide_11.0.1_2563/ide/plugins/com.nxp.mcuxpresso.tools.win32_11.0.1.201907311258/tools/bin/../lib/gcc/arm-none-eabi/8.2.1/../../../../arm-none-eabi/lib/thumb/v8-m.main/nofp\libcr_c.a(_do_fflush.o)

.ARM.attributes
                0x00000000       0x32
 .ARM.attributes
                0x00000000       0x32 ./startup/startup_lpc55s69_cm33_core1.o
 .ARM.attributes
                0x00000032       0x32 ./source/hello_world_core1.o
 .ARM.attributes
                0x00000064       0x32 ./mcmgr/mcmgr.o
 .ARM.attributes
                0x00000096       0x32 ./mcmgr/mcmgr_internal_core_api_lpc55s69.o
 .ARM.attributes
                0x000000c8       0x32 ./drivers/fsl_flexcomm.o
 .ARM.attributes
                0x000000fa       0x32 ./drivers/fsl_gpio.o
 .ARM.attributes
                0x0000012c       0x32 ./drivers/fsl_reset.o
 .ARM.attributes
                0x0000015e       0x32 ./device/system_LPC55S69_cm33_core1.o
 .ARM.attributes
                0x00000190       0x32 ./board/pin_mux.o
 .ARM.attributes
                0x000001c2       0x34 c:/nxp/mcuxpressoide_11.0.1_2563/ide/plugins/com.nxp.mcuxpresso.tools.win32_11.0.1.201907311258/tools/bin/../lib/gcc/arm-none-eabi/8.2.1/../../../../arm-none-eabi/lib/thumb/v8-m.main/nofp\libcr_semihost_nf.a(_cr__main.o)
 .ARM.attributes
                0x000001f6       0x34 c:/nxp/mcuxpressoide_11.0.1_2563/ide/plugins/com.nxp.mcuxpresso.tools.win32_11.0.1.201907311258/tools/bin/../lib/gcc/arm-none-eabi/8.2.1/../../../../arm-none-eabi/lib/thumb/v8-m.main/nofp\libcr_semihost_nf.a(_cr_assert.o)
 .ARM.attributes
                0x0000022a       0x36 c:/nxp/mcuxpressoide_11.0.1_2563/ide/plugins/com.nxp.mcuxpresso.tools.win32_11.0.1.201907311258/tools/bin/../lib/gcc/arm-none-eabi/8.2.1/../../../../arm-none-eabi/lib/thumb/v8-m.main/nofp\libcr_semihost_nf.a(__ciob.o)
 .ARM.attributes
                0x00000260       0x22 c:/nxp/mcuxpressoide_11.0.1_2563/ide/plugins/com.nxp.mcuxpresso.tools.win32_11.0.1.201907311258/tools/bin/../lib/gcc/arm-none-eabi/8.2.1/../../../../arm-none-eabi/lib/thumb/v8-m.main/nofp\libcr_semihost_nf.a(__sys_appexit.o)
 .ARM.attributes
                0x00000282       0x34 c:/nxp/mcuxpressoide_11.0.1_2563/ide/plugins/com.nxp.mcuxpresso.tools.win32_11.0.1.201907311258/tools/bin/../lib/gcc/arm-none-eabi/8.2.1/../../../../arm-none-eabi/lib/thumb/v8-m.main/nofp\libcr_c.a(memset.o)
 .ARM.attributes
                0x000002b6       0x34 c:/nxp/mcuxpressoide_11.0.1_2563/ide/plugins/com.nxp.mcuxpresso.tools.win32_11.0.1.201907311258/tools/bin/../lib/gcc/arm-none-eabi/8.2.1/../../../../arm-none-eabi/lib/thumb/v8-m.main/nofp\libcr_c.a(_deferredlazyseek.o)
 .ARM.attributes
                0x000002ea       0x34 c:/nxp/mcuxpressoide_11.0.1_2563/ide/plugins/com.nxp.mcuxpresso.tools.win32_11.0.1.201907311258/tools/bin/../lib/gcc/arm-none-eabi/8.2.1/../../../../arm-none-eabi/lib/thumb/v8-m.main/nofp\libcr_c.a(_fflush.o)
 .ARM.attributes
                0x0000031e       0x34 c:/nxp/mcuxpressoide_11.0.1_2563/ide/plugins/com.nxp.mcuxpresso.tools.win32_11.0.1.201907311258/tools/bin/../lib/gcc/arm-none-eabi/8.2.1/../../../../arm-none-eabi/lib/thumb/v8-m.main/nofp\libcr_c.a(_writebuf.o)
 .ARM.attributes
                0x00000352       0x34 c:/nxp/mcuxpressoide_11.0.1_2563/ide/plugins/com.nxp.mcuxpresso.tools.win32_11.0.1.201907311258/tools/bin/../lib/gcc/arm-none-eabi/8.2.1/../../../../arm-none-eabi/lib/thumb/v8-m.main/nofp\libcr_c.a(alloc.o)
 .ARM.attributes
                0x00000386       0x34 c:/nxp/mcuxpressoide_11.0.1_2563/ide/plugins/com.nxp.mcuxpresso.tools.win32_11.0.1.201907311258/tools/bin/../lib/gcc/arm-none-eabi/8.2.1/../../../../arm-none-eabi/lib/thumb/v8-m.main/nofp\libcr_c.a(fputs.o)
 .ARM.attributes
                0x000003ba       0x34 c:/nxp/mcuxpressoide_11.0.1_2563/ide/plugins/com.nxp.mcuxpresso.tools.win32_11.0.1.201907311258/tools/bin/../lib/gcc/arm-none-eabi/8.2.1/../../../../arm-none-eabi/lib/thumb/v8-m.main/nofp\libcr_c.a(fseek.o)
 .ARM.attributes
                0x000003ee       0x34 c:/nxp/mcuxpressoide_11.0.1_2563/ide/plugins/com.nxp.mcuxpresso.tools.win32_11.0.1.201907311258/tools/bin/../lib/gcc/arm-none-eabi/8.2.1/../../../../arm-none-eabi/lib/thumb/v8-m.main/nofp\libcr_c.a(ftell.o)
 .ARM.attributes
                0x00000422       0x34 c:/nxp/mcuxpressoide_11.0.1_2563/ide/plugins/com.nxp.mcuxpresso.tools.win32_11.0.1.201907311258/tools/bin/../lib/gcc/arm-none-eabi/8.2.1/../../../../arm-none-eabi/lib/thumb/v8-m.main/nofp\libcr_c.a(initio.o)
 .ARM.attributes
                0x00000456       0x34 c:/nxp/mcuxpressoide_11.0.1_2563/ide/plugins/com.nxp.mcuxpresso.tools.win32_11.0.1.201907311258/tools/bin/../lib/gcc/arm-none-eabi/8.2.1/../../../../arm-none-eabi/lib/thumb/v8-m.main/nofp\libcr_c.a(setvbuf.o)
 .ARM.attributes
                0x0000048a       0x34 c:/nxp/mcuxpressoide_11.0.1_2563/ide/plugins/com.nxp.mcuxpresso.tools.win32_11.0.1.201907311258/tools/bin/../lib/gcc/arm-none-eabi/8.2.1/../../../../arm-none-eabi/lib/thumb/v8-m.main/nofp\libcr_c.a(strlen.o)
 .ARM.attributes
                0x000004be       0x34 c:/nxp/mcuxpressoide_11.0.1_2563/ide/plugins/com.nxp.mcuxpresso.tools.win32_11.0.1.201907311258/tools/bin/../lib/gcc/arm-none-eabi/8.2.1/../../../../arm-none-eabi/lib/thumb/v8-m.main/nofp\libcr_c.a(__init_alloc.o)
 .ARM.attributes
                0x000004f2       0x34 c:/nxp/mcuxpressoide_11.0.1_2563/ide/plugins/com.nxp.mcuxpresso.tools.win32_11.0.1.201907311258/tools/bin/../lib/gcc/arm-none-eabi/8.2.1/../../../../arm-none-eabi/lib/thumb/v8-m.main/nofp\libcr_c.a(_cr_sbrk.o)
 .ARM.attributes
                0x00000526       0x34 c:/nxp/mcuxpressoide_11.0.1_2563/ide/plugins/com.nxp.mcuxpresso.tools.win32_11.0.1.201907311258/tools/bin/../lib/gcc/arm-none-eabi/8.2.1/../../../../arm-none-eabi/lib/thumb/v8-m.main/nofp\libcr_c.a(_fdopen.o)
 .ARM.attributes
                0x0000055a       0x36 c:/nxp/mcuxpressoide_11.0.1_2563/ide/plugins/com.nxp.mcuxpresso.tools.win32_11.0.1.201907311258/tools/bin/../lib/gcc/arm-none-eabi/8.2.1/../../../../arm-none-eabi/lib/thumb/v8-m.main/nofp\libcr_c.a(errno.o)
 .ARM.attributes
                0x00000590       0x34 c:/nxp/mcuxpressoide_11.0.1_2563/ide/plugins/com.nxp.mcuxpresso.tools.win32_11.0.1.201907311258/tools/bin/../lib/gcc/arm-none-eabi/8.2.1/../../../../arm-none-eabi/lib/thumb/v8-m.main/nofp\libcr_c.a(fclose.o)
 .ARM.attributes
                0x000005c4       0x34 c:/nxp/mcuxpressoide_11.0.1_2563/ide/plugins/com.nxp.mcuxpresso.tools.win32_11.0.1.201907311258/tools/bin/../lib/gcc/arm-none-eabi/8.2.1/../../../../arm-none-eabi/lib/thumb/v8-m.main/nofp\libcr_c.a(fflush.o)
 .ARM.attributes
                0x000005f8       0x34 c:/nxp/mcuxpressoide_11.0.1_2563/ide/plugins/com.nxp.mcuxpresso.tools.win32_11.0.1.201907311258/tools/bin/../lib/gcc/arm-none-eabi/8.2.1/../../../../arm-none-eabi/lib/thumb/v8-m.main/nofp\libcr_c.a(remove.o)
 .ARM.attributes
                0x0000062c       0x34 c:/nxp/mcuxpressoide_11.0.1_2563/ide/plugins/com.nxp.mcuxpresso.tools.win32_11.0.1.201907311258/tools/bin/../lib/gcc/arm-none-eabi/8.2.1/../../../../arm-none-eabi/lib/thumb/v8-m.main/nofp\libcr_c.a(_cr_check_heap.o)
 .ARM.attributes
                0x00000660       0x34 c:/nxp/mcuxpressoide_11.0.1_2563/ide/plugins/com.nxp.mcuxpresso.tools.win32_11.0.1.201907311258/tools/bin/../lib/gcc/arm-none-eabi/8.2.1/../../../../arm-none-eabi/lib/thumb/v8-m.main/nofp\libcr_c.a(_do_fflush.o)
 .ARM.attributes
                0x00000694       0x22 c:/nxp/mcuxpressoide_11.0.1_2563/ide/plugins/com.nxp.mcuxpresso.tools.win32_11.0.1.201907311258/tools/bin/../lib/gcc/arm-none-eabi/8.2.1/thumb/v8-m.main/nofp\libcr_eabihelpers.a(memcpy.o)
 .ARM.attributes
                0x000006b6       0x22 c:/nxp/mcuxpressoide_11.0.1_2563/ide/plugins/com.nxp.mcuxpresso.tools.win32_11.0.1.201907311258/tools/bin/../lib/gcc/arm-none-eabi/8.2.1/../../../../arm-none-eabi/lib/thumb/v8-m.main/nofp\libcr_semihost_nf.a(__sys_close.o)
 .ARM.attributes
                0x000006d8       0x22 c:/nxp/mcuxpressoide_11.0.1_2563/ide/plugins/com.nxp.mcuxpresso.tools.win32_11.0.1.201907311258/tools/bin/../lib/gcc/arm-none-eabi/8.2.1/../../../../arm-none-eabi/lib/thumb/v8-m.main/nofp\libcr_semihost_nf.a(__sys_flen.o)
 .ARM.attributes
                0x000006fa       0x22 c:/nxp/mcuxpressoide_11.0.1_2563/ide/plugins/com.nxp.mcuxpresso.tools.win32_11.0.1.201907311258/tools/bin/../lib/gcc/arm-none-eabi/8.2.1/../../../../arm-none-eabi/lib/thumb/v8-m.main/nofp\libcr_semihost_nf.a(__sys_istty.o)
 .ARM.attributes
                0x0000071c       0x22 c:/nxp/mcuxpressoide_11.0.1_2563/ide/plugins/com.nxp.mcuxpresso.tools.win32_11.0.1.201907311258/tools/bin/../lib/gcc/arm-none-eabi/8.2.1/../../../../arm-none-eabi/lib/thumb/v8-m.main/nofp\libcr_semihost_nf.a(__sys_remove.o)
 .ARM.attributes
                0x0000073e       0x22 c:/nxp/mcuxpressoide_11.0.1_2563/ide/plugins/com.nxp.mcuxpresso.tools.win32_11.0.1.201907311258/tools/bin/../lib/gcc/arm-none-eabi/8.2.1/../../../../arm-none-eabi/lib/thumb/v8-m.main/nofp\libcr_semihost_nf.a(__sys_seek.o)
 .ARM.attributes
                0x00000760       0x22 c:/nxp/mcuxpressoide_11.0.1_2563/ide/plugins/com.nxp.mcuxpresso.tools.win32_11.0.1.201907311258/tools/bin/../lib/gcc/arm-none-eabi/8.2.1/../../../../arm-none-eabi/lib/thumb/v8-m.main/nofp\libcr_semihost_nf.a(__sys_tmpnam.o)
 .ARM.attributes
                0x00000782       0x22 c:/nxp/mcuxpressoide_11.0.1_2563/ide/plugins/com.nxp.mcuxpresso.tools.win32_11.0.1.201907311258/tools/bin/../lib/gcc/arm-none-eabi/8.2.1/../../../../arm-none-eabi/lib/thumb/v8-m.main/nofp\libcr_semihost_nf.a(__sys_write.o)

.debug_frame    0x00000000     0x11d8
 .debug_frame   0x00000000      0x6a4 ./startup/startup_lpc55s69_cm33_core1.o
 .debug_frame   0x000006a4       0xc4 ./source/hello_world_core1.o
 .debug_frame   0x00000768      0x220 ./mcmgr/mcmgr.o
 .debug_frame   0x00000988      0x314 ./mcmgr/mcmgr_internal_core_api_lpc55s69.o
 .debug_frame   0x00000c9c      0x1ec ./drivers/fsl_flexcomm.o
 .debug_frame   0x00000e88       0x84 ./drivers/fsl_gpio.o
 .debug_frame   0x00000f0c       0x7c ./drivers/fsl_reset.o
 .debug_frame   0x00000f88      0x204 ./device/system_LPC55S69_cm33_core1.o
 .debug_frame   0x0000118c       0x4c ./board/pin_mux.o

Cross Reference Table

Symbol                                            File
ACMP_DriverIRQHandler                             ./startup/startup_lpc55s69_cm33_core1.o
ACMP_IRQHandler                                   ./startup/startup_lpc55s69_cm33_core1.o
ADC0_DriverIRQHandler                             ./startup/startup_lpc55s69_cm33_core1.o
ADC0_IRQHandler                                   ./startup/startup_lpc55s69_cm33_core1.o
BOARD_BootClockFRO12M                             ./board/clock_config.o
BOARD_BootClockFROHF96M                           ./board/clock_config.o
BOARD_BootClockPLL100M                            ./board/clock_config.o
BOARD_InitBootClocks                              ./board/clock_config.o
BOARD_InitBootPins                                ./board/pin_mux.o
BOARD_InitDebugConsole                            ./board/board.o
BOARD_InitDebugConsole_Core1                      ./board/board.o
BOARD_InitPins_Core1                              ./board/pin_mux.o
                                                  ./source/hello_world_core1.o
BusFault_Handler                                  ./mcmgr/mcmgr_internal_core_api_lpc55s69.o
                                                  ./startup/startup_lpc55s69_cm33_core1.o
CASER_DriverIRQHandler                            ./startup/startup_lpc55s69_cm33_core1.o
CASER_IRQHandler                                  ./startup/startup_lpc55s69_cm33_core1.o
CLOCK_AttachClk                                   ./drivers/fsl_clock.o
                                                  C:\Users\Trevor Heyl\Documents\MCUXpressoIDE_11.0.1_2563\workspace\lpcxpresso55s69_hello_world_cm33_core1\libs\libpower_soft.a(fsl_power_lib.o)
                                                  ./board/clock_config.o
                                                  ./board/board.o
CLOCK_EnableUsbfs0DeviceClock                     ./drivers/fsl_clock.o
CLOCK_EnableUsbfs0HostClock                       ./drivers/fsl_clock.o
CLOCK_EnableUsbhs0DeviceClock                     ./drivers/fsl_clock.o
CLOCK_EnableUsbhs0HostClock                       ./drivers/fsl_clock.o
CLOCK_EnableUsbhs0PhyPllClock                     ./drivers/fsl_clock.o
CLOCK_GetAdcClkFreq                               ./drivers/fsl_clock.o
CLOCK_GetCTimerClkFreq                            ./drivers/fsl_clock.o
CLOCK_GetClockAttachId                            ./drivers/fsl_clock.o
CLOCK_GetClockOutClkFreq                          ./drivers/fsl_clock.o
CLOCK_GetCoreSysClkFreq                           ./drivers/fsl_clock.o
CLOCK_GetExtClkFreq                               ./drivers/fsl_clock.o
CLOCK_GetFlexCommClkFreq                          ./drivers/fsl_clock.o
CLOCK_GetFlexCommInputClock                       ./drivers/fsl_clock.o
CLOCK_GetFreq                                     ./drivers/fsl_clock.o
CLOCK_GetFro12MFreq                               ./drivers/fsl_clock.o
CLOCK_GetFro1MFreq                                ./drivers/fsl_clock.o
CLOCK_GetFroHfFreq                                ./drivers/fsl_clock.o
CLOCK_GetHsLspiClkFreq                            ./drivers/fsl_clock.o
CLOCK_GetI2SMClkFreq                              ./drivers/fsl_clock.o
CLOCK_GetMclkClkFreq                              ./drivers/fsl_clock.o
CLOCK_GetOsc32KFreq                               ./drivers/fsl_clock.o
CLOCK_GetPLL0InClockRate                          ./drivers/fsl_clock.o
CLOCK_GetPLL0OutClockRate                         ./drivers/fsl_clock.o
CLOCK_GetPLL0OutFromSetup                         ./drivers/fsl_clock.o
CLOCK_GetPLL1InClockRate                          ./drivers/fsl_clock.o
CLOCK_GetPll0OutFreq                              ./drivers/fsl_clock.o
CLOCK_GetPll1OutFreq                              ./drivers/fsl_clock.o
CLOCK_GetSctClkFreq                               ./drivers/fsl_clock.o
CLOCK_GetSdioClkFreq                              ./drivers/fsl_clock.o
CLOCK_GetSystickClkFreq                           ./drivers/fsl_clock.o
CLOCK_GetUsb0ClkFreq                              ./drivers/fsl_clock.o
CLOCK_GetUsb1ClkFreq                              ./drivers/fsl_clock.o
CLOCK_GetWdtClkFreq                               ./drivers/fsl_clock.o
CLOCK_SetClkDiv                                   ./drivers/fsl_clock.o
                                                  C:\Users\Trevor Heyl\Documents\MCUXpressoIDE_11.0.1_2563\workspace\lpcxpresso55s69_hello_world_cm33_core1\libs\libpower_soft.a(fsl_power_lib.o)
                                                  ./board/clock_config.o
CLOCK_SetFLASHAccessCyclesForFreq                 ./drivers/fsl_clock.o
                                                  ./board/clock_config.o
CLOCK_SetFlexCommClock                            ./drivers/fsl_clock.o
CLOCK_SetPLL0Freq                                 ./drivers/fsl_clock.o
                                                  ./board/clock_config.o
CLOCK_SetPLL1Freq                                 ./drivers/fsl_clock.o
CLOCK_SetRtc1hzClkDiv                             ./drivers/fsl_clock.o
CLOCK_SetRtc1khzClkDiv                            ./drivers/fsl_clock.o
CLOCK_SetStoredPLL0ClockRate                      ./drivers/fsl_clock.o
CLOCK_SetupExtClocking                            ./drivers/fsl_clock.o
                                                  ./board/clock_config.o
CLOCK_SetupFROClocking                            ./drivers/fsl_clock.o
                                                  ./board/clock_config.o
CLOCK_SetupI2SMClkClocking                        ./drivers/fsl_clock.o
CLOCK_SetupPLL0Data                               ./drivers/fsl_clock.o
CLOCK_SetupPLL0Mult                               ./drivers/fsl_clock.o
CLOCK_SetupPLL0Prec                               ./drivers/fsl_clock.o
CTIMER0_DriverIRQHandler                          ./startup/startup_lpc55s69_cm33_core1.o
CTIMER0_IRQHandler                                ./startup/startup_lpc55s69_cm33_core1.o
CTIMER1_DriverIRQHandler                          ./startup/startup_lpc55s69_cm33_core1.o
CTIMER1_IRQHandler                                ./startup/startup_lpc55s69_cm33_core1.o
CTIMER2_DriverIRQHandler                          ./startup/startup_lpc55s69_cm33_core1.o
CTIMER2_IRQHandler                                ./startup/startup_lpc55s69_cm33_core1.o
CTIMER3_DriverIRQHandler                          ./startup/startup_lpc55s69_cm33_core1.o
CTIMER3_IRQHandler                                ./startup/startup_lpc55s69_cm33_core1.o
CTIMER4_DriverIRQHandler                          ./startup/startup_lpc55s69_cm33_core1.o
CTIMER4_IRQHandler                                ./startup/startup_lpc55s69_cm33_core1.o
DMA0_DriverIRQHandler                             ./startup/startup_lpc55s69_cm33_core1.o
DMA0_IRQHandler                                   ./startup/startup_lpc55s69_cm33_core1.o
DMA1_DriverIRQHandler                             ./startup/startup_lpc55s69_cm33_core1.o
DMA1_IRQHandler                                   ./startup/startup_lpc55s69_cm33_core1.o
DbgConsole_Deinit                                 ./utilities/fsl_debug_console.o
DbgConsole_Init                                   ./utilities/fsl_debug_console.o
                                                  ./board/board.o
DbgConsole_ReadCharacter                          ./utilities/fsl_debug_console.o
DbgConsole_ReadLine                               ./utilities/fsl_debug_console.o
DbgConsole_ReadOneCharacter                       ./utilities/fsl_debug_console.o
DbgConsole_SendData                               ./utilities/fsl_debug_console.o
DbgConsole_SendDataReliable                       ./utilities/fsl_debug_console.o
DebugMon_Handler                                  ./startup/startup_lpc55s69_cm33_core1.o
DefaultISR                                        ./mcmgr/mcmgr_internal_core_api_lpc55s69.o
DisableDeepSleepIRQ                               ./drivers/fsl_common.o
EnableDeepSleepIRQ                                ./drivers/fsl_common.o
FLEXCOMM0_DriverIRQHandler                        ./drivers/fsl_flexcomm.o
                                                  ./startup/startup_lpc55s69_cm33_core1.o
FLEXCOMM0_IRQHandler                              ./startup/startup_lpc55s69_cm33_core1.o
FLEXCOMM1_DriverIRQHandler                        ./drivers/fsl_flexcomm.o
                                                  ./startup/startup_lpc55s69_cm33_core1.o
FLEXCOMM1_IRQHandler                              ./startup/startup_lpc55s69_cm33_core1.o
FLEXCOMM2_DriverIRQHandler                        ./drivers/fsl_flexcomm.o
                                                  ./startup/startup_lpc55s69_cm33_core1.o
FLEXCOMM2_IRQHandler                              ./startup/startup_lpc55s69_cm33_core1.o
FLEXCOMM3_DriverIRQHandler                        ./drivers/fsl_flexcomm.o
                                                  ./startup/startup_lpc55s69_cm33_core1.o
FLEXCOMM3_IRQHandler                              ./startup/startup_lpc55s69_cm33_core1.o
FLEXCOMM4_DriverIRQHandler                        ./drivers/fsl_flexcomm.o
                                                  ./startup/startup_lpc55s69_cm33_core1.o
FLEXCOMM4_IRQHandler                              ./startup/startup_lpc55s69_cm33_core1.o
FLEXCOMM5_DriverIRQHandler                        ./drivers/fsl_flexcomm.o
                                                  ./startup/startup_lpc55s69_cm33_core1.o
FLEXCOMM5_IRQHandler                              ./startup/startup_lpc55s69_cm33_core1.o
FLEXCOMM6_DriverIRQHandler                        ./drivers/fsl_flexcomm.o
                                                  ./startup/startup_lpc55s69_cm33_core1.o
FLEXCOMM6_IRQHandler                              ./startup/startup_lpc55s69_cm33_core1.o
FLEXCOMM7_DriverIRQHandler                        ./drivers/fsl_flexcomm.o
                                                  ./startup/startup_lpc55s69_cm33_core1.o
FLEXCOMM7_IRQHandler                              ./startup/startup_lpc55s69_cm33_core1.o
FLEXCOMM8_DriverIRQHandler                        ./drivers/fsl_flexcomm.o
                                                  ./startup/startup_lpc55s69_cm33_core1.o
FLEXCOMM8_IRQHandler                              ./startup/startup_lpc55s69_cm33_core1.o
FLEXCOMM_GetInstance                              ./drivers/fsl_flexcomm.o
FLEXCOMM_Init                                     ./drivers/fsl_flexcomm.o
                                                  ./drivers/fsl_usart.o
FLEXCOMM_SetIRQHandler                            ./drivers/fsl_flexcomm.o
                                                  ./drivers/fsl_usart.o
GINT0_DriverIRQHandler                            ./startup/startup_lpc55s69_cm33_core1.o
GINT0_IRQHandler                                  ./startup/startup_lpc55s69_cm33_core1.o
GINT1_DriverIRQHandler                            ./startup/startup_lpc55s69_cm33_core1.o
GINT1_IRQHandler                                  ./startup/startup_lpc55s69_cm33_core1.o
GPIO_PinInit                                      ./drivers/fsl_gpio.o
                                                  ./source/hello_world_core1.o
GPIO_PortInit                                     ./drivers/fsl_gpio.o
HAL_UartDeinit                                    ./component/uart/usart_adapter.o
                                                  ./component/serial_manager/serial_port_uart.o
HAL_UartInit                                      ./component/uart/usart_adapter.o
                                                  ./component/serial_manager/serial_port_uart.o
HAL_UartReceiveBlocking                           ./component/uart/usart_adapter.o
                                                  ./component/serial_manager/serial_port_uart.o
HAL_UartSendBlocking                              ./component/uart/usart_adapter.o
                                                  ./component/serial_manager/serial_port_uart.o
HASHCRYPT_DriverIRQHandler                        ./startup/startup_lpc55s69_cm33_core1.o
HASHCRYPT_IRQHandler                              ./startup/startup_lpc55s69_cm33_core1.o
HardFault_Handler                                 ./mcmgr/mcmgr_internal_core_api_lpc55s69.o
                                                  ./startup/startup_lpc55s69_cm33_core1.o
IntDefaultHandler                                 ./startup/startup_lpc55s69_cm33_core1.o
LIST_AddHead                                      ./component/lists/generic_list.o
LIST_AddPrevElement                               ./component/lists/generic_list.o
LIST_AddTail                                      ./component/lists/generic_list.o
LIST_GetAvailableSize                             ./component/lists/generic_list.o
LIST_GetHead                                      ./component/lists/generic_list.o
LIST_GetList                                      ./component/lists/generic_list.o
LIST_GetNext                                      ./component/lists/generic_list.o
LIST_GetPrev                                      ./component/lists/generic_list.o
LIST_GetSize                                      ./component/lists/generic_list.o
LIST_Init                                         ./component/lists/generic_list.o
LIST_RemoveElement                                ./component/lists/generic_list.o
LIST_RemoveHead                                   ./component/lists/generic_list.o
MAILBOX_DriverIRQHandler                          ./startup/startup_lpc55s69_cm33_core1.o
MAILBOX_IRQHandler                                ./mcmgr/mcmgr_internal_core_api_lpc55s69.o
                                                  ./startup/startup_lpc55s69_cm33_core1.o
MCMGR_EarlyInit                                   ./mcmgr/mcmgr.o
                                                  ./source/hello_world_core1.o
MCMGR_GetCoreCount                                ./mcmgr/mcmgr.o
MCMGR_GetCoreProperty                             ./mcmgr/mcmgr.o
MCMGR_GetCurrentCore                              ./mcmgr/mcmgr.o
MCMGR_GetStartupData                              ./mcmgr/mcmgr.o
                                                  ./source/hello_world_core1.o
MCMGR_GetVersion                                  ./mcmgr/mcmgr.o
MCMGR_Init                                        ./mcmgr/mcmgr.o
                                                  ./source/hello_world_core1.o
MCMGR_RegisterEvent                               ./mcmgr/mcmgr.o
MCMGR_StartCore                                   ./mcmgr/mcmgr.o
MCMGR_StopCore                                    ./mcmgr/mcmgr.o
MCMGR_TriggerEvent                                ./mcmgr/mcmgr.o
                                                  ./mcmgr/mcmgr_internal_core_api_lpc55s69.o
MCMGR_TriggerEventForce                           ./mcmgr/mcmgr.o
MCMGR_eventTable                                  ./mcmgr/mcmgr.o
                                                  ./mcmgr/mcmgr_internal_core_api_lpc55s69.o
MRT0_DriverIRQHandler                             ./startup/startup_lpc55s69_cm33_core1.o
MRT0_IRQHandler                                   ./startup/startup_lpc55s69_cm33_core1.o
MemManage_Handler                                 ./mcmgr/mcmgr_internal_core_api_lpc55s69.o
                                                  ./startup/startup_lpc55s69_cm33_core1.o
NMI_Handler                                       ./mcmgr/mcmgr_internal_core_api_lpc55s69.o
                                                  ./startup/startup_lpc55s69_cm33_core1.o
OS_EVENT_DriverIRQHandler                         ./startup/startup_lpc55s69_cm33_core1.o
OS_EVENT_IRQHandler                               ./startup/startup_lpc55s69_cm33_core1.o
PIN_INT0_DriverIRQHandler                         ./startup/startup_lpc55s69_cm33_core1.o
PIN_INT0_IRQHandler                               ./startup/startup_lpc55s69_cm33_core1.o
PIN_INT1_DriverIRQHandler                         ./startup/startup_lpc55s69_cm33_core1.o
PIN_INT1_IRQHandler                               ./startup/startup_lpc55s69_cm33_core1.o
PIN_INT2_DriverIRQHandler                         ./startup/startup_lpc55s69_cm33_core1.o
PIN_INT2_IRQHandler                               ./startup/startup_lpc55s69_cm33_core1.o
PIN_INT3_DriverIRQHandler                         ./startup/startup_lpc55s69_cm33_core1.o
PIN_INT3_IRQHandler                               ./startup/startup_lpc55s69_cm33_core1.o
PIN_INT4_DriverIRQHandler                         ./startup/startup_lpc55s69_cm33_core1.o
PIN_INT4_IRQHandler                               ./startup/startup_lpc55s69_cm33_core1.o
PIN_INT5_DriverIRQHandler                         ./startup/startup_lpc55s69_cm33_core1.o
PIN_INT5_IRQHandler                               ./startup/startup_lpc55s69_cm33_core1.o
PIN_INT6_DriverIRQHandler                         ./startup/startup_lpc55s69_cm33_core1.o
PIN_INT6_IRQHandler                               ./startup/startup_lpc55s69_cm33_core1.o
PIN_INT7_DriverIRQHandler                         ./startup/startup_lpc55s69_cm33_core1.o
PIN_INT7_IRQHandler                               ./startup/startup_lpc55s69_cm33_core1.o
PLU_DriverIRQHandler                              ./startup/startup_lpc55s69_cm33_core1.o
PLU_IRQHandler                                    ./startup/startup_lpc55s69_cm33_core1.o
POWER_CycleCpuAndFlash                            C:\Users\Trevor Heyl\Documents\MCUXpressoIDE_11.0.1_2563\workspace\lpcxpresso55s69_hello_world_cm33_core1\libs\libpower_soft.a(fsl_power_lib.o)
POWER_EnterDeepPowerDown                          C:\Users\Trevor Heyl\Documents\MCUXpressoIDE_11.0.1_2563\workspace\lpcxpresso55s69_hello_world_cm33_core1\libs\libpower_soft.a(fsl_power_lib.o)
POWER_EnterDeepSleep                              C:\Users\Trevor Heyl\Documents\MCUXpressoIDE_11.0.1_2563\workspace\lpcxpresso55s69_hello_world_cm33_core1\libs\libpower_soft.a(fsl_power_lib.o)
POWER_EnterLowPower                               C:\Users\Trevor Heyl\Documents\MCUXpressoIDE_11.0.1_2563\workspace\lpcxpresso55s69_hello_world_cm33_core1\libs\libpower_soft.a(fsl_power_lib.o)
POWER_EnterPowerDown                              C:\Users\Trevor Heyl\Documents\MCUXpressoIDE_11.0.1_2563\workspace\lpcxpresso55s69_hello_world_cm33_core1\libs\libpower_soft.a(fsl_power_lib.o)
POWER_EnterSleep                                  C:\Users\Trevor Heyl\Documents\MCUXpressoIDE_11.0.1_2563\workspace\lpcxpresso55s69_hello_world_cm33_core1\libs\libpower_soft.a(fsl_power_lib.o)
POWER_GetLibVersion                               C:\Users\Trevor Heyl\Documents\MCUXpressoIDE_11.0.1_2563\workspace\lpcxpresso55s69_hello_world_cm33_core1\libs\libpower_soft.a(fsl_power_lib.o)
POWER_SetVoltageForFreq                           C:\Users\Trevor Heyl\Documents\MCUXpressoIDE_11.0.1_2563\workspace\lpcxpresso55s69_hello_world_cm33_core1\libs\libpower_soft.a(fsl_power_lib.o)
                                                  ./board/clock_config.o
                                                  ./drivers/fsl_clock.o
POWER_SetXtal16mhzLdo                             C:\Users\Trevor Heyl\Documents\MCUXpressoIDE_11.0.1_2563\workspace\lpcxpresso55s69_hello_world_cm33_core1\libs\libpower_soft.a(fsl_power_lib.o)
POWER_SetXtal16mhzTrim                            C:\Users\Trevor Heyl\Documents\MCUXpressoIDE_11.0.1_2563\workspace\lpcxpresso55s69_hello_world_cm33_core1\libs\libpower_soft.a(fsl_power_lib.o)
POWER_Xtal16mhzCapabankTrim                       C:\Users\Trevor Heyl\Documents\MCUXpressoIDE_11.0.1_2563\workspace\lpcxpresso55s69_hello_world_cm33_core1\libs\libpower_soft.a(fsl_power_lib.o)
POWER_Xtal32khzCapabankTrim                       C:\Users\Trevor Heyl\Documents\MCUXpressoIDE_11.0.1_2563\workspace\lpcxpresso55s69_hello_world_cm33_core1\libs\libpower_soft.a(fsl_power_lib.o)
PQ_DriverIRQHandler                               ./startup/startup_lpc55s69_cm33_core1.o
PQ_IRQHandler                                     ./startup/startup_lpc55s69_cm33_core1.o
PUF_DriverIRQHandler                              ./startup/startup_lpc55s69_cm33_core1.o
PUF_IRQHandler                                    ./startup/startup_lpc55s69_cm33_core1.o
PendSV_Handler                                    ./startup/startup_lpc55s69_cm33_core1.o
RESET_ClearPeripheralReset                        ./drivers/fsl_reset.o
                                                  ./board/board.o
RESET_PeripheralReset                             ./drivers/fsl_reset.o
                                                  ./drivers/fsl_gpio.o
                                                  ./drivers/fsl_flexcomm.o
                                                  ./mcmgr/mcmgr_internal_core_api_lpc55s69.o
RESET_SetPeripheralReset                          ./drivers/fsl_reset.o
RTC_DriverIRQHandler                              ./startup/startup_lpc55s69_cm33_core1.o
RTC_IRQHandler                                    ./startup/startup_lpc55s69_cm33_core1.o
Reserved39_DriverIRQHandler                       ./startup/startup_lpc55s69_cm33_core1.o
Reserved39_IRQHandler                             ./startup/startup_lpc55s69_cm33_core1.o
Reserved41_DriverIRQHandler                       ./startup/startup_lpc55s69_cm33_core1.o
Reserved41_IRQHandler                             ./startup/startup_lpc55s69_cm33_core1.o
Reserved42_DriverIRQHandler                       ./startup/startup_lpc55s69_cm33_core1.o
Reserved42_IRQHandler                             ./startup/startup_lpc55s69_cm33_core1.o
Reserved46_DriverIRQHandler                       ./startup/startup_lpc55s69_cm33_core1.o
Reserved46_IRQHandler                             ./startup/startup_lpc55s69_cm33_core1.o
Reserved55_DriverIRQHandler                       ./startup/startup_lpc55s69_cm33_core1.o
Reserved55_IRQHandler                             ./startup/startup_lpc55s69_cm33_core1.o
Reserved56_DriverIRQHandler                       ./startup/startup_lpc55s69_cm33_core1.o
Reserved56_IRQHandler                             ./startup/startup_lpc55s69_cm33_core1.o
Reserved57_DriverIRQHandler                       ./startup/startup_lpc55s69_cm33_core1.o
Reserved57_IRQHandler                             ./startup/startup_lpc55s69_cm33_core1.o
Reserved59_DriverIRQHandler                       ./startup/startup_lpc55s69_cm33_core1.o
Reserved59_IRQHandler                             ./startup/startup_lpc55s69_cm33_core1.o
Reserved60_DriverIRQHandler                       ./startup/startup_lpc55s69_cm33_core1.o
Reserved60_IRQHandler                             ./startup/startup_lpc55s69_cm33_core1.o
Reserved61_DriverIRQHandler                       ./startup/startup_lpc55s69_cm33_core1.o
Reserved61_IRQHandler                             ./startup/startup_lpc55s69_cm33_core1.o
ResetISR                                          ./startup/startup_lpc55s69_cm33_core1.o
SCT0_DriverIRQHandler                             ./startup/startup_lpc55s69_cm33_core1.o
SCT0_IRQHandler                                   ./startup/startup_lpc55s69_cm33_core1.o
SDIO_DriverIRQHandler                             ./startup/startup_lpc55s69_cm33_core1.o
SDIO_IRQHandler                                   ./startup/startup_lpc55s69_cm33_core1.o
SDK_DelayAtLeastUs                                ./drivers/fsl_clock.o
SDK_Free                                          ./drivers/fsl_common.o
SDK_Malloc                                        ./drivers/fsl_common.o
SEC_GPIO_INT0_IRQ0_DriverIRQHandler               ./startup/startup_lpc55s69_cm33_core1.o
SEC_GPIO_INT0_IRQ0_IRQHandler                     ./startup/startup_lpc55s69_cm33_core1.o
SEC_GPIO_INT0_IRQ1_DriverIRQHandler               ./startup/startup_lpc55s69_cm33_core1.o
SEC_GPIO_INT0_IRQ1_IRQHandler                     ./startup/startup_lpc55s69_cm33_core1.o
SEC_HYPERVISOR_CALL_DriverIRQHandler              ./startup/startup_lpc55s69_cm33_core1.o
SEC_HYPERVISOR_CALL_IRQHandler                    ./startup/startup_lpc55s69_cm33_core1.o
SEC_VIO_DriverIRQHandler                          ./startup/startup_lpc55s69_cm33_core1.o
SEC_VIO_IRQHandler                                ./startup/startup_lpc55s69_cm33_core1.o
SVC_Handler                                       ./startup/startup_lpc55s69_cm33_core1.o
SecureFault_Handler                               ./startup/startup_lpc55s69_cm33_core1.o
SerialManager_CloseReadHandle                     ./component/serial_manager/serial_manager.o
                                                  ./utilities/fsl_debug_console.o
SerialManager_CloseWriteHandle                    ./component/serial_manager/serial_manager.o
                                                  ./utilities/fsl_debug_console.o
SerialManager_Deinit                              ./component/serial_manager/serial_manager.o
SerialManager_EnterLowpower                       ./component/serial_manager/serial_manager.o
SerialManager_ExitLowpower                        ./component/serial_manager/serial_manager.o
SerialManager_Init                                ./component/serial_manager/serial_manager.o
                                                  ./utilities/fsl_debug_console.o
SerialManager_OpenReadHandle                      ./component/serial_manager/serial_manager.o
                                                  ./utilities/fsl_debug_console.o
SerialManager_OpenWriteHandle                     ./component/serial_manager/serial_manager.o
                                                  ./utilities/fsl_debug_console.o
SerialManager_ReadBlocking                        ./component/serial_manager/serial_manager.o
                                                  ./utilities/fsl_debug_console.o
SerialManager_WriteBlocking                       ./component/serial_manager/serial_manager.o
                                                  ./utilities/fsl_debug_console.o
Serial_UartDeinit                                 ./component/serial_manager/serial_port_uart.o
                                                  ./component/serial_manager/serial_manager.o
Serial_UartInit                                   ./component/serial_manager/serial_port_uart.o
                                                  ./component/serial_manager/serial_manager.o
Serial_UartRead                                   ./component/serial_manager/serial_port_uart.o
                                                  ./component/serial_manager/serial_manager.o
Serial_UartWrite                                  ./component/serial_manager/serial_port_uart.o
                                                  ./component/serial_manager/serial_manager.o
StrFormatPrintf                                   ./utilities/fsl_str.o
StrFormatScanf                                    ./utilities/fsl_str.o
SysTick_Handler                                   ./startup/startup_lpc55s69_cm33_core1.o
SystemCoreClock                                   ./device/system_LPC55S69_cm33_core1.o
                                                  ./board/clock_config.o
SystemCoreClockUpdate                             ./device/system_LPC55S69_cm33_core1.o
SystemInit                                        ./device/system_LPC55S69_cm33_core1.o
                                                  ./startup/startup_lpc55s69_cm33_core1.o
SystemInitHook                                    ./source/hello_world_core1.o
USART_Deinit                                      ./drivers/fsl_usart.o
                                                  ./component/uart/usart_adapter.o
USART_GetDefaultConfig                            ./drivers/fsl_usart.o
                                                  ./component/uart/usart_adapter.o
USART_GetInstance                                 ./drivers/fsl_usart.o
USART_Init                                        ./drivers/fsl_usart.o
                                                  ./component/uart/usart_adapter.o
USART_ReadBlocking                                ./drivers/fsl_usart.o
                                                  ./component/uart/usart_adapter.o
USART_SetBaudRate                                 ./drivers/fsl_usart.o
USART_TransferAbortReceive                        ./drivers/fsl_usart.o
USART_TransferAbortSend                           ./drivers/fsl_usart.o
USART_TransferCreateHandle                        ./drivers/fsl_usart.o
USART_TransferGetReceiveCount                     ./drivers/fsl_usart.o
USART_TransferGetRxRingBufferLength               ./drivers/fsl_usart.o
USART_TransferGetSendCount                        ./drivers/fsl_usart.o
USART_TransferHandleIRQ                           ./drivers/fsl_usart.o
USART_TransferReceiveNonBlocking                  ./drivers/fsl_usart.o
USART_TransferSendNonBlocking                     ./drivers/fsl_usart.o
USART_TransferStartRingBuffer                     ./drivers/fsl_usart.o
USART_TransferStopRingBuffer                      ./drivers/fsl_usart.o
USART_WriteBlocking                               ./drivers/fsl_usart.o