Archive member included to satisfy reference by file (symbol)

C:\Users\Trevor Heyl\Documents\MCUXpressoIDE_11.0.1_2563\workspace\lpcxpresso55s69_hello_world_cm33_core0\libs\libpower_hardabi.a(fsl_power_lib.o)
                              ./drivers/fsl_clock.o (POWER_SetVoltageForFreq)
c:/nxp/mcuxpressoide_11.0.1_2563/ide/plugins/com.nxp.mcuxpresso.tools.win32_11.0.1.201907311258/tools/bin/../lib/gcc/arm-none-eabi/8.2.1/../../../../arm-none-eabi/lib/thumb/v8-m.main+fp/hard\libcr_semihost_nf.a(_cr__main.o)
                              ./startup/startup_lpc55s69_cm33_core0.o (__main)
c:/nxp/mcuxpressoide_11.0.1_2563/ide/plugins/com.nxp.mcuxpresso.tools.win32_11.0.1.201907311258/tools/bin/../lib/gcc/arm-none-eabi/8.2.1/../../../../arm-none-eabi/lib/thumb/v8-m.main+fp/hard\libcr_semihost_nf.a(_cr_assert.o)
                              ./utilities/fsl_debug_console.o (__assertion_failed)
c:/nxp/mcuxpressoide_11.0.1_2563/ide/plugins/com.nxp.mcuxpresso.tools.win32_11.0.1.201907311258/tools/bin/../lib/gcc/arm-none-eabi/8.2.1/../../../../arm-none-eabi/lib/thumb/v8-m.main+fp/hard\libcr_semihost_nf.a(__ciob.o)
                              c:/nxp/mcuxpressoide_11.0.1_2563/ide/plugins/com.nxp.mcuxpresso.tools.win32_11.0.1.201907311258/tools/bin/../lib/gcc/arm-none-eabi/8.2.1/../../../../arm-none-eabi/lib/thumb/v8-m.main+fp/hard\libcr_semihost_nf.a(_cr_assert.o) (__Ciob)
c:/nxp/mcuxpressoide_11.0.1_2563/ide/plugins/com.nxp.mcuxpresso.tools.win32_11.0.1.201907311258/tools/bin/../lib/gcc/arm-none-eabi/8.2.1/../../../../arm-none-eabi/lib/thumb/v8-m.main+fp/hard\libcr_semihost_nf.a(__sys_appexit.o)
                              c:/nxp/mcuxpressoide_11.0.1_2563/ide/plugins/com.nxp.mcuxpresso.tools.win32_11.0.1.201907311258/tools/bin/../lib/gcc/arm-none-eabi/8.2.1/../../../../arm-none-eabi/lib/thumb/v8-m.main+fp/hard\libcr_semihost_nf.a(_cr_assert.o) (__sys_appexit)
c:/nxp/mcuxpressoide_11.0.1_2563/ide/plugins/com.nxp.mcuxpresso.tools.win32_11.0.1.201907311258/tools/bin/../lib/gcc/arm-none-eabi/8.2.1/../../../../arm-none-eabi/lib/thumb/v8-m.main+fp/hard\libcr_c.a(memset.o)
                              ./utilities/fsl_debug_console.o (memset)
c:/nxp/mcuxpressoide_11.0.1_2563/ide/plugins/com.nxp.mcuxpresso.tools.win32_11.0.1.201907311258/tools/bin/../lib/gcc/arm-none-eabi/8.2.1/../../../../arm-none-eabi/lib/thumb/v8-m.main+fp/hard\libcr_c.a(_deferredlazyseek.o)
                              c:/nxp/mcuxpressoide_11.0.1_2563/ide/plugins/com.nxp.mcuxpresso.tools.win32_11.0.1.201907311258/tools/bin/../lib/gcc/arm-none-eabi/8.2.1/../../../../arm-none-eabi/lib/thumb/v8-m.main+fp/hard\libcr_semihost_nf.a(_cr_assert.o) (__flsbuf)
c:/nxp/mcuxpressoide_11.0.1_2563/ide/plugins/com.nxp.mcuxpresso.tools.win32_11.0.1.201907311258/tools/bin/../lib/gcc/arm-none-eabi/8.2.1/../../../../arm-none-eabi/lib/thumb/v8-m.main+fp/hard\libcr_c.a(_fflush.o)
                              c:/nxp/mcuxpressoide_11.0.1_2563/ide/plugins/com.nxp.mcuxpresso.tools.win32_11.0.1.201907311258/tools/bin/../lib/gcc/arm-none-eabi/8.2.1/../../../../arm-none-eabi/lib/thumb/v8-m.main+fp/hard\libcr_c.a(_deferredlazyseek.o) (_fflush)
c:/nxp/mcuxpressoide_11.0.1_2563/ide/plugins/com.nxp.mcuxpresso.tools.win32_11.0.1.201907311258/tools/bin/../lib/gcc/arm-none-eabi/8.2.1/../../../../arm-none-eabi/lib/thumb/v8-m.main+fp/hard\libcr_c.a(_writebuf.o)
                              c:/nxp/mcuxpressoide_11.0.1_2563/ide/plugins/com.nxp.mcuxpresso.tools.win32_11.0.1.201907311258/tools/bin/../lib/gcc/arm-none-eabi/8.2.1/../../../../arm-none-eabi/lib/thumb/v8-m.main+fp/hard\libcr_c.a(_deferredlazyseek.o) (_Cwritebuf)
c:/nxp/mcuxpressoide_11.0.1_2563/ide/plugins/com.nxp.mcuxpresso.tools.win32_11.0.1.201907311258/tools/bin/../lib/gcc/arm-none-eabi/8.2.1/../../../../arm-none-eabi/lib/thumb/v8-m.main+fp/hard\libcr_c.a(alloc.o)
                              ./drivers/fsl_common.o (malloc)
c:/nxp/mcuxpressoide_11.0.1_2563/ide/plugins/com.nxp.mcuxpresso.tools.win32_11.0.1.201907311258/tools/bin/../lib/gcc/arm-none-eabi/8.2.1/../../../../arm-none-eabi/lib/thumb/v8-m.main+fp/hard\libcr_c.a(fputs.o)
                              c:/nxp/mcuxpressoide_11.0.1_2563/ide/plugins/com.nxp.mcuxpresso.tools.win32_11.0.1.201907311258/tools/bin/../lib/gcc/arm-none-eabi/8.2.1/../../../../arm-none-eabi/lib/thumb/v8-m.main+fp/hard\libcr_semihost_nf.a(_cr_assert.o) (fputs)
c:/nxp/mcuxpressoide_11.0.1_2563/ide/plugins/com.nxp.mcuxpresso.tools.win32_11.0.1.201907311258/tools/bin/../lib/gcc/arm-none-eabi/8.2.1/../../../../arm-none-eabi/lib/thumb/v8-m.main+fp/hard\libcr_c.a(fseek.o)
                              c:/nxp/mcuxpressoide_11.0.1_2563/ide/plugins/com.nxp.mcuxpresso.tools.win32_11.0.1.201907311258/tools/bin/../lib/gcc/arm-none-eabi/8.2.1/../../../../arm-none-eabi/lib/thumb/v8-m.main+fp/hard\libcr_c.a(_deferredlazyseek.o) (fseek)
[...]
Memory Configuration

Name             Origin             Length             Attributes
PROGRAM_FLASH    0x00000000         0x000a0000         xr
Ram0             0x20000000         0x00031800         xrw
Ram1             0x20033000         0x00011000         xrw
rpmsg_sh_mem     0x20031800         0x00001800         xrw
*default*        0x00000000         0xffffffff

Linker script and memory map

LOAD ./utilities/fsl_assert.o
LOAD ./utilities/fsl_debug_console.o
LOAD ./utilities/fsl_str.o
LOAD ./startup/boot_multicore_slave.o
LOAD ./startup/startup_lpc55s69_cm33_core0.o
LOAD ./source/hello_world_core0.o
LOAD ./source/semihost_hardfault.o
LOAD ./mcmgr/mcmgr.o
LOAD ./mcmgr/mcmgr_internal_core_api_lpc55s69.o
LOAD ./drivers/fsl_clock.o
LOAD ./drivers/fsl_common.o
LOAD ./drivers/fsl_flexcomm.o
LOAD ./drivers/fsl_gpio.o
LOAD ./drivers/fsl_power.o
LOAD ./drivers/fsl_reset.o
LOAD ./drivers/fsl_usart.o
LOAD ./device/system_LPC55S69_cm33_core0.o
LOAD ./component/uart/usart_adapter.o
LOAD ./component/serial_manager/serial_manager.o
LOAD ./component/serial_manager/serial_port_uart.o
LOAD ./component/lists/generic_list.o
LOAD ./board/board.o
LOAD ./board/clock_config.o
LOAD ./board/pin_mux.o
LOAD C:/Users/Trevor Heyl/Documents/MCUXpressoIDE_11.0.1_2563/workspace/lpcxpresso55s69_hello_world_cm33_core1/Debug/lpcxpresso55s69_hello_world_cm33_core1.axf.o
LOAD C:\Users\Trevor Heyl\Documents\MCUXpressoIDE_11.0.1_2563\workspace\lpcxpresso55s69_hello_world_cm33_core0\libs\libpower_hardabi.a
START GROUP
LOAD c:/nxp/mcuxpressoide_11.0.1_2563/ide/plugins/com.nxp.mcuxpresso.tools.win32_11.0.1.201907311258/tools/bin/../lib/gcc/arm-none-eabi/8.2.1/../../../../arm-none-eabi/lib/thumb/v8-m.main+fp/hard\libcr_semihost_nf.a
LOAD c:/nxp/mcuxpressoide_11.0.1_2563/ide/plugins/com.nxp.mcuxpresso.tools.win32_11.0.1.201907311258/tools/bin/../lib/gcc/arm-none-eabi/8.2.1/../../../../arm-none-eabi/lib/thumb/v8-m.main+fp/hard\libcr_c.a
LOAD c:/nxp/mcuxpressoide_11.0.1_2563/ide/plugins/com.nxp.mcuxpresso.tools.win32_11.0.1.201907311258/tools/bin/../lib/gcc/arm-none-eabi/8.2.1/thumb/v8-m.main+fp/hard\libcr_eabihelpers.a
LOAD c:/nxp/mcuxpressoide_11.0.1_2563/ide/plugins/com.nxp.mcuxpresso.tools.win32_11.0.1.201907311258/tools/bin/../lib/gcc/arm-none-eabi/8.2.1/thumb/v8-m.main+fp/hard\libgcc.a
END GROUP
                0x00000000                __base_PROGRAM_FLASH = 0x0
                0x00000000                __base_Flash = 0x0
                0x000a0000                __top_PROGRAM_FLASH = 0xa0000
                0x000a0000                __top_Flash = 0xa0000
                0x20000000                __base_Ram0 = 0x20000000
                0x20000000                __base_RAM = 0x20000000
                0x20031800                __top_Ram0 = 0x20031800
                0x20031800                __top_RAM = 0x20031800
                0x20033000                __base_Ram1 = 0x20033000
                0x20033000                __base_RAM2 = 0x20033000
                0x20044000                __top_Ram1 = 0x20044000
                0x20044000                __top_RAM2 = 0x20044000
                0x20031800                __base_rpmsg_sh_mem = 0x20031800
                0x20031800                __base_RAM3 = 0x20031800
                0x20033000                __top_rpmsg_sh_mem = 0x20033000
                0x20033000                __top_RAM3 = 0x20033000

.text           0x00000000     0x4984
 FILL mask 0xff
                0x00000000                __vectors_start__ = ABSOLUTE (.)
 *(SORT_BY_ALIGNMENT(.isr_vector))
 .isr_vector    0x00000000      0x130 ./startup/startup_lpc55s69_cm33_core0.o
                0x00000000                g_pfnVectors
                0x00000000                __Vectors
                0x00000130                . = ALIGN (0x4)
                0x00000130                __section_table_start = .
                0x00000130                __data_section_table = .
                0x00000130        0x4 LONG 0x6458 LOADADDR (.data)
                0x00000134        0x4 LONG 0x20000000 ADDR (.data)
                0x00000138        0x4 LONG 0x4 SIZEOF (.data)
                0x0000013c        0x4 LONG 0x4984 LOADADDR (.data_RAM2_core_m33slave_text)
                0x00000140        0x4 LONG 0x20033000 ADDR (.data_RAM2_core_m33slave_text)
                0x00000144        0x4 LONG 0x1ad4 SIZEOF (.data_RAM2_core_m33slave_text)
                0x00000148        0x4 LONG 0x6458 LOADADDR (.data_RAM2_core_m33slave_ARM_extab)
                0x0000014c        0x4 LONG 0x20034ad4 ADDR (.data_RAM2_core_m33slave_ARM_extab)
                0x00000150        0x4 LONG 0x0 SIZEOF (.data_RAM2_core_m33slave_ARM_extab)
                0x00000154        0x4 LONG 0x6458 LOADADDR (.data_RAM2_core_m33slave_ARM_exidx)
                0x00000158        0x4 LONG 0x20034ad4 ADDR (.data_RAM2_core_m33slave_ARM_exidx)
                0x0000015c        0x4 LONG 0x0 SIZEOF (.data_RAM2_core_m33slave_ARM_exidx)
                0x00000160        0x4 LONG 0x6458 LOADADDR (.data_RAM2_core_m33slave_data)
                0x00000164        0x4 LONG 0x20034ad4 ADDR (.data_RAM2_core_m33slave_data)
                0x00000168        0x4 LONG 0x0 SIZEOF (.data_RAM2_core_m33slave_data)
                0x0000016c        0x4 LONG 0x6458 LOADADDR (.data_RAM2)
                0x00000170        0x4 LONG 0x20034ad4 ADDR (.data_RAM2)
                0x00000174        0x4 LONG 0x0 SIZEOF (.data_RAM2)
                0x00000178        0x4 LONG 0x6458 LOADADDR (.data_RAM3)
                0x0000017c        0x4 LONG 0x20031800 ADDR (.data_RAM3)
                0x00000180        0x4 LONG 0x0 SIZEOF (.data_RAM3)
                0x00000184                __data_section_table_end = .
                0x00000184                __bss_section_table = .
                0x00000184        0x4 LONG 0x20000004 ADDR (.bss)
                0x00000188        0x4 LONG 0x178 SIZEOF (.bss)
                0x0000018c        0x4 LONG 0x20034ad4 ADDR (.bss_RAM2)
                0x00000190        0x4 LONG 0x0 SIZEOF (.bss_RAM2)
                0x00000194        0x4 LONG 0x20031800 ADDR (.bss_RAM3)
                0x00000198        0x4 LONG 0x0 SIZEOF (.bss_RAM3)
                0x0000019c                __bss_section_table_end = .
                0x0000019c                __section_table_end = .
 *(SORT_BY_ALIGNMENT(.after_vectors*))
 .after_vectors.reset
                0x0000019c       0x4c ./startup/startup_lpc55s69_cm33_core0.o
                0x0000019c                ResetISR
 .after_vectors.init_data
                0x000001e8       0x1e ./startup/startup_lpc55s69_cm33_core0.o
                0x000001e8                data_init
 .after_vectors.init_bss
                0x00000206       0x12 ./startup/startup_lpc55s69_cm33_core0.o
                0x00000206                bss_init
 .after_vectors
                0x00000218       0x16 ./startup/startup_lpc55s69_cm33_core0.o
                0x00000222                SecureFault_Handler
                0x00000224                SVC_Handler
                0x00000226                DebugMon_Handler
                0x00000228                PendSV_Handler
                0x0000022a                SysTick_Handler
                0x0000022c                Reserved42_DriverIRQHandler
                0x0000022c                SEC_VIO_DriverIRQHandler
                0x0000022c                PIN_INT3_DriverIRQHandler
                0x0000022c                PIN_INT2_DriverIRQHandler
                0x0000022c                Reserved56_DriverIRQHandler
                0x0000022c                PIN_INT0_DriverIRQHandler
                0x0000022c                CTIMER2_DriverIRQHandler
                0x0000022c                IntDefaultHandler
                0x0000022c                USB0_DriverIRQHandler
                0x0000022c                CASER_DriverIRQHandler
                0x0000022c                MRT0_DriverIRQHandler
                0x0000022c                UTICK0_DriverIRQHandler
                0x0000022c                Reserved41_DriverIRQHandler
                0x0000022c                PIN_INT4_DriverIRQHandler
                0x0000022c                PIN_INT5_DriverIRQHandler
                0x0000022c                DMA0_DriverIRQHandler
                0x0000022c                CTIMER4_DriverIRQHandler
                0x0000022c                GINT1_DriverIRQHandler
                0x0000022c                PIN_INT7_DriverIRQHandler
                0x0000022c                Reserved55_DriverIRQHandler
                0x0000022c                HASHCRYPT_DriverIRQHandler
                0x0000022c                USB0_NEEDCLK_DriverIRQHandler
                0x0000022c                CTIMER0_DriverIRQHandler
                0x0000022c                CTIMER1_DriverIRQHandler
                0x0000022c                Reserved39_DriverIRQHandler
                0x0000022c                PIN_INT6_DriverIRQHandler
                0x0000022c                PQ_DriverIRQHandler
                0x0000022c                MAILBOX_DriverIRQHandler
                0x0000022c                PIN_INT1_DriverIRQHandler
                0x0000022c                CTIMER3_DriverIRQHandler
                0x0000022c                Reserved61_DriverIRQHandler
                0x0000022c                SEC_GPIO_INT0_IRQ1_DriverIRQHandler
                0x0000022c                PUF_DriverIRQHandler
                0x0000022c                RTC_DriverIRQHandler
                0x0000022c                SEC_GPIO_INT0_IRQ0_DriverIRQHandler
                0x0000022c                USB1_DriverIRQHandler
                0x0000022c                Reserved60_DriverIRQHandler
                0x0000022c                DMA1_DriverIRQHandler
                0x0000022c                ADC0_DriverIRQHandler
                0x0000022c                USB1_NEEDCLK_DriverIRQHandler
                0x0000022c                Reserved59_DriverIRQHandler
                0x0000022c                SDIO_DriverIRQHandler
                0x0000022c                GINT0_DriverIRQHandler
                0x0000022c                ACMP_DriverIRQHandler
                0x0000022c                Reserved57_DriverIRQHandler
                0x0000022c                Reserved46_DriverIRQHandler
                0x0000022c                USB1_UTMI_DriverIRQHandler
                0x0000022c                WDT_BOD_DriverIRQHandler
                0x0000022c                SCT0_DriverIRQHandler
                0x0000022c                PLU_DriverIRQHandler
                0x0000022c                OS_EVENT_DriverIRQHandler
                0x0000022c                SEC_HYPERVISOR_CALL_DriverIRQHandler
 *(SORT_BY_ALIGNMENT(.text*))
 *fill*         0x0000022e        0x2 ff
 .text.CLOCK_SetFLASHAccessCyclesForFreq
                0x00000230       0x80 ./drivers/fsl_clock.o
                0x00000230                CLOCK_SetFLASHAccessCyclesForFreq
 .text.DbgConsole_Init
                0x000002b0      0x104 ./utilities/fsl_debug_console.o
                0x000002b0                DbgConsole_Init
 .text.delay    0x000003b4       0x30 ./source/hello_world_core0.o
                0x000003b4                delay
 .text.main     0x000003e4       0x78 ./source/hello_world_core0.o
                0x000003e4                main
 .text.MCMGR_RegisterEvent
                0x0000045c       0x4c ./mcmgr/mcmgr.o
                0x0000045c                MCMGR_RegisterEvent
 .text.MCMGR_TriggerEventCommon
                0x000004a8       0x54 ./mcmgr/mcmgr.o
 .text.MCMGR_EarlyInit
                0x000004fc       0x34 ./mcmgr/mcmgr.o
                0x000004fc                MCMGR_EarlyInit
 .text.MCMGR_Init
                0x00000530       0x6c ./mcmgr/mcmgr.o
                0x00000530                MCMGR_Init
 .text.MCMGR_StartCore
                0x0000059c       0x6c ./mcmgr/mcmgr.o
                0x0000059c                MCMGR_StartCore
 .text.__NVIC_EnableIRQ
                0x00000608       0x3c ./mcmgr/mcmgr_internal_core_api_lpc55s69.o
 .text.__NVIC_SetPriority
                0x00000644       0x54 ./mcmgr/mcmgr_internal_core_api_lpc55s69.o
 .text.MAILBOX_GetValue
                0x00000698       0x34 ./mcmgr/mcmgr_internal_core_api_lpc55s69.o
 .text.MAILBOX_SetValueBits
                0x000006cc       0x3c ./mcmgr/mcmgr_internal_core_api_lpc55s69.o
 .text.MAILBOX_ClearValueBits
                0x00000708       0x3c ./mcmgr/mcmgr_internal_core_api_lpc55s69.o
 .text.mcmgr_early_init_internal
                0x00000744       0x34 ./mcmgr/mcmgr_internal_core_api_lpc55s69.o
                0x00000744                mcmgr_early_init_internal
 .text.mcmgr_start_core_internal
                0x00000778       0x78 ./mcmgr/mcmgr_internal_core_api_lpc55s69.o
                0x00000778                mcmgr_start_core_internal
 .text.mcmgr_trigger_event_internal
                0x000007f0       0x48 ./mcmgr/mcmgr_internal_core_api_lpc55s69.o
                0x000007f0                mcmgr_trigger_event_internal
 .text.MAILBOX_IRQHandler
                0x00000838       0x74 ./mcmgr/mcmgr_internal_core_api_lpc55s69.o
                0x00000838                MAILBOX_IRQHandler
 .text.POWER_DisablePD
                0x000008ac       0x20 ./drivers/fsl_clock.o
 .text.CLOCK_AttachClk
                0x000008cc       0x98 ./drivers/fsl_clock.o
                0x000008cc                CLOCK_AttachClk
 .text.CLOCK_SetClkDiv
                0x00000964       0x5c ./drivers/fsl_clock.o
                0x00000964                CLOCK_SetClkDiv
 .text.CLOCK_SetupFROClocking
                0x000009c0       0x94 ./drivers/fsl_clock.o
                0x000009c0                CLOCK_SetupFROClocking
 .text.FLEXCOMM_GetInstance
                0x00000a54       0x44 ./drivers/fsl_flexcomm.o
                0x00000a54                FLEXCOMM_GetInstance
 .text.FLEXCOMM_Init
                0x00000a98       0x5c ./drivers/fsl_flexcomm.o
                0x00000a98                FLEXCOMM_Init
 .text.FLEXCOMM0_DriverIRQHandler
                0x00000af4       0x38 ./drivers/fsl_flexcomm.o
                0x00000af4                FLEXCOMM0_DriverIRQHandler
 .text.FLEXCOMM1_DriverIRQHandler
                0x00000b2c       0x38 ./drivers/fsl_flexcomm.o
                0x00000b2c                FLEXCOMM1_DriverIRQHandler
 .text.FLEXCOMM2_DriverIRQHandler
                0x00000b64       0x38 ./drivers/fsl_flexcomm.o
                0x00000b64                FLEXCOMM2_DriverIRQHandler
 .text.FLEXCOMM3_DriverIRQHandler
                0x00000b9c       0x38 ./drivers/fsl_flexcomm.o
                0x00000b9c                FLEXCOMM3_DriverIRQHandler
 .text.FLEXCOMM4_DriverIRQHandler
                0x00000bd4       0x38 ./drivers/fsl_flexcomm.o
                0x00000bd4                FLEXCOMM4_DriverIRQHandler
 .text.FLEXCOMM5_DriverIRQHandler
                0x00000c0c       0x38 ./drivers/fsl_flexcomm.o
                0x00000c0c                FLEXCOMM5_DriverIRQHandler
 .text.FLEXCOMM6_DriverIRQHandler
                0x00000c44       0x38 ./drivers/fsl_flexcomm.o
                0x00000c44                FLEXCOMM6_DriverIRQHandler
 .text.FLEXCOMM7_DriverIRQHandler
                0x00000c7c       0x38 ./drivers/fsl_flexcomm.o
                0x00000c7c                FLEXCOMM7_DriverIRQHandler
 .text.FLEXCOMM8_DriverIRQHandler
                0x00000cb4       0x38 ./drivers/fsl_flexcomm.o
                0x00000cb4                FLEXCOMM8_DriverIRQHandler
 .text.RESET_SetPeripheralReset
                0x00000cec       0x5c ./drivers/fsl_reset.o
                0x00000cec                RESET_SetPeripheralReset
 .text.RESET_ClearPeripheralReset
                0x00000d48       0x5c ./drivers/fsl_reset.o
                0x00000d48                RESET_ClearPeripheralReset
 .text.USART_Init
                0x00000da4      0x180 ./drivers/fsl_usart.o
                0x00000da4                USART_Init
 .text.USART_GetDefaultConfig
                0x00000f24       0x74 ./drivers/fsl_usart.o
                0x00000f24                USART_GetDefaultConfig
 .text.USART_SetBaudRate
                0x00000f98      0x110 ./drivers/fsl_usart.o
                0x00000f98                USART_SetBaudRate
 .text.SystemInit
                0x000010a8       0x64 ./device/system_LPC55S69_cm33_core0.o
                0x000010a8                SystemInit
 .text.HAL_UartInit
                0x0000110c      0x108 ./component/uart/usart_adapter.o
                0x0000110c                HAL_UartInit
 .text.SerialManager_Init
                0x00001214       0x74 ./component/serial_manager/serial_manager.o
                0x00001214                SerialManager_Init
 .text.SerialManager_OpenWriteHandle
                0x00001288       0x58 ./component/serial_manager/serial_manager.o
                0x00001288                SerialManager_OpenWriteHandle
 .text.SerialManager_OpenReadHandle
                0x000012e0       0x60 ./component/serial_manager/serial_manager.o
                0x000012e0                SerialManager_OpenReadHandle
 .text.Serial_UartInit
                0x00001340       0x80 ./component/serial_manager/serial_port_uart.o
                0x00001340                Serial_UartInit
 .text.BOARD_InitDebugConsole
                0x000013c0       0x38 ./board/board.o
                0x000013c0                BOARD_InitDebugConsole
 .text.POWER_DisablePD
                0x000013f8       0x20 ./board/clock_config.o
 .text.BOARD_BootClockFROHF96M
                0x00001418       0x58 ./board/clock_config.o
                0x00001418                BOARD_BootClockFROHF96M
 .text.BOARD_InitPins_Core0
                0x00001470       0x3c ./board/pin_mux.o
                0x00001470                BOARD_InitPins_Core0
 .text.nio_set_system_voltage
                0x000014ac       0xc0 C:\Users\Trevor Heyl\Documents\MCUXpressoIDE_11.0.1_2563\workspace\lpcxpresso55s69_hello_world_cm33_core0\libs\libpower_hardabi.a(fsl_power_lib.o)
                0x000014ac                nio_set_system_voltage
 .text.POWER_SetVoltageForFreq
                0x0000156c       0x28 C:\Users\Trevor Heyl\Documents\MCUXpressoIDE_11.0.1_2563\workspace\lpcxpresso55s69_hello_world_cm33_core0\libs\libpower_hardabi.a(fsl_power_lib.o)
                0x0000156c                POWER_SetVoltageForFreq
 .text.__assertion_failed
                0x00001594       0x4c c:/nxp/mcuxpressoide_11.0.1_2563/ide/plugins/com.nxp.mcuxpresso.tools.win32_11.0.1.201907311258/tools/bin/../lib/gcc/arm-none-eabi/8.2.1/../../../../arm-none-eabi/lib/thumb/v8-m.main+fp/hard\libcr_semihost_nf.a(_cr_assert.o)
                0x00001594                __assertion_failed
 .text.__sys_appexit
                0x000015e0        0xc c:/nxp/mcuxpressoide_11.0.1_2563/ide/plugins/com.nxp.mcuxpresso.tools.win32_11.0.1.201907311258/tools/bin/../lib/gcc/arm-none-eabi/8.2.1/../../../../arm-none-eabi/lib/thumb/v8-m.main+fp/hard\libcr_semihost_nf.a(__sys_appexit.o)
                0x000015e0                __sys_appexit
                0x000015e0                __exit
 .text._Cwritebuf
                0x000015ec       0x6c c:/nxp/mcuxpressoide_11.0.1_2563/ide/plugins/com.nxp.mcuxpresso.tools.win32_11.0.1.201907311258/tools/bin/../lib/gcc/arm-none-eabi/8.2.1/../../../../arm-none-eabi/lib/thumb/v8-m.main+fp/hard\libcr_c.a(_writebuf.o)
                0x000015ec                _Cwritebuf
 .text.malloc   0x00001658       0xc8 c:/nxp/mcuxpressoide_11.0.1_2563/ide/plugins/com.nxp.mcuxpresso.tools.win32_11.0.1.201907311258/tools/bin/../lib/gcc/arm-none-eabi/8.2.1/../../../../arm-none-eabi/lib/thumb/v8-m.main+fp/hard\libcr_c.a(alloc.o)
                0x00001658                malloc
 .text._Csys_alloc
                0x00001720       0x20 c:/nxp/mcuxpressoide_11.0.1_2563/ide/plugins/com.nxp.mcuxpresso.tools.win32_11.0.1.201907311258/tools/bin/../lib/gcc/arm-none-eabi/8.2.1/../../../../arm-none-eabi/lib/thumb/v8-m.main+fp/hard\libcr_c.a(alloc.o)
                0x00001720                _Csys_alloc
 .text.fseek    0x00001740      0x100 c:/nxp/mcuxpressoide_11.0.1_2563/ide/plugins/com.nxp.mcuxpresso.tools.win32_11.0.1.201907311258/tools/bin/../lib/gcc/arm-none-eabi/8.2.1/../../../../arm-none-eabi/lib/thumb/v8-m.main+fp/hard\libcr_c.a(fseek.o)
                0x00001740                fseek
 .text.ftell    0x00001840       0x48 c:/nxp/mcuxpressoide_11.0.1_2563/ide/plugins/com.nxp.mcuxpresso.tools.win32_11.0.1.201907311258/tools/bin/../lib/gcc/arm-none-eabi/8.2.1/../../../../arm-none-eabi/lib/thumb/v8-m.main+fp/hard\libcr_c.a(ftell.o)
                0x00001840                ftell
 .text._initio  0x00001888       0x78 c:/nxp/mcuxpressoide_11.0.1_2563/ide/plugins/com.nxp.mcuxpresso.tools.win32_11.0.1.201907311258/tools/bin/../lib/gcc/arm-none-eabi/8.2.1/../../../../arm-none-eabi/lib/thumb/v8-m.main+fp/hard\libcr_c.a(initio.o)
                0x00001888                _initio
 .text.__vfprintf
                0x00001900      0xbd8 c:/nxp/mcuxpressoide_11.0.1_2563/ide/plugins/com.nxp.mcuxpresso.tools.win32_11.0.1.201907311258/tools/bin/../lib/gcc/arm-none-eabi/8.2.1/../../../../arm-none-eabi/lib/thumb/v8-m.main+fp/hard\libcr_c.a(printf.o)
                0x00001900                __vfprintf
 .text._vsnprintf
                0x000024d8       0x68 c:/nxp/mcuxpressoide_11.0.1_2563/ide/plugins/com.nxp.mcuxpresso.tools.win32_11.0.1.201907311258/tools/bin/../lib/gcc/arm-none-eabi/8.2.1/../../../../arm-none-eabi/lib/thumb/v8-m.main+fp/hard\libcr_c.a(printf.o)
                0x000024d8                _vsnprintf
 .text._printf  0x00002540       0x54 c:/nxp/mcuxpressoide_11.0.1_2563/ide/plugins/com.nxp.mcuxpresso.tools.win32_11.0.1.201907311258/tools/bin/../lib/gcc/arm-none-eabi/8.2.1/../../../../arm-none-eabi/lib/thumb/v8-m.main+fp/hard\libcr_c.a(printf.o)
                0x00002540                _printf
 .text.setvbuf  0x00002594       0x40 c:/nxp/mcuxpressoide_11.0.1_2563/ide/plugins/com.nxp.mcuxpresso.tools.win32_11.0.1.201907311258/tools/bin/../lib/gcc/arm-none-eabi/8.2.1/../../../../arm-none-eabi/lib/thumb/v8-m.main+fp/hard\libcr_c.a(setvbuf.o)
                0x00002594                setvbuf
 .text._sbrk    0x000025d4       0x3c c:/nxp/mcuxpressoide_11.0.1_2563/ide/plugins/com.nxp.mcuxpresso.tools.win32_11.0.1.201907311258/tools/bin/../lib/gcc/arm-none-eabi/8.2.1/../../../../arm-none-eabi/lib/thumb/v8-m.main+fp/hard\libcr_c.a(_cr_sbrk.o)
                0x000025d4                _sbrk
 .text.fflush   0x00002610       0x44 c:/nxp/mcuxpressoide_11.0.1_2563/ide/plugins/com.nxp.mcuxpresso.tools.win32_11.0.1.201907311258/tools/bin/../lib/gcc/arm-none-eabi/8.2.1/../../../../arm-none-eabi/lib/thumb/v8-m.main+fp/hard\libcr_c.a(fflush.o)
                0x00002610                fflush
 .text.__check_heap_overflow
                0x00002654       0x18 c:/nxp/mcuxpressoide_11.0.1_2563/ide/plugins/com.nxp.mcuxpresso.tools.win32_11.0.1.201907311258/tools/bin/../lib/gcc/arm-none-eabi/8.2.1/../../../../arm-none-eabi/lib/thumb/v8-m.main+fp/hard\libcr_c.a(_cr_check_heap.o)
                0x00002654                __check_heap_overflow
 .text.__aeabi_dmul
                0x0000266c      0x114 c:/nxp/mcuxpressoide_11.0.1_2563/ide/plugins/com.nxp.mcuxpresso.tools.win32_11.0.1.201907311258/tools/bin/../lib/gcc/arm-none-eabi/8.2.1/thumb/v8-m.main+fp/hard\libcr_eabihelpers.a(double.o)
                0x0000266c                __aeabi_dmul
 .text.__aeabi_d2f
                0x00002780       0x50 c:/nxp/mcuxpressoide_11.0.1_2563/ide/plugins/com.nxp.mcuxpresso.tools.win32_11.0.1.201907311258/tools/bin/../lib/gcc/arm-none-eabi/8.2.1/thumb/v8-m.main+fp/hard\libcr_eabihelpers.a(double.o)
                0x00002780                __aeabi_d2f
 .text.__aeabi_f2d
                0x000027d0       0x38 c:/nxp/mcuxpressoide_11.0.1_2563/ide/plugins/com.nxp.mcuxpresso.tools.win32_11.0.1.201907311258/tools/bin/../lib/gcc/arm-none-eabi/8.2.1/thumb/v8-m.main+fp/hard\libcr_eabihelpers.a(float.o)
                0x000027d0                __aeabi_f2d
 .text.WDT_BOD_IRQHandler
                0x00002808        0x8 ./startup/startup_lpc55s69_cm33_core0.o
                0x00002808                WDT_BOD_IRQHandler
 .text.DMA0_IRQHandler
                0x00002810        0x8 ./startup/startup_lpc55s69_cm33_core0.o
                0x00002810                DMA0_IRQHandler
 .text.GINT0_IRQHandler
                0x00002818        0x8 ./startup/startup_lpc55s69_cm33_core0.o
                0x00002818                GINT0_IRQHandler
 .text.GINT1_IRQHandler
                0x00002820        0x8 ./startup/startup_lpc55s69_cm33_core0.o
                0x00002820                GINT1_IRQHandler
 .text.PIN_INT0_IRQHandler
                0x00002828        0x8 ./startup/startup_lpc55s69_cm33_core0.o
                0x00002828                PIN_INT0_IRQHandler
 .text.PIN_INT1_IRQHandler
                0x00002830        0x8 ./startup/startup_lpc55s69_cm33_core0.o
                0x00002830                PIN_INT1_IRQHandler
 .text.PIN_INT2_IRQHandler
                0x00002838        0x8 ./startup/startup_lpc55s69_cm33_core0.o
                0x00002838                PIN_INT2_IRQHandler
 .text.PIN_INT3_IRQHandler
                0x00002840        0x8 ./startup/startup_lpc55s69_cm33_core0.o
                0x00002840                PIN_INT3_IRQHandler
 .text.UTICK0_IRQHandler
                0x00002848        0x8 ./startup/startup_lpc55s69_cm33_core0.o
                0x00002848                UTICK0_IRQHandler
 .text.MRT0_IRQHandler
                0x00002850        0x8 ./startup/startup_lpc55s69_cm33_core0.o
                0x00002850                MRT0_IRQHandler
 .text.CTIMER0_IRQHandler
                0x00002858        0x8 ./startup/startup_lpc55s69_cm33_core0.o
                0x00002858                CTIMER0_IRQHandler
 .text.CTIMER1_IRQHandler
                0x00002860        0x8 ./startup/startup_lpc55s69_cm33_core0.o
                0x00002860                CTIMER1_IRQHandler
 .text.SCT0_IRQHandler
                0x00002868        0x8 ./startup/startup_lpc55s69_cm33_core0.o
                0x00002868                SCT0_IRQHandler
 .text.CTIMER3_IRQHandler
                0x00002870        0x8 ./startup/startup_lpc55s69_cm33_core0.o
                0x00002870                CTIMER3_IRQHandler
 .text.FLEXCOMM0_IRQHandler
                0x00002878        0x8 ./startup/startup_lpc55s69_cm33_core0.o
                0x00002878                FLEXCOMM0_IRQHandler
 .text.FLEXCOMM1_IRQHandler
                0x00002880        0x8 ./startup/startup_lpc55s69_cm33_core0.o
                0x00002880                FLEXCOMM1_IRQHandler
 .text.FLEXCOMM2_IRQHandler
                0x00002888        0x8 ./startup/startup_lpc55s69_cm33_core0.o
                0x00002888                FLEXCOMM2_IRQHandler
 .text.FLEXCOMM3_IRQHandler
                0x00002890        0x8 ./startup/startup_lpc55s69_cm33_core0.o
                0x00002890                FLEXCOMM3_IRQHandler
 .text.FLEXCOMM4_IRQHandler
                0x00002898        0x8 ./startup/startup_lpc55s69_cm33_core0.o
                0x00002898                FLEXCOMM4_IRQHandler
 .text.FLEXCOMM5_IRQHandler
                0x000028a0        0x8 ./startup/startup_lpc55s69_cm33_core0.o
                0x000028a0                FLEXCOMM5_IRQHandler
 .text.FLEXCOMM6_IRQHandler
                0x000028a8        0x8 ./startup/startup_lpc55s69_cm33_core0.o
                0x000028a8                FLEXCOMM6_IRQHandler
 .text.FLEXCOMM7_IRQHandler
                0x000028b0        0x8 ./startup/startup_lpc55s69_cm33_core0.o
                0x000028b0                FLEXCOMM7_IRQHandler
 .text.ADC0_IRQHandler
                0x000028b8        0x8 ./startup/startup_lpc55s69_cm33_core0.o
                0x000028b8                ADC0_IRQHandler
 .text.Reserved39_IRQHandler
                0x000028c0        0x8 ./startup/startup_lpc55s69_cm33_core0.o
                0x000028c0                Reserved39_IRQHandler
 .text.ACMP_IRQHandler
                0x000028c8        0x8 ./startup/startup_lpc55s69_cm33_core0.o
                0x000028c8                ACMP_IRQHandler
 .text.Reserved41_IRQHandler
                0x000028d0        0x8 ./startup/startup_lpc55s69_cm33_core0.o
                0x000028d0                Reserved41_IRQHandler
 .text.Reserved42_IRQHandler
                0x000028d8        0x8 ./startup/startup_lpc55s69_cm33_core0.o
                0x000028d8                Reserved42_IRQHandler
 .text.USB0_NEEDCLK_IRQHandler
                0x000028e0        0x8 ./startup/startup_lpc55s69_cm33_core0.o
                0x000028e0                USB0_NEEDCLK_IRQHandler
 .text.USB0_IRQHandler
                0x000028e8        0x8 ./startup/startup_lpc55s69_cm33_core0.o
                0x000028e8                USB0_IRQHandler
 .text.RTC_IRQHandler
                0x000028f0        0x8 ./startup/startup_lpc55s69_cm33_core0.o
                0x000028f0                RTC_IRQHandler
 .text.Reserved46_IRQHandler
                0x000028f8        0x8 ./startup/startup_lpc55s69_cm33_core0.o
                0x000028f8                Reserved46_IRQHandler
 .text.PIN_INT4_IRQHandler
                0x00002900        0x8 ./startup/startup_lpc55s69_cm33_core0.o
                0x00002900                PIN_INT4_IRQHandler
 .text.PIN_INT5_IRQHandler
                0x00002908        0x8 ./startup/startup_lpc55s69_cm33_core0.o
                0x00002908                PIN_INT5_IRQHandler
 .text.PIN_INT6_IRQHandler
                0x00002910        0x8 ./startup/startup_lpc55s69_cm33_core0.o
                0x00002910                PIN_INT6_IRQHandler
 .text.PIN_INT7_IRQHandler
                0x00002918        0x8 ./startup/startup_lpc55s69_cm33_core0.o
                0x00002918                PIN_INT7_IRQHandler
 .text.CTIMER2_IRQHandler
                0x00002920        0x8 ./startup/startup_lpc55s69_cm33_core0.o
                0x00002920                CTIMER2_IRQHandler
 .text.CTIMER4_IRQHandler
                0x00002928        0x8 ./startup/startup_lpc55s69_cm33_core0.o
                0x00002928                CTIMER4_IRQHandler
 .text.OS_EVENT_IRQHandler
                0x00002930        0x8 ./startup/startup_lpc55s69_cm33_core0.o
                0x00002930                OS_EVENT_IRQHandler
 .text.Reserved55_IRQHandler
                0x00002938        0x8 ./startup/startup_lpc55s69_cm33_core0.o
                0x00002938                Reserved55_IRQHandler
 .text.Reserved56_IRQHandler
                0x00002940        0x8 ./startup/startup_lpc55s69_cm33_core0.o
                0x00002940                Reserved56_IRQHandler
 .text.Reserved57_IRQHandler
                0x00002948        0x8 ./startup/startup_lpc55s69_cm33_core0.o
                0x00002948                Reserved57_IRQHandler
 .text.SDIO_IRQHandler
                0x00002950        0x8 ./startup/startup_lpc55s69_cm33_core0.o
                0x00002950                SDIO_IRQHandler
 .text.Reserved59_IRQHandler
                0x00002958        0x8 ./startup/startup_lpc55s69_cm33_core0.o
                0x00002958                Reserved59_IRQHandler
 .text.Reserved60_IRQHandler
                0x00002960        0x8 ./startup/startup_lpc55s69_cm33_core0.o
                0x00002960                Reserved60_IRQHandler
 .text.Reserved61_IRQHandler
                0x00002968        0x8 ./startup/startup_lpc55s69_cm33_core0.o
                0x00002968                Reserved61_IRQHandler
 .text.USB1_UTMI_IRQHandler
                0x00002970        0x8 ./startup/startup_lpc55s69_cm33_core0.o
                0x00002970                USB1_UTMI_IRQHandler
 .text.USB1_IRQHandler
                0x00002978        0x8 ./startup/startup_lpc55s69_cm33_core0.o
                0x00002978                USB1_IRQHandler
 .text.USB1_NEEDCLK_IRQHandler
                0x00002980        0x8 ./startup/startup_lpc55s69_cm33_core0.o
                0x00002980                USB1_NEEDCLK_IRQHandler
 .text.SEC_HYPERVISOR_CALL_IRQHandler
                0x00002988        0x8 ./startup/startup_lpc55s69_cm33_core0.o
                0x00002988                SEC_HYPERVISOR_CALL_IRQHandler
 .text.SEC_GPIO_INT0_IRQ0_IRQHandler
                0x00002990        0x8 ./startup/startup_lpc55s69_cm33_core0.o
                0x00002990                SEC_GPIO_INT0_IRQ0_IRQHandler
 .text.SEC_GPIO_INT0_IRQ1_IRQHandler
                0x00002998        0x8 ./startup/startup_lpc55s69_cm33_core0.o
                0x00002998                SEC_GPIO_INT0_IRQ1_IRQHandler
 .text.PLU_IRQHandler
                0x000029a0        0x8 ./startup/startup_lpc55s69_cm33_core0.o
                0x000029a0                PLU_IRQHandler
 .text.SEC_VIO_IRQHandler
                0x000029a8        0x8 ./startup/startup_lpc55s69_cm33_core0.o
                0x000029a8                SEC_VIO_IRQHandler
 .text.HASHCRYPT_IRQHandler
                0x000029b0        0x8 ./startup/startup_lpc55s69_cm33_core0.o
                0x000029b0                HASHCRYPT_IRQHandler
 .text.CASER_IRQHandler
                0x000029b8        0x8 ./startup/startup_lpc55s69_cm33_core0.o
                0x000029b8                CASER_IRQHandler
 .text.PUF_IRQHandler
                0x000029c0        0x8 ./startup/startup_lpc55s69_cm33_core0.o
                0x000029c0                PUF_IRQHandler
 .text.PQ_IRQHandler
                0x000029c8        0x8 ./startup/startup_lpc55s69_cm33_core0.o
                0x000029c8                PQ_IRQHandler
 .text.DMA1_IRQHandler
                0x000029d0        0x8 ./startup/startup_lpc55s69_cm33_core0.o
                0x000029d0                DMA1_IRQHandler
 .text.FLEXCOMM8_IRQHandler
                0x000029d8        0x8 ./startup/startup_lpc55s69_cm33_core0.o
                0x000029d8                FLEXCOMM8_IRQHandler
 .text.GPIO_PortToggle
                0x000029e0       0x26 ./source/hello_world_core0.o
 .text.SystemInitHook
                0x00002a06        0xc ./source/hello_world_core0.o
                0x00002a06                SystemInitHook
 .text.MCMGR_TriggerEvent
                0x00002a12       0x26 ./mcmgr/mcmgr.o
                0x00002a12                MCMGR_TriggerEvent
 .text.MCMGR_StartupDataEventHandler
                0x00002a38       0x5a ./mcmgr/mcmgr.o
 .text.MCMGR_FeedStartupDataEventHandler
                0x00002a92       0x66 ./mcmgr/mcmgr.o
 .text.MCMGR_GetCurrentCore
                0x00002af8        0xe ./mcmgr/mcmgr.o
                0x00002af8                MCMGR_GetCurrentCore
 .text.CLOCK_EnableClock
                0x00002b06       0x30 ./mcmgr/mcmgr_internal_core_api_lpc55s69.o
 .text.MAILBOX_Init
                0x00002b36       0x1c ./mcmgr/mcmgr_internal_core_api_lpc55s69.o
 .text.mcmgr_late_init_internal
                0x00002b52       0x22 ./mcmgr/mcmgr_internal_core_api_lpc55s69.o
                0x00002b52                mcmgr_late_init_internal
 .text.mcmgr_get_current_core_internal
                0x00002b74       0x10 ./mcmgr/mcmgr_internal_core_api_lpc55s69.o
                0x00002b74                mcmgr_get_current_core_internal
 .text.DefaultISR
                0x00002b84       0x1e ./mcmgr/mcmgr_internal_core_api_lpc55s69.o
                0x00002b84                DefaultISR
 .text.HardFault_Handler
                0x00002ba2        0xc ./mcmgr/mcmgr_internal_core_api_lpc55s69.o
                0x00002ba2                HardFault_Handler
 .text.NMI_Handler
                0x00002bae        0xc ./mcmgr/mcmgr_internal_core_api_lpc55s69.o
                0x00002bae                NMI_Handler
 .text.MemManage_Handler
                0x00002bba        0xc ./mcmgr/mcmgr_internal_core_api_lpc55s69.o
                0x00002bba                MemManage_Handler
 .text.BusFault_Handler
                0x00002bc6        0xc ./mcmgr/mcmgr_internal_core_api_lpc55s69.o
                0x00002bc6                BusFault_Handler
 .text.UsageFault_Handler
                0x00002bd2        0xc ./mcmgr/mcmgr_internal_core_api_lpc55s69.o
                0x00002bd2                UsageFault_Handler
 .text.CLOCK_EnableClock
                0x00002bde       0x30 ./drivers/fsl_flexcomm.o
 .text.FLEXCOMM_PeripheralIsPresent
                0x00002c0e       0x64 ./drivers/fsl_flexcomm.o
 .text.FLEXCOMM_SetPeriph
                0x00002c72       0x74 ./drivers/fsl_flexcomm.o
 .text.GPIO_PinInit
                0x00002ce6       0xa0 ./drivers/fsl_gpio.o
                0x00002ce6                GPIO_PinInit
 .text.RESET_PeripheralReset
                0x00002d86       0x1c ./drivers/fsl_reset.o
                0x00002d86                RESET_PeripheralReset
 .text.USART_EnableContinuousSCLK
                0x00002da2       0x38 ./drivers/fsl_usart.o
 .text.HAL_UartGetStatus
                0x00002dda       0x22 ./component/uart/usart_adapter.o
 .text.CLOCK_EnableClock
                0x00002dfc       0x30 ./board/pin_mux.o
 .text.IOCON_PinMuxSet
                0x00002e2c       0x2e ./board/pin_mux.o
 .text.__main   0x00002e5a        0xe c:/nxp/mcuxpressoide_11.0.1_2563/ide/plugins/com.nxp.mcuxpresso.tools.win32_11.0.1.201907311258/tools/bin/../lib/gcc/arm-none-eabi/8.2.1/../../../../arm-none-eabi/lib/thumb/v8-m.main+fp/hard\libcr_semihost_nf.a(_cr__main.o)
                0x00002e5a                __CR_SEMIHOST
                0x00002e5a                __main
 .text.memset   0x00002e68        0x4 c:/nxp/mcuxpressoide_11.0.1_2563/ide/plugins/com.nxp.mcuxpresso.tools.win32_11.0.1.201907311258/tools/bin/../lib/gcc/arm-none-eabi/8.2.1/../../../../arm-none-eabi/lib/thumb/v8-m.main+fp/hard\libcr_c.a(memset.o)
                0x00002e68                memset
 .text._deferredlazyseek
                0x00002e6c       0x40 c:/nxp/mcuxpressoide_11.0.1_2563/ide/plugins/com.nxp.mcuxpresso.tools.win32_11.0.1.201907311258/tools/bin/../lib/gcc/arm-none-eabi/8.2.1/../../../../arm-none-eabi/lib/thumb/v8-m.main+fp/hard\libcr_c.a(_deferredlazyseek.o)
                0x00002e6c                _deferredlazyseek
 .text.__flsbuf
                0x00002eac      0x140 c:/nxp/mcuxpressoide_11.0.1_2563/ide/plugins/com.nxp.mcuxpresso.tools.win32_11.0.1.201907311258/tools/bin/../lib/gcc/arm-none-eabi/8.2.1/../../../../arm-none-eabi/lib/thumb/v8-m.main+fp/hard\libcr_c.a(_deferredlazyseek.o)
                0x00002eac                __flsbuf
 .text._fflush  0x00002fec       0x52 c:/nxp/mcuxpressoide_11.0.1_2563/ide/plugins/com.nxp.mcuxpresso.tools.win32_11.0.1.201907311258/tools/bin/../lib/gcc/arm-none-eabi/8.2.1/../../../../arm-none-eabi/lib/thumb/v8-m.main+fp/hard\libcr_c.a(_fflush.o)
                0x00002fec                _fflush
 .text.free     0x0000303e       0x30 c:/nxp/mcuxpressoide_11.0.1_2563/ide/plugins/com.nxp.mcuxpresso.tools.win32_11.0.1.201907311258/tools/bin/../lib/gcc/arm-none-eabi/8.2.1/../../../../arm-none-eabi/lib/thumb/v8-m.main+fp/hard\libcr_c.a(alloc.o)
                0x0000303e                free
 .text.fputs    0x0000306e       0x2c c:/nxp/mcuxpressoide_11.0.1_2563/ide/plugins/com.nxp.mcuxpresso.tools.win32_11.0.1.201907311258/tools/bin/../lib/gcc/arm-none-eabi/8.2.1/../../../../arm-none-eabi/lib/thumb/v8-m.main+fp/hard\libcr_c.a(fputs.o)
                0x0000306e                fputs
 .text.no_fp_display
                0x0000309a        0x4 c:/nxp/mcuxpressoide_11.0.1_2563/ide/plugins/com.nxp.mcuxpresso.tools.win32_11.0.1.201907311258/tools/bin/../lib/gcc/arm-none-eabi/8.2.1/../../../../arm-none-eabi/lib/thumb/v8-m.main+fp/hard\libcr_c.a(printf.o)
 .text.strlen   0x0000309e       0x4c c:/nxp/mcuxpressoide_11.0.1_2563/ide/plugins/com.nxp.mcuxpresso.tools.win32_11.0.1.201907311258/tools/bin/../lib/gcc/arm-none-eabi/8.2.1/../../../../arm-none-eabi/lib/thumb/v8-m.main+fp/hard\libcr_c.a(strlen.o)
                0x0000309e                strlen
 .text._fdopen  0x000030ea       0x68 c:/nxp/mcuxpressoide_11.0.1_2563/ide/plugins/com.nxp.mcuxpresso.tools.win32_11.0.1.201907311258/tools/bin/../lib/gcc/arm-none-eabi/8.2.1/../../../../arm-none-eabi/lib/thumb/v8-m.main+fp/hard\libcr_c.a(_fdopen.o)
                0x000030ea                _fdopen
 .text.fclose   0x00003152       0x58 c:/nxp/mcuxpressoide_11.0.1_2563/ide/plugins/com.nxp.mcuxpresso.tools.win32_11.0.1.201907311258/tools/bin/../lib/gcc/arm-none-eabi/8.2.1/../../../../arm-none-eabi/lib/thumb/v8-m.main+fp/hard\libcr_c.a(fclose.o)
                0x00003152                fclose
 .text.remove   0x000031aa       0x14 c:/nxp/mcuxpressoide_11.0.1_2563/ide/plugins/com.nxp.mcuxpresso.tools.win32_11.0.1.201907311258/tools/bin/../lib/gcc/arm-none-eabi/8.2.1/../../../../arm-none-eabi/lib/thumb/v8-m.main+fp/hard\libcr_c.a(remove.o)
                0x000031aa                remove
 .text._do_fflush
                0x000031be       0x40 c:/nxp/mcuxpressoide_11.0.1_2563/ide/plugins/com.nxp.mcuxpresso.tools.win32_11.0.1.201907311258/tools/bin/../lib/gcc/arm-none-eabi/8.2.1/../../../../arm-none-eabi/lib/thumb/v8-m.main+fp/hard\libcr_c.a(_do_fflush.o)
                0x000031be                _do_fflush
 .text.__aeabi_memset_lowlevel
                0x000031fe       0x32 c:/nxp/mcuxpressoide_11.0.1_2563/ide/plugins/com.nxp.mcuxpresso.tools.win32_11.0.1.201907311258/tools/bin/../lib/gcc/arm-none-eabi/8.2.1/thumb/v8-m.main+fp/hard\libcr_eabihelpers.a(memcpy.o)
                0x000031fe                __aeabi_lowlevel_memset
 .text.__sys_close
                0x00003230        0xc c:/nxp/mcuxpressoide_11.0.1_2563/ide/plugins/com.nxp.mcuxpresso.tools.win32_11.0.1.201907311258/tools/bin/../lib/gcc/arm-none-eabi/8.2.1/../../../../arm-none-eabi/lib/thumb/v8-m.main+fp/hard\libcr_semihost_nf.a(__sys_close.o)
                0x00003230                __sys_close
 .text.__sys_flen
                0x0000323c        0xc c:/nxp/mcuxpressoide_11.0.1_2563/ide/plugins/com.nxp.mcuxpresso.tools.win32_11.0.1.201907311258/tools/bin/../lib/gcc/arm-none-eabi/8.2.1/../../../../arm-none-eabi/lib/thumb/v8-m.main+fp/hard\libcr_semihost_nf.a(__sys_flen.o)
                0x0000323c                __sys_flen
 .text.__sys_istty
                0x00003248        0xc c:/nxp/mcuxpressoide_11.0.1_2563/ide/plugins/com.nxp.mcuxpresso.tools.win32_11.0.1.201907311258/tools/bin/../lib/gcc/arm-none-eabi/8.2.1/../../../../arm-none-eabi/lib/thumb/v8-m.main+fp/hard\libcr_semihost_nf.a(__sys_istty.o)
                0x00003248                __sys_istty
 .text.__sys_remove
                0x00003254        0xc c:/nxp/mcuxpressoide_11.0.1_2563/ide/plugins/com.nxp.mcuxpresso.tools.win32_11.0.1.201907311258/tools/bin/../lib/gcc/arm-none-eabi/8.2.1/../../../../arm-none-eabi/lib/thumb/v8-m.main+fp/hard\libcr_semihost_nf.a(__sys_remove.o)
                0x00003254                __sys_remove
 .text.__sys_seek
                0x00003260        0xc c:/nxp/mcuxpressoide_11.0.1_2563/ide/plugins/com.nxp.mcuxpresso.tools.win32_11.0.1.201907311258/tools/bin/../lib/gcc/arm-none-eabi/8.2.1/../../../../arm-none-eabi/lib/thumb/v8-m.main+fp/hard\libcr_semihost_nf.a(__sys_seek.o)
                0x00003260                __sys_seek
 .text.__sys_tmpnam
                0x0000326c        0xc c:/nxp/mcuxpressoide_11.0.1_2563/ide/plugins/com.nxp.mcuxpresso.tools.win32_11.0.1.201907311258/tools/bin/../lib/gcc/arm-none-eabi/8.2.1/../../../../arm-none-eabi/lib/thumb/v8-m.main+fp/hard\libcr_semihost_nf.a(__sys_tmpnam.o)
                0x0000326c                __sys_tmpnam
 .text.__sys_write
                0x00003278        0xc c:/nxp/mcuxpressoide_11.0.1_2563/ide/plugins/com.nxp.mcuxpresso.tools.win32_11.0.1.201907311258/tools/bin/../lib/gcc/arm-none-eabi/8.2.1/../../../../arm-none-eabi/lib/thumb/v8-m.main+fp/hard\libcr_semihost_nf.a(__sys_write.o)
                0x00003278                __sys_write
 *(SORT_BY_ALIGNMENT(.rodata) SORT_BY_ALIGNMENT(.rodata.*) SORT_BY_ALIGNMENT(.constdata) SORT_BY_ALIGNMENT(.constdata.*))
 .rodata        0x00003284      0x21f ./utilities/fsl_debug_console.o
 *fill*         0x000034a3        0x1 ff
 .rodata        0x000034a4       0x77 ./source/hello_world_core0.o
 *fill*         0x0000351b        0x1 ff
 .rodata        0x0000351c      0x13e ./mcmgr/mcmgr_internal_core_api_lpc55s69.o
 *fill*         0x0000365a        0x2 ff
 .rodata.s_mcmgrCores
                0x0000365c       0x10 ./mcmgr/mcmgr_internal_core_api_lpc55s69.o
 .rodata.g_mcmgrSystem
                0x0000366c        0xc ./mcmgr/mcmgr_internal_core_api_lpc55s69.o
                0x0000366c                g_mcmgrSystem
 .rodata.s_flexcommBaseAddrs
                0x00003678       0x24 ./drivers/fsl_flexcomm.o
 .rodata.s_flexcommClocks
                0x0000369c       0x12 ./drivers/fsl_flexcomm.o
 *fill*         0x000036ae        0x2 ff
 .rodata.s_flexcommResets
                0x000036b0       0x24 ./drivers/fsl_flexcomm.o
 .rodata        0x000036d4      0x220 ./drivers/fsl_flexcomm.o
 .rodata        0x000038f4       0x55 ./drivers/fsl_reset.o
 *fill*         0x00003949        0x3 ff
 .rodata        0x0000394c      0x5d0 ./drivers/fsl_usart.o
 .rodata.s_UsartAdapterBase
                0x00003f1c       0x20 ./component/uart/usart_adapter.o
 .rodata        0x00003f3c      0x26f ./component/uart/usart_adapter.o
 *fill*         0x000041ab        0x1 ff
 .rodata        0x000041ac      0x525 ./component/serial_manager/serial_manager.o
 *fill*         0x000046d1        0x3 ff
 .rodata        0x000046d4      0x244 ./component/serial_manager/serial_port_uart.o
 .rodata.__num_Ciob_streams
                0x00004918        0x4 c:/nxp/mcuxpressoide_11.0.1_2563/ide/plugins/com.nxp.mcuxpresso.tools.win32_11.0.1.201907311258/tools/bin/../lib/gcc/arm-none-eabi/8.2.1/../../../../arm-none-eabi/lib/thumb/v8-m.main+fp/hard\libcr_semihost_nf.a(__ciob.o)
                0x00004918                __num_Ciob_streams
 .rodata.__assertion_failed.str1.1
                0x0000491c       0x15 c:/nxp/mcuxpressoide_11.0.1_2563/ide/plugins/com.nxp.mcuxpresso.tools.win32_11.0.1.201907311258/tools/bin/../lib/gcc/arm-none-eabi/8.2.1/../../../../arm-none-eabi/lib/thumb/v8-m.main+fp/hard\libcr_semihost_nf.a(_cr_assert.o)
 .rodata._Csys_alloc.str1.1
                0x00004931       0x18 c:/nxp/mcuxpressoide_11.0.1_2563/ide/plugins/com.nxp.mcuxpresso.tools.win32_11.0.1.201907311258/tools/bin/../lib/gcc/arm-none-eabi/8.2.1/../../../../arm-none-eabi/lib/thumb/v8-m.main+fp/hard\libcr_c.a(alloc.o)
 .rodata._initio.str1.1
                0x00004949        0x4 c:/nxp/mcuxpressoide_11.0.1_2563/ide/plugins/com.nxp.mcuxpresso.tools.win32_11.0.1.201907311258/tools/bin/../lib/gcc/arm-none-eabi/8.2.1/../../../../arm-none-eabi/lib/thumb/v8-m.main+fp/hard\libcr_c.a(initio.o)
 .rodata.__vfprintf.str1.1
                0x0000494d       0x35 c:/nxp/mcuxpressoide_11.0.1_2563/ide/plugins/com.nxp.mcuxpresso.tools.win32_11.0.1.201907311258/tools/bin/../lib/gcc/arm-none-eabi/8.2.1/../../../../arm-none-eabi/lib/thumb/v8-m.main+fp/hard\libcr_c.a(printf.o)
                                 0x38 (size before relaxing)
                0x00004984                . = ALIGN (0x4)
 *fill*         0x00004982        0x2 ff

.glue_7         0x00004984        0x0
 .glue_7        0x00004984        0x0 linker stubs

.glue_7t        0x00004984        0x0
 .glue_7t       0x00004984        0x0 linker stubs

.vfp11_veneer   0x00004984        0x0
 .vfp11_veneer  0x00004984        0x0 linker stubs

.v4_bx          0x00004984        0x0
 .v4_bx         0x00004984        0x0 linker stubs

.iplt           0x00004984        0x0
 .iplt          0x00004984        0x0 ./utilities/fsl_debug_console.o

.ARM.extab
 *(SORT_BY_ALIGNMENT(.ARM.extab*) SORT_BY_ALIGNMENT(.gnu.linkonce.armextab.*))
                0x00004984                __exidx_start = .

.ARM.exidx
 *(SORT_BY_ALIGNMENT(.ARM.exidx*) SORT_BY_ALIGNMENT(.gnu.linkonce.armexidx.*))
                0x00004984                __exidx_end = .
                0x00004984                _etext = .

.data_RAM2_core_m33slave_text
                0x20033000     0x1ad4 load address 0x00004984
 FILL mask 0xff
                [!provide]                PROVIDE (__start_data_RAM2 = .)
                0x20033000                __core_m33slave_START__ = .
 *(SORT_BY_ALIGNMENT(.core_m33slave))
 .core_m33slave
                0x20033000     0x1ad4 C:/Users/Trevor Heyl/Documents/MCUXpressoIDE_11.0.1_2563/workspace/lpcxpresso55s69_hello_world_cm33_core1/Debug/lpcxpresso55s69_hello_world_cm33_core1.axf.o

.rel.dyn        0x20034ad4        0x0 load address 0x00006458
 .rel.iplt      0x20034ad4        0x0 ./utilities/fsl_debug_console.o

.data_RAM2_core_m33slave_ARM_extab
                0x20034ad4        0x0 load address 0x00006458
 FILL mask 0xff
 *(SORT_BY_ALIGNMENT(.core_m33slave.ARM.extab))

.data_RAM2_core_m33slave_ARM_exidx
                0x20034ad4        0x0 load address 0x00006458
 FILL mask 0xff
 *(SORT_BY_ALIGNMENT(.core_m33slave.ARM.exidx))

.data_RAM2_core_m33slave_data
                0x20034ad4        0x0 load address 0x00006458
 FILL mask 0xff
 *(SORT_BY_ALIGNMENT(.core_m33slave.data_*))
 .core_m33slave.data_RAM2
                0x20034ad4        0x0 C:/Users/Trevor Heyl/Documents/MCUXpressoIDE_11.0.1_2563/workspace/lpcxpresso55s69_hello_world_cm33_core1/Debug/lpcxpresso55s69_hello_world_cm33_core1.axf.o
 *(SORT_BY_ALIGNMENT(.core_m33slave.data))
 .core_m33slave.data
                0x20034ad4        0x0 C:/Users/Trevor Heyl/Documents/MCUXpressoIDE_11.0.1_2563/workspace/lpcxpresso55s69_hello_world_cm33_core1/Debug/lpcxpresso55s69_hello_world_cm33_core1.axf.o
                0x20034ad4                __end_data_core_m33slave
                0x20034ad4                __start_data_core_m33slave
                0x20034ad4                __core_m33slave_END__ = .
                0x00000001                ASSERT (! ((__core_m33slave_START__ == __core_m33slave_END__)), No slave code for _core_m33slave)
                0x00000001                ASSERT ((ABSOLUTE (__core_m33slave_START__) == __vectors_start___core_m33slave), M33SLAVE execute address differs from address provided in source image)

.data_RAM2      0x20034ad4        0x0 load address 0x00006458
 FILL mask 0xff
 *(SORT_BY_ALIGNMENT(.ramfunc.$RAM2))
 *(SORT_BY_ALIGNMENT(.ramfunc.$Ram1))
 *(SORT_BY_ALIGNMENT(.data.$RAM2))
 *(SORT_BY_ALIGNMENT(.data.$Ram1))
 *(SORT_BY_ALIGNMENT(.data.$RAM2.*))
 *(SORT_BY_ALIGNMENT(.data.$Ram1.*))
                0x20034ad4                . = ALIGN (0x4)
                [!provide]                PROVIDE (__end_data_RAM2 = .)

.data_RAM3      0x20031800        0x0 load address 0x00006458
 FILL mask 0xff
                [!provide]                PROVIDE (__start_data_RAM3 = .)
 *(SORT_BY_ALIGNMENT(.ramfunc.$RAM3))
 *(SORT_BY_ALIGNMENT(.ramfunc.$rpmsg_sh_mem))
 *(SORT_BY_ALIGNMENT(.data.$RAM3))
 *(SORT_BY_ALIGNMENT(.data.$rpmsg_sh_mem))
 *(SORT_BY_ALIGNMENT(.data.$RAM3.*))
 *(SORT_BY_ALIGNMENT(.data.$rpmsg_sh_mem.*))
                0x20031800                . = ALIGN (0x4)
                [!provide]                PROVIDE (__end_data_RAM3 = .)

.uninit_RESERVED
                0x20000000        0x0
                0x20000000                . = ALIGN (0x4)
 *(SORT_BY_ALIGNMENT(.bss.$RESERVED*))
                0x20000000                . = ALIGN (0x4)
                0x20000000                _end_uninit_RESERVED = .
 .uninit_RESERVED
                0x20000000        0x0 C:/Users/Trevor Heyl/Documents/MCUXpressoIDE_11.0.1_2563/workspace/lpcxpresso55s69_hello_world_cm33_core1/Debug/lpcxpresso55s69_hello_world_cm33_core1.axf.o

.data           0x20000000        0x4 load address 0x00006458
 FILL mask 0xff
                0x20000000                _data = .
 *(SORT_BY_ALIGNMENT(vtable))
 *(SORT_BY_ALIGNMENT(.ramfunc*))
 *(SORT_BY_ALIGNMENT(CodeQuickAccess))
 *(SORT_BY_ALIGNMENT(DataQuickAccess))
 *(SORT_BY_ALIGNMENT(RamFunction))
 *(SORT_BY_ALIGNMENT(.data*))
 .data.SystemCoreClock
                0x20000000        0x4 ./device/system_LPC55S69_cm33_core0.o
                0x20000000                SystemCoreClock
                0x20000004                . = ALIGN (0x4)
                0x20000004                _edata = .

.igot.plt       0x20000004        0x0 load address 0x0000645c
 .igot.plt      0x20000004        0x0 ./utilities/fsl_debug_console.o

.bss_RAM2       0x20034ad4        0x0
                0x20034ad4                . = ALIGN (0x4)
                [!provide]                PROVIDE (__start_bss_RAM2 = .)
 *(SORT_BY_ALIGNMENT(.bss.$RAM2))
 *(SORT_BY_ALIGNMENT(.bss.$Ram1))
 *(SORT_BY_ALIGNMENT(.bss.$RAM2.*))
 *(SORT_BY_ALIGNMENT(.bss.$Ram1.*))
                0x20034ad4                . = ALIGN ((. != 0x0)?0x4:0x1)
                [!provide]                PROVIDE (__end_bss_RAM2 = .)

.bss_RAM3       0x20031800        0x0
                0x20031800                . = ALIGN (0x4)
                [!provide]                PROVIDE (__start_bss_RAM3 = .)
 *(SORT_BY_ALIGNMENT(.bss.$RAM3))
 *(SORT_BY_ALIGNMENT(.bss.$rpmsg_sh_mem))
 *(SORT_BY_ALIGNMENT(.bss.$RAM3.*))
 *(SORT_BY_ALIGNMENT(.bss.$rpmsg_sh_mem.*))
                0x20031800                . = ALIGN ((. != 0x0)?0x4:0x1)
                [!provide]                PROVIDE (__end_bss_RAM3 = .)

.bss            0x20000004      0x178
                0x20000004                . = ALIGN (0x4)
                0x20000004                _bss = .
 *(SORT_BY_ALIGNMENT(.bss*))
 .bss.s_debugConsoleState
                0x20000004       0x1c ./utilities/fsl_debug_console.o
 .bss.g_serialHandle
                0x20000020        0x4 ./utilities/fsl_debug_console.o
                0x20000020                g_serialHandle
 .bss.MCMGR_eventTable
                0x20000024       0x40 ./mcmgr/mcmgr.o
                0x20000024                MCMGR_eventTable
 .bss.s_mcmgrCoresContext
                0x20000064       0x10 ./mcmgr/mcmgr_internal_core_api_lpc55s69.o
                0x20000064                s_mcmgrCoresContext
 .bss.s_flexcommIrqHandler
                0x20000074       0x24 ./drivers/fsl_flexcomm.o
 .bss.s_flexcommHandle
                0x20000098       0x24 ./drivers/fsl_flexcomm.o
 .bss.__Ciob    0x200000bc       0xb4 c:/nxp/mcuxpressoide_11.0.1_2563/ide/plugins/com.nxp.mcuxpresso.tools.win32_11.0.1.201907311258/tools/bin/../lib/gcc/arm-none-eabi/8.2.1/../../../../arm-none-eabi/lib/thumb/v8-m.main+fp/hard\libcr_semihost_nf.a(__ciob.o)
                0x200000bc                __Ciob
 .bss.__end_of_heap
                0x20000170        0x4 c:/nxp/mcuxpressoide_11.0.1_2563/ide/plugins/com.nxp.mcuxpresso.tools.win32_11.0.1.201907311258/tools/bin/../lib/gcc/arm-none-eabi/8.2.1/../../../../arm-none-eabi/lib/thumb/v8-m.main+fp/hard\libcr_c.a(__init_alloc.o)
                0x20000170                __end_of_heap
 .bss.__heaps   0x20000174        0x4 c:/nxp/mcuxpressoide_11.0.1_2563/ide/plugins/com.nxp.mcuxpresso.tools.win32_11.0.1.201907311258/tools/bin/../lib/gcc/arm-none-eabi/8.2.1/../../../../arm-none-eabi/lib/thumb/v8-m.main+fp/hard\libcr_c.a(__init_alloc.o)
                0x20000174                __heaps
 .bss.errno     0x20000178        0x4 c:/nxp/mcuxpressoide_11.0.1_2563/ide/plugins/com.nxp.mcuxpresso.tools.win32_11.0.1.201907311258/tools/bin/../lib/gcc/arm-none-eabi/8.2.1/../../../../arm-none-eabi/lib/thumb/v8-m.main+fp/hard\libcr_c.a(errno.o)
                0x20000178                errno
 *(SORT_BY_ALIGNMENT(COMMON))
                0x2000017c                . = ALIGN (0x4)
                0x2000017c                _ebss = .
                [!provide]                PROVIDE (end = .)

.noinit_RAM2    0x20034ad4        0x0
                0x20034ad4                . = ALIGN (0x4)
 *(SORT_BY_ALIGNMENT(.noinit.$RAM2))
 *(SORT_BY_ALIGNMENT(.noinit.$Ram1))
 *(SORT_BY_ALIGNMENT(.noinit.$RAM2.*))
 *(SORT_BY_ALIGNMENT(.noinit.$Ram1.*))
                0x20034ad4                . = ALIGN (0x4)

.noinit_RAM3    0x20031800        0x0
                0x20031800                . = ALIGN (0x4)
 *(SORT_BY_ALIGNMENT(.noinit.$RAM3))
 *(SORT_BY_ALIGNMENT(.noinit.$rpmsg_sh_mem))
 *(SORT_BY_ALIGNMENT(.noinit.$RAM3.*))
 *(SORT_BY_ALIGNMENT(.noinit.$rpmsg_sh_mem.*))
                0x20031800                . = ALIGN (0x4)

.noinit         0x2000017c        0x0
                0x2000017c                . = ALIGN (0x4)
                0x2000017c                _noinit = .
 *(SORT_BY_ALIGNMENT(.noinit*))
                0x2000017c                . = ALIGN (0x4)
                0x2000017c                _end_noinit = .
                0x00001000                _HeapSize = 0x1000

.heap           0x2000017c     0x1000
                0x2000017c                _pvHeapStart = .
                0x2000117c                . = (. + _HeapSize)
 *fill*         0x2000017c     0x1000 
                0x2000117c                . = ALIGN (0x4)
                0x2000117c                _pvHeapLimit = .
                0x00001000                _StackSize = 0x1000

.heap2stackfill
                0x2000117c     0x1000
                0x2000217c                . = (. + _StackSize)
 *fill*         0x2000117c     0x1000 

.stack          0x20030800        0x0
                0x20030800                _vStackBase = .
                0x20030800                . = ALIGN (0x4)
                0x20031800                _vStackTop = (. + _StackSize)
 .stack         0x20030800        0x0 C:/Users/Trevor Heyl/Documents/MCUXpressoIDE_11.0.1_2563/workspace/lpcxpresso55s69_hello_world_cm33_core1/Debug/lpcxpresso55s69_hello_world_cm33_core1.axf.o
                [!provide]                PROVIDE (__valid_user_code_checksum = (0x0 - ((((((_vStackTop + (ResetISR + 0x1)) + (NMI_Handler + 0x1)) + (HardFault_Handler + 0x1)) + (DEFINED (MemManage_Handler)?MemManage_Handler:0x0 + 0x1)) + (DEFINED (BusFault_Handler)?BusFault_Handler:0x0 + 0x1)) + (DEFINED (UsageFault_Handler)?UsageFault_Handler:0x0 + 0x1))))
                0x00000000                _image_start = LOADADDR (.text)
                0x0000645c                _image_end = (LOADADDR (.data) + SIZEOF (.data))
                0x0000645c                _image_size = (_image_end - _image_start)
OUTPUT(lpcxpresso55s69_hello_world_cm33_core0.axf elf32-littlearm)

.debug_info     0x00000000    0x17271
 .debug_info    0x00000000      0x9ea ./utilities/fsl_debug_console.o
 .debug_info    0x000009ea      0x6fb ./startup/startup_lpc55s69_cm33_core0.o
 .debug_info    0x000010e5      0xa75 ./source/hello_world_core0.o
 .debug_info    0x00001b5a      0x851 ./mcmgr/mcmgr.o
 .debug_info    0x000023ab     0x24a0 ./mcmgr/mcmgr_internal_core_api_lpc55s69.o
 .debug_info    0x0000484b     0x3982 ./drivers/fsl_clock.o
 .debug_info    0x000081cd     0x1be8 ./drivers/fsl_flexcomm.o
 .debug_info    0x00009db5     0x1966 ./drivers/fsl_gpio.o
 .debug_info    0x0000b71b     0x10cb ./drivers/fsl_reset.o
 .debug_info    0x0000c7e6     0x165c ./drivers/fsl_usart.o
 .debug_info    0x0000de42     0x16e0 ./device/system_LPC55S69_cm33_core0.o
 .debug_info    0x0000f522      0xda3 ./component/uart/usart_adapter.o
 .debug_info    0x000102c5      0x74f ./component/serial_manager/serial_manager.o
 .debug_info    0x00010a14      0x4e6 ./component/serial_manager/serial_port_uart.o
 .debug_info    0x00010efa      0x9ac ./board/board.o
 .debug_info    0x000118a6     0x1858 ./board/clock_config.o
 .debug_info    0x000130fe     0x1186 ./board/pin_mux.o
 .debug_info    0x00014284     0x2fed C:\Users\Trevor Heyl\Documents\MCUXpressoIDE_11.0.1_2563\workspace\lpcxpresso55s69_hello_world_cm33_core0\libs\libpower_hardabi.a(fsl_power_lib.o)

.debug_abbrev   0x00000000     0x286c
 .debug_abbrev  0x00000000      0x1af ./utilities/fsl_debug_console.o
 .debug_abbrev  0x000001af      0x15a ./startup/startup_lpc55s69_cm33_core0.o
 .debug_abbrev  0x00000309      0x21a ./source/hello_world_core0.o
 .debug_abbrev  0x00000523      0x1e1 ./mcmgr/mcmgr.o
 .debug_abbrev  0x00000704      0x346 ./mcmgr/mcmgr_internal_core_api_lpc55s69.o
 .debug_abbrev  0x00000a4a      0x3a6 ./drivers/fsl_clock.o
 .debug_abbrev  0x00000df0      0x2c1 ./drivers/fsl_flexcomm.o
 .debug_abbrev  0x000010b1      0x244 ./drivers/fsl_gpio.o
 .debug_abbrev  0x000012f5      0x195 ./drivers/fsl_reset.o
 .debug_abbrev  0x0000148a      0x382 ./drivers/fsl_usart.o
 .debug_abbrev  0x0000180c      0x1fa ./device/system_LPC55S69_cm33_core0.o
 .debug_abbrev  0x00001a06      0x20a ./component/uart/usart_adapter.o
 .debug_abbrev  0x00001c10      0x17d ./component/serial_manager/serial_manager.o
 .debug_abbrev  0x00001d8d      0x160 ./component/serial_manager/serial_port_uart.o
 .debug_abbrev  0x00001eed      0x14e ./board/board.o
 .debug_abbrev  0x0000203b      0x1e5 ./board/clock_config.o
 .debug_abbrev  0x00002220      0x20b ./board/pin_mux.o
 .debug_abbrev  0x0000242b      0x441 C:\Users\Trevor Heyl\Documents\MCUXpressoIDE_11.0.1_2563\workspace\lpcxpresso55s69_hello_world_cm33_core0\libs\libpower_hardabi.a(fsl_power_lib.o)

.debug_aranges  0x00000000      0xad8
 .debug_aranges
                0x00000000       0x50 ./utilities/fsl_debug_console.o
 .debug_aranges
                0x00000050      0x268 ./startup/startup_lpc55s69_cm33_core0.o
 .debug_aranges
                0x000002b8       0x38 ./source/hello_world_core0.o
 .debug_aranges
                0x000002f0       0x90 ./mcmgr/mcmgr.o
 .debug_aranges
                0x00000380       0xc8 ./mcmgr/mcmgr_internal_core_api_lpc55s69.o
 .debug_aranges
                0x00000448      0x218 ./drivers/fsl_clock.o
 .debug_aranges
                0x00000660       0x90 ./drivers/fsl_flexcomm.o
 .debug_aranges
                0x000006f0       0x30 ./drivers/fsl_gpio.o
 .debug_aranges
                0x00000720       0x30 ./drivers/fsl_reset.o
 .debug_aranges
                0x00000750       0xe0 ./drivers/fsl_usart.o
 .debug_aranges
                0x00000830       0x88 ./device/system_LPC55S69_cm33_core0.o
 .debug_aranges
                0x000008b8       0x40 ./component/uart/usart_adapter.o
 .debug_aranges
                0x000008f8       0x88 ./component/serial_manager/serial_manager.o
 .debug_aranges
                0x00000980       0x38 ./component/serial_manager/serial_port_uart.o
 .debug_aranges
                0x000009b8       0x28 ./board/board.o
 .debug_aranges
                0x000009e0       0x40 ./board/clock_config.o
 .debug_aranges
                0x00000a20       0x38 ./board/pin_mux.o
 .debug_aranges
                0x00000a58       0x80 C:\Users\Trevor Heyl\Documents\MCUXpressoIDE_11.0.1_2563\workspace\lpcxpresso55s69_hello_world_cm33_core0\libs\libpower_hardabi.a(fsl_power_lib.o)

.debug_ranges   0x00000000      0xa58
 .debug_ranges  0x00000000       0x40 ./utilities/fsl_debug_console.o
 .debug_ranges  0x00000040      0x258 ./startup/startup_lpc55s69_cm33_core0.o
 .debug_ranges  0x00000298       0x28 ./source/hello_world_core0.o
 .debug_ranges  0x000002c0       0x80 ./mcmgr/mcmgr.o
 .debug_ranges  0x00000340       0xb8 ./mcmgr/mcmgr_internal_core_api_lpc55s69.o
 .debug_ranges  0x000003f8      0x208 ./drivers/fsl_clock.o
 .debug_ranges  0x00000600       0x80 ./drivers/fsl_flexcomm.o
 .debug_ranges  0x00000680       0x20 ./drivers/fsl_gpio.o
 .debug_ranges  0x000006a0       0x20 ./drivers/fsl_reset.o
 .debug_ranges  0x000006c0       0xd0 ./drivers/fsl_usart.o
 .debug_ranges  0x00000790       0x78 ./device/system_LPC55S69_cm33_core0.o
 .debug_ranges  0x00000808       0x30 ./component/uart/usart_adapter.o
 .debug_ranges  0x00000838       0x78 ./component/serial_manager/serial_manager.o
 .debug_ranges  0x000008b0       0x28 ./component/serial_manager/serial_port_uart.o
 .debug_ranges  0x000008d8       0x18 ./board/board.o
 .debug_ranges  0x000008f0       0x30 ./board/clock_config.o
 .debug_ranges  0x00000920       0x28 ./board/pin_mux.o
 .debug_ranges  0x00000948      0x110 C:\Users\Trevor Heyl\Documents\MCUXpressoIDE_11.0.1_2563\workspace\lpcxpresso55s69_hello_world_cm33_core0\libs\libpower_hardabi.a(fsl_power_lib.o)

.debug_macro    0x00000000     0x2258
 .debug_macro   0x00000000      0x1ae ./utilities/fsl_debug_console.o
 .debug_macro   0x000001ae       0x16 ./utilities/fsl_debug_console.o
 .debug_macro   0x000001c4       0x10 ./utilities/fsl_debug_console.o
 .debug_macro   0x000001d4       0x28 ./utilities/fsl_debug_console.o
 .debug_macro   0x000001fc       0x5d ./utilities/fsl_debug_console.o
 .debug_macro   0x00000259       0x1c ./utilities/fsl_debug_console.o
 .debug_macro   0x00000275       0x29 ./startup/startup_lpc55s69_cm33_core0.o
 .debug_macro   0x0000029e      0x1a9 ./source/hello_world_core0.o
 .debug_macro   0x00000447       0x10 ./source/hello_world_core0.o
 .debug_macro   0x00000457       0x28 ./source/hello_world_core0.o
 .debug_macro   0x0000047f       0xf6 ./source/hello_world_core0.o
 .debug_macro   0x00000575      0x255 ./source/hello_world_core0.o
 .debug_macro   0x000007ca       0x2e ./source/hello_world_core0.o
 .debug_macro   0x000007f8       0x6c ./mcmgr/mcmgr.o
 .debug_macro   0x00000864       0xd8 ./mcmgr/mcmgr.o
 .debug_macro   0x0000093c      0x14d ./mcmgr/mcmgr_internal_core_api_lpc55s69.o
 .debug_macro   0x00000a89       0x10 ./mcmgr/mcmgr_internal_core_api_lpc55s69.o
 .debug_macro   0x00000a99      0x1bd ./drivers/fsl_clock.o
 .debug_macro   0x00000c56      0x41f ./drivers/fsl_clock.o
 .debug_macro   0x00001075      0x127 ./drivers/fsl_flexcomm.o
 .debug_macro   0x0000119c       0x10 ./drivers/fsl_flexcomm.o
 .debug_macro   0x000011ac      0x12e ./drivers/fsl_gpio.o
 .debug_macro   0x000012da      0x11e ./drivers/fsl_reset.o
 .debug_macro   0x000013f8      0x136 ./drivers/fsl_usart.o
 .debug_macro   0x0000152e       0x16 ./drivers/fsl_usart.o
 .debug_macro   0x00001544       0xc1 ./device/system_LPC55S69_cm33_core0.o
 .debug_macro   0x00001605      0x133 ./component/uart/usart_adapter.o
 .debug_macro   0x00001738       0x1c ./component/uart/usart_adapter.o
 .debug_macro   0x00001754       0x22 ./component/uart/usart_adapter.o
 .debug_macro   0x00001776      0x151 ./component/serial_manager/serial_manager.o
 .debug_macro   0x000018c7      0x142 ./component/serial_manager/serial_port_uart.o
 .debug_macro   0x00001a09       0x22 ./component/serial_manager/serial_port_uart.o
 .debug_macro   0x00001a2b      0x18a ./board/board.o
 .debug_macro   0x00001bb5      0x13e ./board/clock_config.o
 .debug_macro   0x00001cf3      0x419 ./board/clock_config.o
 .debug_macro   0x0000210c       0x22 ./board/clock_config.o
 .debug_macro   0x0000212e      0x12a ./board/pin_mux.o

.debug_line     0x00000000     0x6f85
 .debug_line    0x00000000      0x550 ./utilities/fsl_debug_console.o
 .debug_line    0x00000550      0x6ab ./startup/startup_lpc55s69_cm33_core0.o
 .debug_line    0x00000bfb      0x438 ./source/hello_world_core0.o
 .debug_line    0x00001033      0x42a ./mcmgr/mcmgr.o
 .debug_line    0x0000145d      0x679 ./mcmgr/mcmgr_internal_core_api_lpc55s69.o
 .debug_line    0x00001ad6     0x1712 ./drivers/fsl_clock.o
 .debug_line    0x000031e8      0x576 ./drivers/fsl_flexcomm.o
 .debug_line    0x0000375e      0x343 ./drivers/fsl_gpio.o
 .debug_line    0x00003aa1      0x34c ./drivers/fsl_reset.o
 .debug_line    0x00003ded      0xcec ./drivers/fsl_usart.o
 .debug_line    0x00004ad9      0x68f ./device/system_LPC55S69_cm33_core0.o
 .debug_line    0x00005168      0x42b ./component/uart/usart_adapter.o
 .debug_line    0x00005593      0x5f5 ./component/serial_manager/serial_manager.o
 .debug_line    0x00005b88      0x42e ./component/serial_manager/serial_port_uart.o
 .debug_line    0x00005fb6      0x391 ./board/board.o
 .debug_line    0x00006347      0x384 ./board/clock_config.o
 .debug_line    0x000066cb      0x34b ./board/pin_mux.o
 .debug_line    0x00006a16      0x56f C:\Users\Trevor Heyl\Documents\MCUXpressoIDE_11.0.1_2563\workspace\lpcxpresso55s69_hello_world_cm33_core0\libs\libpower_hardabi.a(fsl_power_lib.o)

.debug_str      0x00000000    0xcda23
 .debug_str     0x00000000    0xc30b7 ./utilities/fsl_debug_console.o
                              0xc31ce (size before relaxing)
 .debug_str     0x000c30b7      0x69f ./startup/startup_lpc55s69_cm33_core0.o
                               0x3663 (size before relaxing)
 .debug_str     0x000c3756     0x288b ./source/hello_world_core0.o
                              0xc4725 (size before relaxing)
 .debug_str     0x000c5fe1      0x611 ./mcmgr/mcmgr.o
                               0x50e8 (size before relaxing)
 .debug_str     0x000c65f2     0x1b9c ./mcmgr/mcmgr_internal_core_api_lpc55s69.o
                              0xc4325 (size before relaxing)
 .debug_str     0x000c818e     0x326c ./drivers/fsl_clock.o
                              0xc7058 (size before relaxing)
 .debug_str     0x000cb3fa      0x340 ./drivers/fsl_flexcomm.o
                              0xc3d64 (size before relaxing)
 .debug_str     0x000cb73a       0x7b ./drivers/fsl_gpio.o
                              0xc370a (size before relaxing)
 .debug_str     0x000cb7b5       0xae ./drivers/fsl_reset.o
                              0xc26d9 (size before relaxing)
 .debug_str     0x000cb863      0xba5 ./drivers/fsl_usart.o
                              0xc341b (size before relaxing)
 .debug_str     0x000cc408      0x110 ./device/system_LPC55S69_cm33_core0.o
                              0xc05ae (size before relaxing)
 .debug_str     0x000cc518      0x33f ./component/uart/usart_adapter.o
                              0xc2f5f (size before relaxing)
 .debug_str     0x000cc857      0x388 ./component/serial_manager/serial_manager.o
                              0xc1fc3 (size before relaxing)
 .debug_str     0x000ccbdf       0xfc ./component/serial_manager/serial_port_uart.o
                              0xc2071 (size before relaxing)
 .debug_str     0x000cccdb       0x54 ./board/board.o
                              0xc4a99 (size before relaxing)
 .debug_str     0x000ccd2f       0x7c ./board/clock_config.o
                              0xc4c8c (size before relaxing)
 .debug_str     0x000ccdab       0x85 ./board/pin_mux.o
                              0xc2c5c (size before relaxing)
 .debug_str     0x000cce30      0xbf3 C:\Users\Trevor Heyl\Documents\MCUXpressoIDE_11.0.1_2563\workspace\lpcxpresso55s69_hello_world_cm33_core0\libs\libpower_hardabi.a(fsl_power_lib.o)
                               0x392f (size before relaxing)

.comment        0x00000000       0xf4
 .comment       0x00000000       0x75 ./utilities/fsl_debug_console.o
                                 0x76 (size before relaxing)
 .comment       0x00000075       0x76 ./startup/startup_lpc55s69_cm33_core0.o
 .comment       0x00000075       0x76 ./source/hello_world_core0.o
 .comment       0x00000075       0x76 ./mcmgr/mcmgr.o
 .comment       0x00000075       0x76 ./mcmgr/mcmgr_internal_core_api_lpc55s69.o
 .comment       0x00000075       0x76 ./drivers/fsl_clock.o
 .comment       0x00000075       0x76 ./drivers/fsl_flexcomm.o
 .comment       0x00000075       0x76 ./drivers/fsl_gpio.o
 .comment       0x00000075       0x76 ./drivers/fsl_reset.o
 .comment       0x00000075       0x76 ./drivers/fsl_usart.o
 .comment       0x00000075       0x76 ./device/system_LPC55S69_cm33_core0.o
 .comment       0x00000075       0x76 ./component/uart/usart_adapter.o
 .comment       0x00000075       0x76 ./component/serial_manager/serial_manager.o
 .comment       0x00000075       0x76 ./component/serial_manager/serial_port_uart.o
 .comment       0x00000075       0x76 ./board/board.o
 .comment       0x00000075       0x76 ./board/clock_config.o
 .comment       0x00000075       0x76 ./board/pin_mux.o
 .comment       0x00000075       0x75 C:/Users/Trevor Heyl/Documents/MCUXpressoIDE_11.0.1_2563/workspace/lpcxpresso55s69_hello_world_cm33_core1/Debug/lpcxpresso55s69_hello_world_cm33_core1.axf.o
 .comment       0x00000075       0x7f C:\Users\Trevor Heyl\Documents\MCUXpressoIDE_11.0.1_2563\workspace\lpcxpresso55s69_hello_world_cm33_core0\libs\libpower_hardabi.a(fsl_power_lib.o)
                                 0x80 (size before relaxing)
 .comment       0x000000f4       0x76 c:/nxp/mcuxpressoide_11.0.1_2563/ide/plugins/com.nxp.mcuxpresso.tools.win32_11.0.1.201907311258/tools/bin/../lib/gcc/arm-none-eabi/8.2.1/../../../../arm-none-eabi/lib/thumb/v8-m.main+fp/hard\libcr_semihost_nf.a(_cr__main.o)
 .comment       0x000000f4       0x76 c:/nxp/mcuxpressoide_11.0.1_2563/ide/plugins/com.nxp.mcuxpresso.tools.win32_11.0.1.201907311258/tools/bin/../lib/gcc/arm-none-eabi/8.2.1/../../../../arm-none-eabi/lib/thumb/v8-m.main+fp/hard\libcr_semihost_nf.a(_cr_assert.o)
 .comment       0x000000f4       0x76 c:/nxp/mcuxpressoide_11.0.1_2563/ide/plugins/com.nxp.mcuxpresso.tools.win32_11.0.1.201907311258/tools/bin/../lib/gcc/arm-none-eabi/8.2.1/../../../../arm-none-eabi/lib/thumb/v8-m.main+fp/hard\libcr_semihost_nf.a(__ciob.o)
 .comment       0x000000f4       0x76 c:/nxp/mcuxpressoide_11.0.1_2563/ide/plugins/com.nxp.mcuxpresso.tools.win32_11.0.1.201907311258/tools/bin/../lib/gcc/arm-none-eabi/8.2.1/../../../../arm-none-eabi/lib/thumb/v8-m.main+fp/hard\libcr_c.a(memset.o)
 .comment       0x000000f4       0x76 c:/nxp/mcuxpressoide_11.0.1_2563/ide/plugins/com.nxp.mcuxpresso.tools.win32_11.0.1.201907311258/tools/bin/../lib/gcc/arm-none-eabi/8.2.1/../../../../arm-none-eabi/lib/thumb/v8-m.main+fp/hard\libcr_c.a(_deferredlazyseek.o)
 .comment       0x000000f4       0x76 c:/nxp/mcuxpressoide_11.0.1_2563/ide/plugins/com.nxp.mcuxpresso.tools.win32_11.0.1.201907311258/tools/bin/../lib/gcc/arm-none-eabi/8.2.1/../../../../arm-none-eabi/lib/thumb/v8-m.main+fp/hard\libcr_c.a(_fflush.o)
 .comment       0x000000f4       0x76 c:/nxp/mcuxpressoide_11.0.1_2563/ide/plugins/com.nxp.mcuxpresso.tools.win32_11.0.1.201907311258/tools/bin/../lib/gcc/arm-none-eabi/8.2.1/../../../../arm-none-eabi/lib/thumb/v8-m.main+fp/hard\libcr_c.a(_writebuf.o)
 .comment       0x000000f4       0x76 c:/nxp/mcuxpressoide_11.0.1_2563/ide/plugins/com.nxp.mcuxpresso.tools.win32_11.0.1.201907311258/tools/bin/../lib/gcc/arm-none-eabi/8.2.1/../../../../arm-none-eabi/lib/thumb/v8-m.main+fp/hard\libcr_c.a(alloc.o)
 .comment       0x000000f4       0x76 c:/nxp/mcuxpressoide_11.0.1_2563/ide/plugins/com.nxp.mcuxpresso.tools.win32_11.0.1.201907311258/tools/bin/../lib/gcc/arm-none-eabi/8.2.1/../../../../arm-none-eabi/lib/thumb/v8-m.main+fp/hard\libcr_c.a(fputs.o)
 .comment       0x000000f4       0x76 c:/nxp/mcuxpressoide_11.0.1_2563/ide/plugins/com.nxp.mcuxpresso.tools.win32_11.0.1.201907311258/tools/bin/../lib/gcc/arm-none-eabi/8.2.1/../../../../arm-none-eabi/lib/thumb/v8-m.main+fp/hard\libcr_c.a(fseek.o)
 .comment       0x000000f4       0x76 c:/nxp/mcuxpressoide_11.0.1_2563/ide/plugins/com.nxp.mcuxpresso.tools.win32_11.0.1.201907311258/tools/bin/../lib/gcc/arm-none-eabi/8.2.1/../../../../arm-none-eabi/lib/thumb/v8-m.main+fp/hard\libcr_c.a(ftell.o)
 .comment       0x000000f4       0x76 c:/nxp/mcuxpressoide_11.0.1_2563/ide/plugins/com.nxp.mcuxpresso.tools.win32_11.0.1.201907311258/tools/bin/../lib/gcc/arm-none-eabi/8.2.1/../../../../arm-none-eabi/lib/thumb/v8-m.main+fp/hard\libcr_c.a(initio.o)
 .comment       0x000000f4       0x76 c:/nxp/mcuxpressoide_11.0.1_2563/ide/plugins/com.nxp.mcuxpresso.tools.win32_11.0.1.201907311258/tools/bin/../lib/gcc/arm-none-eabi/8.2.1/../../../../arm-none-eabi/lib/thumb/v8-m.main+fp/hard\libcr_c.a(printf.o)
 .comment       0x000000f4       0x76 c:/nxp/mcuxpressoide_11.0.1_2563/ide/plugins/com.nxp.mcuxpresso.tools.win32_11.0.1.201907311258/tools/bin/../lib/gcc/arm-none-eabi/8.2.1/../../../../arm-none-eabi/lib/thumb/v8-m.main+fp/hard\libcr_c.a(setvbuf.o)
 .comment       0x000000f4       0x76 c:/nxp/mcuxpressoide_11.0.1_2563/ide/plugins/com.nxp.mcuxpresso.tools.win32_11.0.1.201907311258/tools/bin/../lib/gcc/arm-none-eabi/8.2.1/../../../../arm-none-eabi/lib/thumb/v8-m.main+fp/hard\libcr_c.a(strlen.o)
 .comment       0x000000f4       0x76 c:/nxp/mcuxpressoide_11.0.1_2563/ide/plugins/com.nxp.mcuxpresso.tools.win32_11.0.1.201907311258/tools/bin/../lib/gcc/arm-none-eabi/8.2.1/../../../../arm-none-eabi/lib/thumb/v8-m.main+fp/hard\libcr_c.a(__init_alloc.o)
 .comment       0x000000f4       0x76 c:/nxp/mcuxpressoide_11.0.1_2563/ide/plugins/com.nxp.mcuxpresso.tools.win32_11.0.1.201907311258/tools/bin/../lib/gcc/arm-none-eabi/8.2.1/../../../../arm-none-eabi/lib/thumb/v8-m.main+fp/hard\libcr_c.a(_cr_sbrk.o)
 .comment       0x000000f4       0x76 c:/nxp/mcuxpressoide_11.0.1_2563/ide/plugins/com.nxp.mcuxpresso.tools.win32_11.0.1.201907311258/tools/bin/../lib/gcc/arm-none-eabi/8.2.1/../../../../arm-none-eabi/lib/thumb/v8-m.main+fp/hard\libcr_c.a(_fdopen.o)
 .comment       0x000000f4       0x76 c:/nxp/mcuxpressoide_11.0.1_2563/ide/plugins/com.nxp.mcuxpresso.tools.win32_11.0.1.201907311258/tools/bin/../lib/gcc/arm-none-eabi/8.2.1/../../../../arm-none-eabi/lib/thumb/v8-m.main+fp/hard\libcr_c.a(errno.o)
 .comment       0x000000f4       0x76 c:/nxp/mcuxpressoide_11.0.1_2563/ide/plugins/com.nxp.mcuxpresso.tools.win32_11.0.1.201907311258/tools/bin/../lib/gcc/arm-none-eabi/8.2.1/../../../../arm-none-eabi/lib/thumb/v8-m.main+fp/hard\libcr_c.a(fclose.o)
 .comment       0x000000f4       0x76 c:/nxp/mcuxpressoide_11.0.1_2563/ide/plugins/com.nxp.mcuxpresso.tools.win32_11.0.1.201907311258/tools/bin/../lib/gcc/arm-none-eabi/8.2.1/../../../../arm-none-eabi/lib/thumb/v8-m.main+fp/hard\libcr_c.a(fflush.o)
 .comment       0x000000f4       0x76 c:/nxp/mcuxpressoide_11.0.1_2563/ide/plugins/com.nxp.mcuxpresso.tools.win32_11.0.1.201907311258/tools/bin/../lib/gcc/arm-none-eabi/8.2.1/../../../../arm-none-eabi/lib/thumb/v8-m.main+fp/hard\libcr_c.a(remove.o)
 .comment       0x000000f4       0x76 c:/nxp/mcuxpressoide_11.0.1_2563/ide/plugins/com.nxp.mcuxpresso.tools.win32_11.0.1.201907311258/tools/bin/../lib/gcc/arm-none-eabi/8.2.1/../../../../arm-none-eabi/lib/thumb/v8-m.main+fp/hard\libcr_c.a(_cr_check_heap.o)
 .comment       0x000000f4       0x76 c:/nxp/mcuxpressoide_11.0.1_2563/ide/plugins/com.nxp.mcuxpresso.tools.win32_11.0.1.201907311258/tools/bin/../lib/gcc/arm-none-eabi/8.2.1/../../../../arm-none-eabi/lib/thumb/v8-m.main+fp/hard\libcr_c.a(_do_fflush.o)
 .comment       0x000000f4       0x76 c:/nxp/mcuxpressoide_11.0.1_2563/ide/plugins/com.nxp.mcuxpresso.tools.win32_11.0.1.201907311258/tools/bin/../lib/gcc/arm-none-eabi/8.2.1/thumb/v8-m.main+fp/hard\libcr_eabihelpers.a(double.o)
 .comment       0x000000f4       0x76 c:/nxp/mcuxpressoide_11.0.1_2563/ide/plugins/com.nxp.mcuxpresso.tools.win32_11.0.1.201907311258/tools/bin/../lib/gcc/arm-none-eabi/8.2.1/thumb/v8-m.main+fp/hard\libcr_eabihelpers.a(float.o)

.ARM.attributes
                0x00000000       0x38
 .ARM.attributes
                0x00000000       0x3a ./utilities/fsl_debug_console.o
 .ARM.attributes
                0x0000003a       0x3a ./startup/startup_lpc55s69_cm33_core0.o
 .ARM.attributes
                0x00000074       0x3a ./source/hello_world_core0.o
 .ARM.attributes
                0x000000ae       0x3a ./mcmgr/mcmgr.o
 .ARM.attributes
                0x000000e8       0x3a ./mcmgr/mcmgr_internal_core_api_lpc55s69.o
 .ARM.attributes
                0x00000122       0x3a ./drivers/fsl_clock.o
 .ARM.attributes
                0x0000015c       0x3a ./drivers/fsl_flexcomm.o
 .ARM.attributes
                0x00000196       0x3a ./drivers/fsl_gpio.o
 .ARM.attributes
                0x000001d0       0x3a ./drivers/fsl_reset.o
 .ARM.attributes
                0x0000020a       0x3a ./drivers/fsl_usart.o
 .ARM.attributes
                0x00000244       0x3a ./device/system_LPC55S69_cm33_core0.o
 .ARM.attributes
                0x0000027e       0x3a ./component/uart/usart_adapter.o
 .ARM.attributes
                0x000002b8       0x3a ./component/serial_manager/serial_manager.o
 .ARM.attributes
                0x000002f2       0x3a ./component/serial_manager/serial_port_uart.o
 .ARM.attributes
                0x0000032c       0x3a ./board/board.o
 .ARM.attributes
                0x00000366       0x3a ./board/clock_config.o
 .ARM.attributes
                0x000003a0       0x3a ./board/pin_mux.o
 .ARM.attributes
                0x000003da       0x3c C:\Users\Trevor Heyl\Documents\MCUXpressoIDE_11.0.1_2563\workspace\lpcxpresso55s69_hello_world_cm33_core0\libs\libpower_hardabi.a(fsl_power_lib.o)
 .ARM.attributes
                0x00000416       0x3a c:/nxp/mcuxpressoide_11.0.1_2563/ide/plugins/com.nxp.mcuxpresso.tools.win32_11.0.1.201907311258/tools/bin/../lib/gcc/arm-none-eabi/8.2.1/../../../../arm-none-eabi/lib/thumb/v8-m.main+fp/hard\libcr_semihost_nf.a(_cr__main.o)
 .ARM.attributes
                0x00000450       0x3a c:/nxp/mcuxpressoide_11.0.1_2563/ide/plugins/com.nxp.mcuxpresso.tools.win32_11.0.1.201907311258/tools/bin/../lib/gcc/arm-none-eabi/8.2.1/../../../../arm-none-eabi/lib/thumb/v8-m.main+fp/hard\libcr_semihost_nf.a(_cr_assert.o)
 .ARM.attributes
                0x0000048a       0x3c c:/nxp/mcuxpressoide_11.0.1_2563/ide/plugins/com.nxp.mcuxpresso.tools.win32_11.0.1.201907311258/tools/bin/../lib/gcc/arm-none-eabi/8.2.1/../../../../arm-none-eabi/lib/thumb/v8-m.main+fp/hard\libcr_semihost_nf.a(__ciob.o)
 .ARM.attributes
                0x000004c6       0x26 c:/nxp/mcuxpressoide_11.0.1_2563/ide/plugins/com.nxp.mcuxpresso.tools.win32_11.0.1.201907311258/tools/bin/../lib/gcc/arm-none-eabi/8.2.1/../../../../arm-none-eabi/lib/thumb/v8-m.main+fp/hard\libcr_semihost_nf.a(__sys_appexit.o)
 .ARM.attributes
                0x000004ec       0x3a c:/nxp/mcuxpressoide_11.0.1_2563/ide/plugins/com.nxp.mcuxpresso.tools.win32_11.0.1.201907311258/tools/bin/../lib/gcc/arm-none-eabi/8.2.1/../../../../arm-none-eabi/lib/thumb/v8-m.main+fp/hard\libcr_c.a(memset.o)
 .ARM.attributes
                0x00000526       0x3a c:/nxp/mcuxpressoide_11.0.1_2563/ide/plugins/com.nxp.mcuxpresso.tools.win32_11.0.1.201907311258/tools/bin/../lib/gcc/arm-none-eabi/8.2.1/../../../../arm-none-eabi/lib/thumb/v8-m.main+fp/hard\libcr_c.a(_deferredlazyseek.o)
 .ARM.attributes
                0x00000560       0x3a c:/nxp/mcuxpressoide_11.0.1_2563/ide/plugins/com.nxp.mcuxpresso.tools.win32_11.0.1.201907311258/tools/bin/../lib/gcc/arm-none-eabi/8.2.1/../../../../arm-none-eabi/lib/thumb/v8-m.main+fp/hard\libcr_c.a(_fflush.o)
 .ARM.attributes
                0x0000059a       0x3a c:/nxp/mcuxpressoide_11.0.1_2563/ide/plugins/com.nxp.mcuxpresso.tools.win32_11.0.1.201907311258/tools/bin/../lib/gcc/arm-none-eabi/8.2.1/../../../../arm-none-eabi/lib/thumb/v8-m.main+fp/hard\libcr_c.a(_writebuf.o)
 .ARM.attributes
                0x000005d4       0x3a c:/nxp/mcuxpressoide_11.0.1_2563/ide/plugins/com.nxp.mcuxpresso.tools.win32_11.0.1.201907311258/tools/bin/../lib/gcc/arm-none-eabi/8.2.1/../../../../arm-none-eabi/lib/thumb/v8-m.main+fp/hard\libcr_c.a(alloc.o)
 .ARM.attributes
                0x0000060e       0x3a c:/nxp/mcuxpressoide_11.0.1_2563/ide/plugins/com.nxp.mcuxpresso.tools.win32_11.0.1.201907311258/tools/bin/../lib/gcc/arm-none-eabi/8.2.1/../../../../arm-none-eabi/lib/thumb/v8-m.main+fp/hard\libcr_c.a(fputs.o)
 .ARM.attributes
                0x00000648       0x3a c:/nxp/mcuxpressoide_11.0.1_2563/ide/plugins/com.nxp.mcuxpresso.tools.win32_11.0.1.201907311258/tools/bin/../lib/gcc/arm-none-eabi/8.2.1/../../../../arm-none-eabi/lib/thumb/v8-m.main+fp/hard\libcr_c.a(fseek.o)
 .ARM.attributes
                0x00000682       0x3a c:/nxp/mcuxpressoide_11.0.1_2563/ide/plugins/com.nxp.mcuxpresso.tools.win32_11.0.1.201907311258/tools/bin/../lib/gcc/arm-none-eabi/8.2.1/../../../../arm-none-eabi/lib/thumb/v8-m.main+fp/hard\libcr_c.a(ftell.o)
 .ARM.attributes
                0x000006bc       0x3a c:/nxp/mcuxpressoide_11.0.1_2563/ide/plugins/com.nxp.mcuxpresso.tools.win32_11.0.1.201907311258/tools/bin/../lib/gcc/arm-none-eabi/8.2.1/../../../../arm-none-eabi/lib/thumb/v8-m.main+fp/hard\libcr_c.a(initio.o)
 .ARM.attributes
                0x000006f6       0x3a c:/nxp/mcuxpressoide_11.0.1_2563/ide/plugins/com.nxp.mcuxpresso.tools.win32_11.0.1.201907311258/tools/bin/../lib/gcc/arm-none-eabi/8.2.1/../../../../arm-none-eabi/lib/thumb/v8-m.main+fp/hard\libcr_c.a(printf.o)
 .ARM.attributes
                0x00000730       0x3a c:/nxp/mcuxpressoide_11.0.1_2563/ide/plugins/com.nxp.mcuxpresso.tools.win32_11.0.1.201907311258/tools/bin/../lib/gcc/arm-none-eabi/8.2.1/../../../../arm-none-eabi/lib/thumb/v8-m.main+fp/hard\libcr_c.a(setvbuf.o)
 .ARM.attributes
                0x0000076a       0x3a c:/nxp/mcuxpressoide_11.0.1_2563/ide/plugins/com.nxp.mcuxpresso.tools.win32_11.0.1.201907311258/tools/bin/../lib/gcc/arm-none-eabi/8.2.1/../../../../arm-none-eabi/lib/thumb/v8-m.main+fp/hard\libcr_c.a(strlen.o)
 .ARM.attributes
                0x000007a4       0x3a c:/nxp/mcuxpressoide_11.0.1_2563/ide/plugins/com.nxp.mcuxpresso.tools.win32_11.0.1.201907311258/tools/bin/../lib/gcc/arm-none-eabi/8.2.1/../../../../arm-none-eabi/lib/thumb/v8-m.main+fp/hard\libcr_c.a(__init_alloc.o)
 .ARM.attributes
                0x000007de       0x3a c:/nxp/mcuxpressoide_11.0.1_2563/ide/plugins/com.nxp.mcuxpresso.tools.win32_11.0.1.201907311258/tools/bin/../lib/gcc/arm-none-eabi/8.2.1/../../../../arm-none-eabi/lib/thumb/v8-m.main+fp/hard\libcr_c.a(_cr_sbrk.o)
 .ARM.attributes
                0x00000818       0x3a c:/nxp/mcuxpressoide_11.0.1_2563/ide/plugins/com.nxp.mcuxpresso.tools.win32_11.0.1.201907311258/tools/bin/../lib/gcc/arm-none-eabi/8.2.1/../../../../arm-none-eabi/lib/thumb/v8-m.main+fp/hard\libcr_c.a(_fdopen.o)
 .ARM.attributes
                0x00000852       0x3c c:/nxp/mcuxpressoide_11.0.1_2563/ide/plugins/com.nxp.mcuxpresso.tools.win32_11.0.1.201907311258/tools/bin/../lib/gcc/arm-none-eabi/8.2.1/../../../../arm-none-eabi/lib/thumb/v8-m.main+fp/hard\libcr_c.a(errno.o)
 .ARM.attributes
                0x0000088e       0x3a c:/nxp/mcuxpressoide_11.0.1_2563/ide/plugins/com.nxp.mcuxpresso.tools.win32_11.0.1.201907311258/tools/bin/../lib/gcc/arm-none-eabi/8.2.1/../../../../arm-none-eabi/lib/thumb/v8-m.main+fp/hard\libcr_c.a(fclose.o)
 .ARM.attributes
                0x000008c8       0x3a c:/nxp/mcuxpressoide_11.0.1_2563/ide/plugins/com.nxp.mcuxpresso.tools.win32_11.0.1.201907311258/tools/bin/../lib/gcc/arm-none-eabi/8.2.1/../../../../arm-none-eabi/lib/thumb/v8-m.main+fp/hard\libcr_c.a(fflush.o)
 .ARM.attributes
                0x00000902       0x3a c:/nxp/mcuxpressoide_11.0.1_2563/ide/plugins/com.nxp.mcuxpresso.tools.win32_11.0.1.201907311258/tools/bin/../lib/gcc/arm-none-eabi/8.2.1/../../../../arm-none-eabi/lib/thumb/v8-m.main+fp/hard\libcr_c.a(remove.o)
 .ARM.attributes
                0x0000093c       0x3a c:/nxp/mcuxpressoide_11.0.1_2563/ide/plugins/com.nxp.mcuxpresso.tools.win32_11.0.1.201907311258/tools/bin/../lib/gcc/arm-none-eabi/8.2.1/../../../../arm-none-eabi/lib/thumb/v8-m.main+fp/hard\libcr_c.a(_cr_check_heap.o)
 .ARM.attributes
                0x00000976       0x3a c:/nxp/mcuxpressoide_11.0.1_2563/ide/plugins/com.nxp.mcuxpresso.tools.win32_11.0.1.201907311258/tools/bin/../lib/gcc/arm-none-eabi/8.2.1/../../../../arm-none-eabi/lib/thumb/v8-m.main+fp/hard\libcr_c.a(_do_fflush.o)
 .ARM.attributes
                0x000009b0       0x3a c:/nxp/mcuxpressoide_11.0.1_2563/ide/plugins/com.nxp.mcuxpresso.tools.win32_11.0.1.201907311258/tools/bin/../lib/gcc/arm-none-eabi/8.2.1/thumb/v8-m.main+fp/hard\libcr_eabihelpers.a(double.o)
 .ARM.attributes
                0x000009ea       0x3a c:/nxp/mcuxpressoide_11.0.1_2563/ide/plugins/com.nxp.mcuxpresso.tools.win32_11.0.1.201907311258/tools/bin/../lib/gcc/arm-none-eabi/8.2.1/thumb/v8-m.main+fp/hard\libcr_eabihelpers.a(float.o)
 .ARM.attributes
                0x00000a24       0x26 c:/nxp/mcuxpressoide_11.0.1_2563/ide/plugins/com.nxp.mcuxpresso.tools.win32_11.0.1.201907311258/tools/bin/../lib/gcc/arm-none-eabi/8.2.1/thumb/v8-m.main+fp/hard\libcr_eabihelpers.a(memcpy.o)
 .ARM.attributes
                0x00000a4a       0x26 c:/nxp/mcuxpressoide_11.0.1_2563/ide/plugins/com.nxp.mcuxpresso.tools.win32_11.0.1.201907311258/tools/bin/../lib/gcc/arm-none-eabi/8.2.1/../../../../arm-none-eabi/lib/thumb/v8-m.main+fp/hard\libcr_semihost_nf.a(__sys_close.o)
 .ARM.attributes
                0x00000a70       0x26 c:/nxp/mcuxpressoide_11.0.1_2563/ide/plugins/com.nxp.mcuxpresso.tools.win32_11.0.1.201907311258/tools/bin/../lib/gcc/arm-none-eabi/8.2.1/../../../../arm-none-eabi/lib/thumb/v8-m.main+fp/hard\libcr_semihost_nf.a(__sys_flen.o)
 .ARM.attributes
                0x00000a96       0x26 c:/nxp/mcuxpressoide_11.0.1_2563/ide/plugins/com.nxp.mcuxpresso.tools.win32_11.0.1.201907311258/tools/bin/../lib/gcc/arm-none-eabi/8.2.1/../../../../arm-none-eabi/lib/thumb/v8-m.main+fp/hard\libcr_semihost_nf.a(__sys_istty.o)
 .ARM.attributes
                0x00000abc       0x26 c:/nxp/mcuxpressoide_11.0.1_2563/ide/plugins/com.nxp.mcuxpresso.tools.win32_11.0.1.201907311258/tools/bin/../lib/gcc/arm-none-eabi/8.2.1/../../../../arm-none-eabi/lib/thumb/v8-m.main+fp/hard\libcr_semihost_nf.a(__sys_remove.o)
 .ARM.attributes
                0x00000ae2       0x26 c:/nxp/mcuxpressoide_11.0.1_2563/ide/plugins/com.nxp.mcuxpresso.tools.win32_11.0.1.201907311258/tools/bin/../lib/gcc/arm-none-eabi/8.2.1/../../../../arm-none-eabi/lib/thumb/v8-m.main+fp/hard\libcr_semihost_nf.a(__sys_seek.o)
 .ARM.attributes
                0x00000b08       0x26 c:/nxp/mcuxpressoide_11.0.1_2563/ide/plugins/com.nxp.mcuxpresso.tools.win32_11.0.1.201907311258/tools/bin/../lib/gcc/arm-none-eabi/8.2.1/../../../../arm-none-eabi/lib/thumb/v8-m.main+fp/hard\libcr_semihost_nf.a(__sys_tmpnam.o)
 .ARM.attributes
                0x00000b2e       0x26 c:/nxp/mcuxpressoide_11.0.1_2563/ide/plugins/com.nxp.mcuxpresso.tools.win32_11.0.1.201907311258/tools/bin/../lib/gcc/arm-none-eabi/8.2.1/../../../../arm-none-eabi/lib/thumb/v8-m.main+fp/hard\libcr_semihost_nf.a(__sys_write.o)

.debug_frame    0x00000000     0x25f4
 .debug_frame   0x00000000      0x104 ./utilities/fsl_debug_console.o
 .debug_frame   0x00000104      0x6a4 ./startup/startup_lpc55s69_cm33_core0.o
 .debug_frame   0x000007a8       0x9c ./source/hello_world_core0.o
 .debug_frame   0x00000844      0x220 ./mcmgr/mcmgr.o
 .debug_frame   0x00000a64      0x314 ./mcmgr/mcmgr_internal_core_api_lpc55s69.o
 .debug_frame   0x00000d78      0x95c ./drivers/fsl_clock.o
 .debug_frame   0x000016d4      0x1ec ./drivers/fsl_flexcomm.o
 .debug_frame   0x000018c0       0x84 ./drivers/fsl_gpio.o
 .debug_frame   0x00001944       0x7c ./drivers/fsl_reset.o
 .debug_frame   0x000019c0      0x3b0 ./drivers/fsl_usart.o
 .debug_frame   0x00001d70      0x218 ./device/system_LPC55S69_cm33_core0.o
 .debug_frame   0x00001f88       0xc8 ./component/uart/usart_adapter.o
 .debug_frame   0x00002050      0x208 ./component/serial_manager/serial_manager.o
 .debug_frame   0x00002258       0xa0 ./component/serial_manager/serial_port_uart.o
 .debug_frame   0x000022f8       0x58 ./board/board.o
 .debug_frame   0x00002350       0xb0 ./board/clock_config.o
 .debug_frame   0x00002400       0xa0 ./board/pin_mux.o
 .debug_frame   0x000024a0      0x154 C:\Users\Trevor Heyl\Documents\MCUXpressoIDE_11.0.1_2563\workspace\lpcxpresso55s69_hello_world_cm33_core0\libs\libpower_hardabi.a(fsl_power_lib.o)

.debug_loc      0x00000000      0x9d1
 .debug_loc     0x00000000      0x9d1 C:\Users\Trevor Heyl\Documents\MCUXpressoIDE_11.0.1_2563\workspace\lpcxpresso55s69_hello_world_cm33_core0\libs\libpower_hardabi.a(fsl_power_lib.o)

Cross Reference Table

Symbol                                            File
ACMP_DriverIRQHandler                             ./startup/startup_lpc55s69_cm33_core0.o
ACMP_IRQHandler                                   ./startup/startup_lpc55s69_cm33_core0.o
ADC0_DriverIRQHandler                             ./startup/startup_lpc55s69_cm33_core0.o
ADC0_IRQHandler                                   ./startup/startup_lpc55s69_cm33_core0.o
BOARD_BootClockFRO12M                             ./board/clock_config.o
BOARD_BootClockFROHF96M                           ./board/clock_config.o
                                                  ./source/hello_world_core0.o
BOARD_BootClockPLL100M                            ./board/clock_config.o
BOARD_InitBootClocks                              ./board/clock_config.o
BOARD_InitBootPins                                ./board/pin_mux.o
BOARD_InitDebugConsole                            ./board/board.o
                                                  ./source/hello_world_core0.o
BOARD_InitDebugConsole_Core1                      ./board/board.o
BOARD_InitPins_Core0                              ./board/pin_mux.o
                                                  ./source/hello_world_core0.o
BusFault_Handler                                  ./mcmgr/mcmgr_internal_core_api_lpc55s69.o
                                                  ./startup/startup_lpc55s69_cm33_core0.o
CASER_DriverIRQHandler                            ./startup/startup_lpc55s69_cm33_core0.o
CASER_IRQHandler                                  ./startup/startup_lpc55s69_cm33_core0.o
CLOCK_AttachClk                                   ./drivers/fsl_clock.o
                                                  C:\Users\Trevor Heyl\Documents\MCUXpressoIDE_11.0.1_2563\workspace\lpcxpresso55s69_hello_world_cm33_core0\libs\libpower_hardabi.a(fsl_power_lib.o)
                                                  ./board/clock_config.o
                                                  ./board/board.o
                                                  ./source/hello_world_core0.o
CLOCK_EnableUsbfs0DeviceClock                     ./drivers/fsl_clock.o
CLOCK_EnableUsbfs0HostClock                       ./drivers/fsl_clock.o
CLOCK_EnableUsbhs0DeviceClock                     ./drivers/fsl_clock.o
CLOCK_EnableUsbhs0HostClock                       ./drivers/fsl_clock.o
CLOCK_EnableUsbhs0PhyPllClock                     ./drivers/fsl_clock.o
CLOCK_GetAdcClkFreq                               ./drivers/fsl_clock.o
CLOCK_GetCTimerClkFreq                            ./drivers/fsl_clock.o
CLOCK_GetClockAttachId                            ./drivers/fsl_clock.o
CLOCK_GetClockOutClkFreq                          ./drivers/fsl_clock.o
CLOCK_GetCoreSysClkFreq                           ./drivers/fsl_clock.o
CLOCK_GetExtClkFreq                               ./drivers/fsl_clock.o
CLOCK_GetFlexCommClkFreq                          ./drivers/fsl_clock.o
CLOCK_GetFlexCommInputClock                       ./drivers/fsl_clock.o
CLOCK_GetFreq                                     ./drivers/fsl_clock.o
CLOCK_GetFro12MFreq                               ./drivers/fsl_clock.o
CLOCK_GetFro1MFreq                                ./drivers/fsl_clock.o
CLOCK_GetFroHfFreq                                ./drivers/fsl_clock.o
CLOCK_GetHsLspiClkFreq                            ./drivers/fsl_clock.o
CLOCK_GetI2SMClkFreq                              ./drivers/fsl_clock.o
CLOCK_GetMclkClkFreq                              ./drivers/fsl_clock.o
CLOCK_GetOsc32KFreq                               ./drivers/fsl_clock.o
CLOCK_GetPLL0InClockRate                          ./drivers/fsl_clock.o
CLOCK_GetPLL0OutClockRate                         ./drivers/fsl_clock.o
CLOCK_GetPLL0OutFromSetup                         ./drivers/fsl_clock.o
CLOCK_GetPLL1InClockRate                          ./drivers/fsl_clock.o